    -----------------------------------------------------------------------
          Psi4: An Open-Source Ab Initio Electronic Structure Package
                              Psi4 0.3.126 Driver

                          Git: Rev {master} edd45cc 

    J. M. Turney, A. C. Simmonett, R. M. Parrish, E. G. Hohenstein,
    F. A. Evangelista, J. T. Fermann, B. J. Mintz, L. A. Burns, J. J. Wilke,
    M. L. Abrams, N. J. Russ, M. L. Leininger, C. L. Janssen, E. T. Seidl,
    W. D. Allen, H. F. Schaefer, R. A. King, E. F. Valeev, C. D. Sherrill,
    and T. D. Crawford, WIREs Comput. Mol. Sci. 2, 556-565 (2012)
    (doi: 10.1002/wcms.93)

                         Additional Contributions by
    A. E. DePrince, M. Saitow, U. Bozkaya, A. Yu. Sokolov
    -----------------------------------------------------------------------


    Psi4 started on: Fri Sep 11 12:35:32 2015

    Process ID:  65580
    PSI4DATADIR: /Users/wderri2/Source/psi4/lib
    Memory level set to 256.000 MB

  ==> Input File <==

--------------------------------------------------------------------------
#! OCDFT CPH algorithm test, B3LYP computation on ethene

import cdft
refdft                = -78.53136946411685#TEST
refocdft_singlet_spin = -78.261631126 #TEST
refocdft_triplet_spin = -78.363363976 #TEST

molecule {
0 1
H   0.000000   0.923274   1.238289
H   0.000000  -0.923274   1.238289
H   0.000000   0.923274  -1.238289
H   0.000000  -0.923274  -1.238289
C   0.000000   0.000000   0.668188
C   0.000000   0.000000  -0.668188
}

set {
  basis def2-svp
  df_basis_scf def2-svp-jkfit
  guess sad
  scf_type df
  dft_spherical_points 302
  dft_radial_points 75
  reference uks
  maxiter 200
  e_convergence 11 
  d_convergence 6
}

set cdft {
  roots_per_irrep [0,0,0,0,0,1,0,0]
  cdft_exc_method ch
}

set dft_functional B3LYP

energy('ocdft')

compare_values(refdft, get_variable("DFT ENERGY"),8, "DFT energy") #TEST
compare_values(refocdft_singlet_spin, get_variable("OCDFT SINGLET ENERGY"),8, "OCDFT singlet energy") #TEST
compare_values(refocdft_triplet_spin, get_variable("OCDFT TRIPLET ENERGY"),8, "OCDFT triplet energy") #TEST
--------------------------------------------------------------------------
/Users/wderri2/Source/cdft/cdft.so loaded.
Reading options from the CDFT block
Calling plugin cdft.so.

  ==> Orthogonality Constrained DFT <==

         ---------------------------------------------------------
                                   SCF
            by Justin Turney, Rob Parrish, and Andy Simmonett
                              UKS Reference
                        1 Threads,    256 MiB Core
         ---------------------------------------------------------

  ==> Geometry <==

    Molecular point group: d2h
    Full point group: D2h

    Geometry (in Angstrom), charge = 0, multiplicity = 1:

       Center              X                  Y                   Z               Mass       
    ------------   -----------------  -----------------  -----------------  -----------------
           H         -0.000000000000     0.923274000000     1.238289000000     1.007825032070
           H          0.000000000000    -0.923274000000     1.238289000000     1.007825032070
           H         -0.000000000000     0.923274000000    -1.238289000000     1.007825032070
           H          0.000000000000    -0.923274000000    -1.238289000000     1.007825032070
           C          0.000000000000     0.000000000000     0.668188000000    12.000000000000
           C          0.000000000000     0.000000000000    -0.668188000000    12.000000000000

  Running in d2h symmetry.

  Rotational constants: A =      4.90558  B =      0.99768  C =      0.82907 [cm^-1]
  Rotational constants: A = 147065.51639  B =  29909.67957  C =  24854.79644 [MHz]
  Nuclear repulsion =   33.298097662285691

  Charge       = 0
  Multiplicity = 1
  Electrons    = 16
  Nalpha       = 8
  Nbeta        = 8

  ==> Algorithm <==

  SCF Algorithm Type is DF.
  DIIS enabled.
  MOM disabled.
  Fractional occupation disabled.
  Guess Type is SAD.
  Energy threshold   = 1.00e-11
  Density threshold  = 1.00e-06
  Integral threshold = 1.00e-12

  ==> Primary Basis <==

  Basis Set: DEF2-SVP
    Number of shells: 24
    Number of basis function: 48
    Number of Cartesian functions: 50
    Spherical Harmonics?: true
    Max angular momentum: 2

  ==> DFT Potential <==

   => B3LYP Composite Functional <= 

    B3LYP Hybrid-GGA Exchange-Correlation Functional

    P.J. Stephens et. al., J. Phys. Chem., 98, 11623-11627, 1994

    Points   =           5000
    Deriv    =              1
    GGA      =           TRUE
    Meta     =          FALSE

    X_LRC        =          FALSE
    X_Hybrid     =           TRUE
    X_Alpha      =   2.000000E-01
    X_Omega      =   0.000000E+00
    C_LRC        =          FALSE
    C_Hybrid     =          FALSE
    C_Alpha      =   0.000000E+00
    C_Omega      =   0.000000E+00

   => Exchange Functionals <=

    0.8000    B3_X
    0.2000      HF 

   => Correlation Functionals <=

    0.1900 VWN3RPA_C
    0.8100   LYP_C

   => Molecular Quadrature <=

    Radial Scheme    =       TREUTLER
    Pruning Scheme   =           FLAT
    Nuclear Scheme   =       TREUTLER

    BS radius alpha  =              1
    Pruning alpha    =              1
    Radial Points    =             75
    Spherical Points =            302
    Total Points     =         133224
    Total Blocks     =            124
    Max Points       =           4721
    Max Functions    =             48


  ==> Unrestricted Orthogonality Constrained DFT (OCDFT) <==

  ==> Pre-Iterations <==

   -------------------------------------------------------
    Irrep   Nso     Nmo     Nalpha   Nbeta   Ndocc  Nsocc
   -------------------------------------------------------
     Ag        11      11       0       0       0       0
     B1g        2       2       0       0       0       0
     B2g        4       4       0       0       0       0
     B3g        7       7       0       0       0       0
     Au         2       2       0       0       0       0
     B1u       11      11       0       0       0       0
     B2u        7       7       0       0       0       0
     B3u        4       4       0       0       0       0
   -------------------------------------------------------
    Total      48      48       8       8       8       0
   -------------------------------------------------------

 OEINTS: Overlap, kinetic, potential, dipole, and quadrupole integrals
         stored in file 35.

  ==> Integral Setup <==

  ==> DFJK: Density-Fitted J/K Matrices <==

    J tasked:                  Yes
    K tasked:                  Yes
    wK tasked:                  No
    OpenMP threads:              1
    Integrals threads:           1
    Memory (MB):               183
    Algorithm:                Core
    Integral Cache:           NONE
    Schwarz Cutoff:          1E-12
    Fitting Condition:       1E-12

   => Auxiliary Basis Set <=

  Basis Set: DEF2-SVP-JKFIT
    Number of shells: 74
    Number of basis function: 222
    Number of Cartesian functions: 258
    Spherical Harmonics?: true
    Max angular momentum: 4

  Minimum eigenvalue in the overlap matrix is 4.0241768173E-03.
  Using Symmetric Orthogonalization.
  SCF Guess: Superposition of Atomic Densities via on-the-fly atomic UHF.

  ==> Iterations <==

                           Total Energy        Delta E     RMS |[F,P]|

   @DF-UKS iter   0:   -78.36324577993742   -7.83632e+01   6.30160e-02 
   @DF-UKS iter   1:   -78.42423173472322   -6.09860e-02   3.05369e-02 
   @DF-UKS iter   2:   -78.41234559622833    1.18861e-02   1.65533e-02 DIIS
   @DF-UKS iter   3:   -78.53135087162912   -1.19005e-01   3.25551e-04 DIIS
   @DF-UKS iter   4:   -78.53136895137091   -1.80797e-05   5.17592e-05 DIIS
   @DF-UKS iter   5:   -78.53136944890626   -4.97535e-07   6.25281e-06 DIIS
   @DF-UKS iter   6:   -78.53136946406025   -1.51540e-08   4.88563e-07 DIIS
   @DF-UKS iter   7:   -78.53136946411666   -5.64171e-11   4.35400e-08 DIIS
   @DF-UKS iter   8:   -78.53136946411682   -1.56319e-13   1.94517e-09 DIIS

  ==> Post-Iterations <==

   @Spin Contamination Metric:  -1.776356839E-15
   @S^2 Expected:                0.000000000E+00
   @S^2 Observed:               -1.776356839E-15
   @S   Expected:                0.000000000E+00
   @S   Observed:                0.000000000E+00

    Orbital Energies (a.u.)
    -----------------------

    Alpha Occupied:                                                       

       1Ag   -10.189145     1B1u  -10.188474     2Ag    -0.751707  
       2B1u   -0.575188     1B2u   -0.468594     3Ag    -0.421786  
       1B3g   -0.357303     1B3u   -0.275257  

    Alpha Virtual:                                                        

       1B2g    0.004647     4Ag     0.084172     2B2u    0.104552  
       3B1u    0.115818     2B3g    0.185443     4B1u    0.323598  
       5Ag     0.397141     3B2u    0.431763     6Ag     0.441222  
       2B3u    0.488672     5B1u    0.548487     2B2g    0.573880  
       7Ag     0.650633     6B1u    0.672655     4B2u    0.678817  
       3B3g    0.689989     7B1u    0.806619     4B3g    1.041167  
       1B1g    1.175500     1Au     1.236001     3B3u    1.268540  
       5B3g    1.580948     5B2u    1.628433     8Ag     1.631884  
       3B2g    1.700911     8B1u    1.744614     6B2u    1.768178  
       9Ag     1.815646     4B3u    1.919735     2B1g    2.072296  
       9B1u    2.160075     6B3g    2.235055    10Ag     2.381545  
       2Au     2.386615     4B2g    2.475783    11Ag     2.697744  
       7B2u    2.787886    10B1u    2.817137    11B1u    3.063449  
       7B3g    3.326682  

    Beta Occupied:                                                        

       1Ag   -10.189145     1B1u  -10.188474     2Ag    -0.751707  
       2B1u   -0.575188     1B2u   -0.468594     3Ag    -0.421786  
       1B3g   -0.357303     1B3u   -0.275257  

    Beta Virtual:                                                         

       1B2g    0.004647     4Ag     0.084172     2B2u    0.104552  
       3B1u    0.115818     2B3g    0.185443     4B1u    0.323598  
       5Ag     0.397141     3B2u    0.431763     6Ag     0.441222  
       2B3u    0.488672     5B1u    0.548487     2B2g    0.573880  
       7Ag     0.650633     6B1u    0.672655     4B2u    0.678817  
       3B3g    0.689989     7B1u    0.806619     4B3g    1.041167  
       1B1g    1.175500     1Au     1.236001     3B3u    1.268540  
       5B3g    1.580948     5B2u    1.628433     8Ag     1.631884  
       3B2g    1.700911     8B1u    1.744614     6B2u    1.768178  
       9Ag     1.815646     4B3u    1.919735     2B1g    2.072296  
       9B1u    2.160075     6B3g    2.235055    10Ag     2.381545  
       2Au     2.386615     4B2g    2.475783    11Ag     2.697744  
       7B2u    2.787886    10B1u    2.817137    11B1u    3.063449  
       7B3g    3.326682  

    Final Occupation by Irrep:
             Ag   B1g   B2g   B3g    Au   B1u   B2u   B3u 
    DOCC [     3,    0,    0,    1,    0,    2,    1,    1 ]
    SOCC [     0,    0,    0,    0,    0,    0,    0,    0 ]

  Energy converged.

  @DF-UKS Final Energy:   -78.53136946411682

   => Energetics <=

    Nuclear Repulsion Energy =              0.0000000000000000
    One-Electron Energy =                   0.0000000000000000
    Two-Electron Energy =                   0.0000000000000000
    DFT Exchange-Correlation Energy =       0.0000000000000000
    Empirical Dispersion Energy =           0.0000000000000000
    PCM Polarization Energy =               0.0000000000000000
    EFP Energy =                            0.0000000000000000
    Total Energy =                          0.0000000000000000

    Alert: EFP and PCM quantities not currently incorporated into SCF psivars.

Properties will be evaluated at   0.000000,   0.000000,   0.000000 Bohr
  ==> Properties <==


Properties computed using the SCF density matrix

  Nuclear Dipole Moment: (a.u.)
     X:     0.0000      Y:     0.0000      Z:     0.0000

  Electronic Dipole Moment: (a.u.)
     X:     0.0000      Y:     0.0000      Z:     0.0000

  Dipole Moment: (a.u.)
     X:     0.0000      Y:     0.0000      Z:     0.0000     Total:     0.0000

  Dipole Moment: (Debye)
     X:     0.0000      Y:     0.0000      Z:     0.0000     Total:     0.0000


  Saving occupied orbitals to File 180.

  UHF NO Occupations:
  HONO-2 :    1B3g 2.0000000
  HONO-1 :    3 Ag 2.0000000
  HONO-0 :    2B1u 2.0000000
  LUNO+0 :    2B3u 0.0000000
  LUNO+1 :    4 Ag 0.0000000
  LUNO+2 :    3B1u 0.0000000
  LUNO+3 :    2B3g 0.0000000



  ==== Computing 1 state of symmetry 5 ====

         ---------------------------------------------------------
                                   SCF
            by Justin Turney, Rob Parrish, and Andy Simmonett
                              UKS Reference
                        1 Threads,    256 MiB Core
         ---------------------------------------------------------

  ==> Geometry <==

    Molecular point group: d2h
    Full point group: D2h

    Geometry (in Angstrom), charge = 0, multiplicity = 1:

       Center              X                  Y                   Z               Mass       
    ------------   -----------------  -----------------  -----------------  -----------------
           H         -0.000000000000     0.923274000000     1.238289000000     1.007825032070
           H          0.000000000000    -0.923274000000     1.238289000000     1.007825032070
           H         -0.000000000000     0.923274000000    -1.238289000000     1.007825032070
           H          0.000000000000    -0.923274000000    -1.238289000000     1.007825032070
           C          0.000000000000     0.000000000000     0.668188000000    12.000000000000
           C          0.000000000000     0.000000000000    -0.668188000000    12.000000000000

  Running in d2h symmetry.

  Rotational constants: A =      4.90558  B =      0.99768  C =      0.82907 [cm^-1]
  Rotational constants: A = 147065.51639  B =  29909.67957  C =  24854.79644 [MHz]
  Nuclear repulsion =   33.298097662285691

  Charge       = 0
  Multiplicity = 1
  Electrons    = 16
  Nalpha       = 8
  Nbeta        = 8

  ==> Algorithm <==

  SCF Algorithm Type is DF.
  DIIS enabled.
  MOM disabled.
  Fractional occupation disabled.
  Guess Type is SAD.
  Energy threshold   = 1.00e-11
  Density threshold  = 1.00e-06
  Integral threshold = 1.00e-12

  ==> Primary Basis <==

  Basis Set: DEF2-SVP
    Number of shells: 24
    Number of basis function: 48
    Number of Cartesian functions: 50
    Spherical Harmonics?: true
    Max angular momentum: 2

  ==> DFT Potential <==

   => B3LYP Composite Functional <= 

    B3LYP Hybrid-GGA Exchange-Correlation Functional

    P.J. Stephens et. al., J. Phys. Chem., 98, 11623-11627, 1994

    Points   =           5000
    Deriv    =              1
    GGA      =           TRUE
    Meta     =          FALSE

    X_LRC        =          FALSE
    X_Hybrid     =           TRUE
    X_Alpha      =   2.000000E-01
    X_Omega      =   0.000000E+00
    C_LRC        =          FALSE
    C_Hybrid     =          FALSE
    C_Alpha      =   0.000000E+00
    C_Omega      =   0.000000E+00

   => Exchange Functionals <=

    0.8000    B3_X
    0.2000      HF 

   => Correlation Functionals <=

    0.1900 VWN3RPA_C
    0.8100   LYP_C

   => Molecular Quadrature <=

    Radial Scheme    =       TREUTLER
    Pruning Scheme   =           FLAT
    Nuclear Scheme   =       TREUTLER

    BS radius alpha  =              1
    Pruning alpha    =              1
    Radial Points    =             75
    Spherical Points =            302
    Total Points     =         133224
    Total Blocks     =            124
    Max Points       =           4721
    Max Functions    =             48


  ==> Unrestricted Orthogonality Constrained DFT (OCDFT) <==

  Saving the reference orbitals for an excited state computation

  Projecting out only holes.

    Saved number of holes per irrep (n = 8): 0  0  0  0  0  0  0  0  

    Saved number of particles per irrep (n = 8): 0  0  0  0  0  0  0  0  

    Saved number of holes per irrep (n = 8): 0  0  0  0  0  0  0  0  
  ==> Pre-Iterations <==

   -------------------------------------------------------
    Irrep   Nso     Nmo     Nalpha   Nbeta   Ndocc  Nsocc
   -------------------------------------------------------
     Ag        11      11       0       0       0       0
     B1g        2       2       0       0       0       0
     B2g        4       4       0       0       0       0
     B3g        7       7       0       0       0       0
     Au         2       2       0       0       0       0
     B1u       11      11       0       0       0       0
     B2u        7       7       0       0       0       0
     B3u        4       4       0       0       0       0
   -------------------------------------------------------
    Total      48      48       8       8       8       0
   -------------------------------------------------------

 OEINTS: Overlap, kinetic, potential, dipole, and quadrupole integrals
         stored in file 35.

  ==> Integral Setup <==

  ==> DFJK: Density-Fitted J/K Matrices <==

    J tasked:                  Yes
    K tasked:                  Yes
    wK tasked:                  No
    OpenMP threads:              1
    Integrals threads:           1
    Memory (MB):               183
    Algorithm:                Core
    Integral Cache:           NONE
    Schwarz Cutoff:          1E-12
    Fitting Condition:       1E-12

   => Auxiliary Basis Set <=

  Basis Set: DEF2-SVP-JKFIT
    Number of shells: 74
    Number of basis function: 222
    Number of Cartesian functions: 258
    Spherical Harmonics?: true
    Max angular momentum: 4

  Minimum eigenvalue in the overlap matrix is 4.0241768173E-03.
  Using Symmetric Orthogonalization.
  Projecting out 0 previous holes

  Ground state symmetry: Ag
  Excited state symmetry: B1u

  Lowest energy excitations:
  --------------------------------------
    N   Occupied     Virtual     E(eV)  
  --------------------------------------
    1      1B3u  ->    1B2g       7.617
    2      1B3g  ->    2B2u      12.568
    3      3Ag   ->    3B1u      14.629
    4      1B2u  ->    2B3g      17.797
    5      2B1u  ->    4Ag       17.942
    6      3Ag   ->    4B1u      20.283
    7      1B3g  ->    3B2u      21.472
    8      1B3u  ->    2B2g      23.106
    9      2Ag   ->    3B1u      23.607
   10      3Ag   ->    5B1u      26.402
  --------------------------------------

  HOLES:        1B3u (-0.275257)
  PARTICLES:    1B2g (+0.004647)

  ==> Iterations <==

                           Total Energy        Delta E     RMS |[F,P]|

  Projecting out 0 previous holes

  HOLES:        1B3u (-0.239308)
  PARTICLES:    1B2g (-0.075950)

   @DF-UKS iter   1:   -78.30936290563935   -2.68977e+01   5.77551e-03 
  Projecting out 0 previous holes

  HOLES:        1B3u (-0.226165)
  PARTICLES:    1B2g (-0.066421)

   @DF-UKS iter   2:   -78.31054850454706   -1.18560e-03   1.59636e-03 DIIS
  Projecting out 0 previous holes

  HOLES:        1B3u (-0.222731)
  PARTICLES:    1B2g (-0.065262)

   @DF-UKS iter   3:   -78.31238008577554   -1.83158e-03   5.27017e-04 DIIS
  Projecting out 0 previous holes

  HOLES:        1B3u (-0.222699)
  PARTICLES:    1B2g (-0.065194)

   @DF-UKS iter   4:   -78.31249680966977   -1.16724e-04   3.39948e-05 DIIS
  Projecting out 0 previous holes

  HOLES:        1B3u (-0.222642)
  PARTICLES:    1B2g (-0.065186)

   @DF-UKS iter   5:   -78.31249741994718   -6.10277e-07   1.05664e-05 DIIS
  Projecting out 0 previous holes

  HOLES:        1B3u (-0.222647)
  PARTICLES:    1B2g (-0.065189)

   @DF-UKS iter   6:   -78.31249755001360   -1.30066e-07   4.34602e-07 DIIS
  Projecting out 0 previous holes

  HOLES:        1B3u (-0.222648)
  PARTICLES:    1B2g (-0.065189)

   @DF-UKS iter   7:   -78.31249755111246   -1.09885e-09   6.86700e-08 DIIS
  Projecting out 0 previous holes

  HOLES:        1B3u (-0.222648)
  PARTICLES:    1B2g (-0.065190)

   @DF-UKS iter   8:   -78.31249755114958   -3.71188e-11   1.95757e-08 DIIS
  Projecting out 0 previous holes

  HOLES:        1B3u (-0.222648)
  PARTICLES:    1B2g (-0.065190)

   @DF-UKS iter   9:   -78.31249755114983   -2.55795e-13   1.94148e-09 DIIS

  ==> Post-Iterations <==

   @Spin Contamination Metric:   1.000308805E+00
   @S^2 Expected:                0.000000000E+00
   @S^2 Observed:                1.000308805E+00
   @S   Expected:                0.000000000E+00
   @S   Observed:                0.000000000E+00

    Orbital Energies (a.u.)
    -----------------------

    Alpha Occupied:                                                       

       1Ag   -10.196497     1B1u  -10.195975     2Ag    -0.763113  
       2B1u   -0.580356     1B2u   -0.477073     3Ag    -0.431477  
       1B3g   -0.361495     1B2g   -0.065190  

    Alpha Virtual:                                                        

       4Ag     0.081842     2B2u    0.100029     3B1u    0.114654  
       2B3g    0.183714     4B1u    0.320235     5Ag     0.390510  
       3B2u    0.426795     6Ag     0.438180     1B3u    0.481668  
       5B1u    0.537180     2B2g    0.557658     7Ag     0.648987  
       6B1u    0.667073     4B2u    0.669808     3B3g    0.683560  
       7B1u    0.794741     4B3g    1.034715     1B1g    1.169829  
       1Au     1.228960     2B3u    1.260635     5B3g    1.580085  
       5B2u    1.627190     8Ag     1.628171     3B2g    1.696952  
       8B1u    1.739519     6B2u    1.759455     9Ag     1.803510  
       3B3u    1.911993     2B1g    2.063873     9B1u    2.152440  
       6B3g    2.230558    10Ag     2.374226     2Au     2.374626  
       4B2g    2.463471    11Ag     2.691076     7B2u    2.780738  
      10B1u    2.807395    11B1u    3.054668     7B3g    3.317515  
       4B3u  100.000000  

    Beta Occupied:                                                        

       1Ag   -10.195902     1B1u  -10.195238     2Ag    -0.778074  
       2B1u   -0.571875     1B2u   -0.477795     3Ag    -0.433368  
       1B3g   -0.359692     1B3u   -0.297187  

    Beta Virtual:                                                         

       1B2g   -0.000280     4Ag     0.084022     2B2u    0.098657  
       3B1u    0.116149     2B3g    0.183787     4B1u    0.321269  
       5Ag     0.379953     3B2u    0.423585     6Ag     0.441189  
       2B3u    0.474895     5B1u    0.545293     2B2g    0.567857  
       7Ag     0.652096     4B2u    0.668329     6B1u    0.672113  
       3B3g    0.683633     7B1u    0.793502     4B3g    1.037040  
       1B1g    1.171713     1Au     1.235490     3B3u    1.254928  
       5B3g    1.582003     8Ag     1.623405     5B2u    1.627601  
       3B2g    1.699762     8B1u    1.738054     6B2u    1.757328  
       9Ag     1.803675     4B3u    1.913353     2B1g    2.057580  
       9B1u    2.156643     6B3g    2.229737     2Au     2.374017  
      10Ag     2.374284     4B2g    2.464337    11Ag     2.688380  
       7B2u    2.780907    10B1u    2.809650    11B1u    3.052912  
       7B3g    3.317933  

    Final Occupation by Irrep:
             Ag   B1g   B2g   B3g    Au   B1u   B2u   B3u 
    DOCC [     3,    0,    0,    1,    0,    2,    1,    0 ]
    SOCC [     0,    0,    1,    0,    0,    0,    0,    1 ]

  Energy converged.

  @DF-UKS Final Energy:   -78.31249755114983

   => Energetics <=

    Nuclear Repulsion Energy =              0.0000000000000000
    One-Electron Energy =                   0.0000000000000000
    Two-Electron Energy =                   0.0000000000000000
    DFT Exchange-Correlation Energy =       0.0000000000000000
    Empirical Dispersion Energy =           0.0000000000000000
    PCM Polarization Energy =               0.0000000000000000
    EFP Energy =                            0.0000000000000000
    Total Energy =                          0.0000000000000000

    Alert: EFP and PCM quantities not currently incorporated into SCF psivars.

Properties will be evaluated at   0.000000,   0.000000,   0.000000 Bohr
  ==> Properties <==


Properties computed using the SCF density matrix

  Nuclear Dipole Moment: (a.u.)
     X:     0.0000      Y:     0.0000      Z:     0.0000

  Electronic Dipole Moment: (a.u.)
     X:     0.0000      Y:     0.0000      Z:     0.0000

  Dipole Moment: (a.u.)
     X:     0.0000      Y:     0.0000      Z:     0.0000     Total:     0.0000

  Dipole Moment: (Debye)
     X:     0.0000      Y:     0.0000      Z:     0.0000     Total:     0.0000



  Analysis of the hole/particle MOs in terms of the ground state DFT MOs
  Hole:          0B3u =  100.0% 1B3u
  Particle:      0B2g =  100.0% 1B2g


  Computing transition dipole moments
  2 determinants stored
 det U = -1.000000, det V = -1.000000
 det U = -1.000000, det V = -1.000000
  Corresponding orbitals:
  A(alpha):  (7, 0)
  B(alpha):  (2, 0)
  s(alpha):  0.000000e+00
  A(beta):  
  B(beta):  
  s(beta):  
  Stilde = 0.999087


Properties will be evaluated at   0.000000,   0.000000,   0.000000 Bohr
  ==> Transition dipole moment computed with OCDFT <==


Properties computed using the OCDFT TRANSITION density matrix

  Transition Dipole Moment: (a.u.)
     X:     0.0000      Y:     0.0000      Z:    -2.6483     Total:     2.6483

  Transition Dipole Moment: (Debye)
     X:     0.0000      Y:     0.0000      Z:    -6.7313     Total:     6.7313


  Dipole moments from AO integrals: 0.0000 -0.0000 0.0000
  Mulliken Population Analysis of the Transition Dipole Moment:

  ===============================================================
   Initial     Final     mu(x)      mu(y)      mu(z)       |mu|
  ---------------------------------------------------------------
    4  H s    4  H s  -0.000000   0.168129   0.225494   0.281274
    3  H s    3  H s   0.000000  -0.168129   0.225494   0.281274
    2  H s    2  H s  -0.000000   0.168129  -0.225494   0.281274
    1  H s    1  H s   0.000000  -0.168129  -0.225494   0.281274
    4  H p    4  H p  -0.000000   0.148868   0.199660   0.249050
    3  H p    3  H p   0.000000  -0.148868   0.199660   0.249050
    2  H p    2  H p  -0.000000   0.148868  -0.199660   0.249050
    1  H p    1  H p   0.000000  -0.148868  -0.199660   0.249050
    4  H s    3  H s   0.000000  -0.000399   0.104445   0.104445
    3  H s    4  H s  -0.000000   0.000399   0.104445   0.104445
    2  H s    1  H s   0.000000  -0.000399  -0.104445   0.104445
    1  H s    2  H s  -0.000000   0.000399  -0.104445   0.104445
    4  H s    4  H p  -0.000000   0.002557   0.072355   0.072400
    3  H s    3  H p   0.000000  -0.002557   0.072355   0.072400
    2  H s    2  H p  -0.000000   0.002557  -0.072355   0.072400
    1  H s    1  H p   0.000000  -0.002557  -0.072355   0.072400
    4  H s    2  H s   0.000000  -0.042453   0.000206   0.042454
    3  H s    1  H s  -0.000000   0.042453   0.000206   0.042454
    2  H s    4  H s   0.000000  -0.042453  -0.000206   0.042454
    1  H s    3  H s  -0.000000   0.042453  -0.000206   0.042454
    4  H p    4  H s   0.000000  -0.002412   0.034874   0.034957
    3  H p    3  H s  -0.000000   0.002412   0.034874   0.034957
    2  H p    2  H s   0.000000  -0.002412  -0.034874   0.034957
    1  H p    1  H s  -0.000000   0.002412  -0.034874   0.034957
    4  H s    3  H p  -0.000000   0.000064   0.017745   0.017745
    3  H s    4  H p   0.000000  -0.000064   0.017745   0.017745
    2  H s    1  H p  -0.000000   0.000064  -0.017745   0.017745
    1  H s    2  H p   0.000000  -0.000064  -0.017745   0.017745
    4  H s    2  H p  -0.000000   0.013331  -0.006562   0.014858
    3  H s    1  H p   0.000000  -0.013331  -0.006562   0.014858
    2  H s    4  H p  -0.000000   0.013331   0.006562   0.014858
    1  H s    3  H p   0.000000  -0.013331   0.006562   0.014858
    4  H p    3  H s  -0.000000   0.000059   0.010298   0.010299
    3  H p    4  H s   0.000000  -0.000059   0.010298   0.010299
    2  H p    1  H s  -0.000000   0.000059  -0.010298   0.010299
    1  H p    2  H s   0.000000  -0.000059  -0.010298   0.010299
    4  H p    2  H s  -0.000000   0.006630   0.003096   0.007318
    3  H p    1  H s   0.000000  -0.006630   0.003096   0.007318
    2  H p    4  H s  -0.000000   0.006630  -0.003096   0.007318
    1  H p    3  H s   0.000000  -0.006630  -0.003096   0.007318
    4  H s    1  H p   0.000000  -0.002750  -0.001903   0.003344
    3  H s    2  H p  -0.000000   0.002750  -0.001903   0.003344
    2  H s    3  H p   0.000000  -0.002750   0.001903   0.003344
    1  H s    4  H p  -0.000000   0.002750   0.001903   0.003344
    4  H p    3  H p   0.000000   0.000000   0.001541   0.001541
    3  H p    4  H p   0.000000   0.000000   0.001541   0.001541
    2  H p    1  H p   0.000000   0.000000  -0.001541   0.001541
    1  H p    2  H p   0.000000   0.000000  -0.001541   0.001541
    4  H p    1  H s  -0.000000   0.001288   0.000762   0.001497
    3  H p    2  H s   0.000000  -0.001288   0.000762   0.001497
    2  H p    3  H s  -0.000000   0.001288  -0.000762   0.001497
    1  H p    4  H s   0.000000  -0.001288  -0.000762   0.001497
    4  H p    2  H p   0.000000  -0.000387  -0.000000   0.000387
    3  H p    1  H p  -0.000000   0.000387  -0.000000   0.000387
    2  H p    4  H p   0.000000  -0.000387   0.000000   0.000387
    1  H p    3  H p  -0.000000   0.000387   0.000000   0.000387
    4  H s    1  H s  -0.000000   0.000047   0.000063   0.000078
    3  H s    2  H s   0.000000  -0.000047   0.000063   0.000078
    2  H s    3  H s  -0.000000   0.000047  -0.000063   0.000078
    1  H s    4  H s   0.000000  -0.000047  -0.000063   0.000078
  ===============================================================


  ===============================================================

  Excited mixed state   : excitation energy =  0.218872 Eh =   5.9558 eV =   48036.8 cm**-1 

  ==> Spin-adaptation correction using S+ <==
  Most important corresponding occupied/virtual orbitals:

  Pair  Irrep  MO  <phi_b|phi_a>
     0     B3u    0    1.000000
     1      Ag    0    0.012547
     2     B1u    0    0.008673
     3      Ag    1    0.006859
     4     B2u    0    0.004991
     5     B3g    0    0.002049
     6     B1u    1    0.000072
     7      Ag    2    0.000060

  Original occupation numbers:
	NA   [     3,    0,    1,    1,    0,    2,    1,    0 ]
	NB   [     3,    0,    0,    1,    0,    2,    1,    1 ]

  Final occupation numbers:
	NA   [     3,    0,    1,    1,    0,    2,    1,    1 ]
	NB   [     3,    0,    0,    1,    0,    2,    1,    0 ]

  Triplet state energy (S+) 1-B1u        -78.363363976 Eh 

  Singlet state energy (S+) 1-B1u        -78.261631126 Eh 

  Excited triplet state 1-B1u : excitation energy (S+) =  0.168005 Eh =   4.5717 eV =   36872.9 cm**-1 
  Excited singlet state 1-B1u : excitation energy (S+) =  0.269738 Eh =   7.3400 eV =   59200.7 cm**-1 

  Transition Dipole Moment = (0.000000,0.000000,-2.648297)

   @Spin Contamination Metric:   2.000308805E+00
   @S^2 Expected:                0.000000000E+00
   @S^2 Observed:                2.000308805E+00
   @S   Expected:                0.000000000E+00
   @S   Observed:                0.000000000E+00


  Saved number of holes per irrep (n = 8): 0  0  0  0  0  0  0  0  

  Saving occupied orbitals to File 180.

  UHF NO Occupations:
  HONO-2 :    2B1u 1.9999624
  HONO-1 :    3 Ag 1.9999213
  HONO-0 :    1B3u 1.0000000
  LUNO+0 :    1B2g 1.0000000
  LUNO+1 :    4 Ag 0.0000787
  LUNO+2 :    3B1u 0.0000376
  LUNO+3 :    5 Ag 0.0000235


       ==> OCDFT Excited State Information <==

    ----------------------------------------------------
      State       Energy (Eh)    Omega (eV)   Osc. Str.
    ----------------------------------------------------
     @OCDFT-0     -78.5313695      0.0000      0.0000
     @OCDFT-1     -78.3124976      7.3400      1.2612
    ----------------------------------------------------

*** PSI4 exiting successfully. Buy a developer a beer!
