    -----------------------------------------------------------------------
          Psi4: An Open-Source Ab Initio Electronic Structure Package
                              Psi4 0.3.61 Driver

                          Git: Rev {master} 6495684 dirty

    J. M. Turney, A. C. Simmonett, R. M. Parrish, E. G. Hohenstein,
    F. A. Evangelista, J. T. Fermann, B. J. Mintz, L. A. Burns, J. J. Wilke,
    M. L. Abrams, N. J. Russ, M. L. Leininger, C. L. Janssen, E. T. Seidl,
    W. D. Allen, H. F. Schaefer, R. A. King, E. F. Valeev, C. D. Sherrill,
    and T. D. Crawford, WIREs Comput. Mol. Sci. 2, 556-565 (2012)
    (doi: 10.1002/wcms.93)

                         Additional Contributions by
    A. E. DePrince, M. Saitow, U. Bozkaya, A. Yu. Sokolov
    -----------------------------------------------------------------------


    Psi4 started on: Sat Sep  5 14:20:39 2015

    Process ID:  97914
    PSI4DATADIR: /Users/francesco/Source/psi4/lib
    Memory level set to 256.000 MB

  ==> Input File <==

--------------------------------------------------------------------------
#
sys.path.insert(0, './..')
import cdft 

molecule h2o {
1 1
C          2.37059       -1.21851        0.91624
N          1.25941       -1.84561        0.86389
H          2.70138       -0.59950       -0.05828
H          0.17401       -2.15371        1.00621
#N       0.0000  0.0500   0.5800
#N       0.0100  0.0000  -0.5800
}


set {
  basis sto-3g
  df_scf_guess false
  scf_type pk
  reference uhf
  e_convergence 9
  d_convergence 1
  maxiter 100
}


set cdft {
  OCC_FROZEN [2]
  VIR_FROZEN [2]
}

energy('fasnocis')
--------------------------------------------------------------------------
/Users/francesco/Source/cdft/cdft.so loaded.
Reading options from the CDFT block
Calling plugin cdft.so.

  ==> Frozen-active-space NOCI Singles <==

         ---------------------------------------------------------
                                   SCF
            by Justin Turney, Rob Parrish, and Andy Simmonett
                              UHF Reference
                        1 Threads,    256 MiB Core
         ---------------------------------------------------------

  ==> Geometry <==

    Molecular point group: c1
    Full point group: C1

    Geometry (in Angstrom), charge = 1, multiplicity = 1:

       Center              X                  Y                   Z               Mass       
    ------------   -----------------  -----------------  -----------------  -----------------
           C          0.622452528399     0.324782523391     0.057980247504    12.000000000000
           N         -0.488727471601    -0.302317476609     0.005630247504    14.003074004780
           H          0.953242528399     0.943792523391    -0.916539752496     1.007825032070
           H         -1.574127471601    -0.610417476609     0.147950247504     1.007825032070

  Running in c1 symmetry.

  Rotational constants: A =     16.25192  B =      1.11088  C =      1.04976 [cm^-1]
  Rotational constants: A = 487220.20505  B =  33303.19572  C =  31471.07427 [MHz]
  Nuclear repulsion =   26.552028607681898

  Charge       = 1
  Multiplicity = 1
  Electrons    = 14
  Nalpha       = 7
  Nbeta        = 7

  ==> Algorithm <==

  SCF Algorithm Type is PK.
  DIIS enabled.
  MOM disabled.
  Fractional occupation disabled.
  Guess Type is CORE.
  Energy threshold   = 1.00e-09
  Density threshold  = 1.00e-01
  Integral threshold = 1.00e-12

  ==> Primary Basis <==

  Basis Set: STO-3G
    Number of shells: 8
    Number of basis function: 12
    Number of Cartesian functions: 12
    Spherical Harmonics?: true
    Max angular momentum: 1

  ==> Pre-Iterations <==

   -------------------------------------------------------
    Irrep   Nso     Nmo     Nalpha   Nbeta   Ndocc  Nsocc
   -------------------------------------------------------
     A         12      12       0       0       0       0
   -------------------------------------------------------
    Total      12      12       7       7       7       0
   -------------------------------------------------------

 OEINTS: Overlap, kinetic, potential, dipole, and quadrupole integrals
         stored in file 35.

  ==> Integral Setup <==

 MINTS: Wrapper to libmints.
   by Justin Turney

   Calculation information:
      Number of atoms:                   4
      Number of AO shells:               8
      Number of SO shells:               8
      Number of primitives:             24
      Number of atomic orbitals:        12
      Number of basis functions:        12

      Number of irreps:                  1
      Integral cutoff                 1.00e-12
      Number of functions per irrep: [  12 ]

 OEINTS: Overlap, kinetic, potential, dipole, and quadrupole integrals
         stored in file 35.

      Computing two-electron integrals...done
      Computed 2907 non-zero two-electron integrals.
        Stored in file 33.

	Batch   1 pq = [       0,      78] index = [             0,3081]
  ==> DiskJK: Disk-Based J/K Matrices <==

    J tasked:                  Yes
    K tasked:                  Yes
    wK tasked:                  No
    Memory (MB):               183
    Schwarz Cutoff:          1E-12

  Minimum eigenvalue in the overlap matrix is 2.2379141931E-01.
  Using Symmetric Orthogonalization.
  SCF Guess: Core (One-Electron) Hamiltonian.

  ==> Iterations <==

                        Total Energy        Delta E     RMS |[F,P]|

   @UHF iter   1:   -86.81937337511280   -8.68194e+01   8.90162e-02 
   @UHF iter   2:   -84.66174844284296    2.15762e+00   2.23777e-01 DIIS
   @UHF iter   3:   -89.79653254728876   -5.13478e+00   1.31267e-01 DIIS
   @UHF iter   4:   -90.68605611850853   -8.89524e-01   1.07210e-01 DIIS
   @UHF iter   5:   -91.37942033687156   -6.93364e-01   7.50184e-02 DIIS
   @UHF iter   6:   -91.76992281466863   -3.90502e-01   3.86534e-02 DIIS
   @UHF iter   7:   -91.87999407699817   -1.10071e-01   1.26105e-02 DIIS
   @UHF iter   8:   -91.89555681999545   -1.55627e-02   2.03768e-03 DIIS
   @UHF iter   9:   -91.89762617200304   -2.06935e-03   1.91468e-03 DIIS
   @UHF iter  10:   -91.89864634526819   -1.02017e-03   6.21760e-04 DIIS
   @UHF iter  11:   -91.89879593175039   -1.49586e-04   1.09343e-04 DIIS
   @UHF iter  12:   -91.89879956699926   -3.63525e-06   2.33306e-05 DIIS
   @UHF iter  13:   -91.89879974405414   -1.77055e-07   9.67389e-06 DIIS
   @UHF iter  14:   -91.89879978773413   -4.36800e-08   4.33176e-06 DIIS
   @UHF iter  15:   -91.89879979894624   -1.12121e-08   3.04625e-06 DIIS
   @UHF iter  16:   -91.89879980361502   -4.66878e-09   1.43560e-06 DIIS
   @UHF iter  17:   -91.89879980511105   -1.49603e-09   3.65627e-07 DIIS
   @UHF iter  18:   -91.89879980518705   -7.59997e-11   7.89200e-08 DIIS

  ==> Post-Iterations <==

   @Spin Contamination Metric:   4.440892099E-15
   @S^2 Expected:                0.000000000E+00
   @S^2 Observed:                4.440892099E-15
   @S   Expected:                0.000000000E+00
   @S   Observed:                0.000000000E+00

    Orbital Energies (a.u.)
    -----------------------

    Alpha Occupied:                                                       

       1A    -15.822752     2A    -11.517531     3A     -1.503876  
       4A     -1.110478     5A     -0.938687     6A     -0.778798  
       7A     -0.753171  

    Alpha Virtual:                                                        

       8A     -0.186989     9A     -0.088198    10A      0.093489  
      11A      0.268701    12A      0.618172  

    Beta Occupied:                                                        

       1A    -15.822752     2A    -11.517531     3A     -1.503876  
       4A     -1.110478     5A     -0.938687     6A     -0.778798  
       7A     -0.753171  

    Beta Virtual:                                                         

       8A     -0.186989     9A     -0.088198    10A      0.093489  
      11A      0.268701    12A      0.618172  

    Final Occupation by Irrep:
              A 
    DOCC [     7 ]
    SOCC [     0 ]

  Energy converged.

  @UHF Final Energy:   -91.89879980518705

   => Energetics <=

    Nuclear Repulsion Energy =             26.5520286076818977
    One-Electron Energy =                -172.0510700988943142
    Two-Electron Energy =                  53.6002416860253632
    DFT Exchange-Correlation Energy =       0.0000000000000000
    Empirical Dispersion Energy =           0.0000000000000000
    PCM Polarization Energy =               0.0000000000000000
    EFP Energy =                            0.0000000000000000
    Total Energy =                        -91.8987998051870534

    Alert: EFP and PCM quantities not currently incorporated into SCF psivars.

Properties will be evaluated at   0.000000,   0.000000,   0.000000 Bohr
  ==> Properties <==


Properties computed using the SCF density matrix

  Nuclear Dipole Moment: (a.u.)
     X:    -0.5806      Y:     0.3134      Z:    -0.7205

  Electronic Dipole Moment: (a.u.)
     X:     0.1604      Y:    -0.0742      Z:     0.3886

  Dipole Moment: (a.u.)
     X:    -0.4202      Y:     0.2392      Z:    -0.3320     Total:     0.5865

  Dipole Moment: (Debye)
     X:    -1.0680      Y:     0.6081      Z:    -0.8438     Total:     1.4908


  Saving occupied orbitals to File 180.

  UHF NO Occupations:
  HONO-2 :    5  A 2.0000000
  HONO-1 :    6  A 2.0000000
  HONO-0 :    7  A 2.0000000
  LUNO+0 :    8  A 0.0000000
  LUNO+1 :    9  A 0.0000000
  LUNO+2 :   10  A 0.0000000
  LUNO+3 :   11  A -0.0000000


  irrep = 0 mo = 6
  irrep = 0 mo = 5
  irrep = 0 mo = 7
  irrep = 0 mo = 8
  nofrz = 2 nfrz = 4
  ==> State 0 -> 2

         ---------------------------------------------------------
                                   SCF
            by Justin Turney, Rob Parrish, and Andy Simmonett
                              UHF Reference
                        1 Threads,    256 MiB Core
         ---------------------------------------------------------

  ==> Geometry <==

    Molecular point group: c1
    Full point group: C1

    Geometry (in Angstrom), charge = 1, multiplicity = 1:

       Center              X                  Y                   Z               Mass       
    ------------   -----------------  -----------------  -----------------  -----------------
           C          0.622452528399     0.324782523391     0.057980247504    12.000000000000
           N         -0.488727471601    -0.302317476609     0.005630247504    14.003074004780
           H          0.953242528399     0.943792523391    -0.916539752496     1.007825032070
           H         -1.574127471601    -0.610417476609     0.147950247504     1.007825032070

  Running in c1 symmetry.

  Rotational constants: A =     16.25192  B =      1.11088  C =      1.04976 [cm^-1]
  Rotational constants: A = 487220.20505  B =  33303.19572  C =  31471.07427 [MHz]
  Nuclear repulsion =   26.552028607681898

  Charge       = 1
  Multiplicity = 1
  Electrons    = 14
  Nalpha       = 7
  Nbeta        = 7

  ==> Algorithm <==

  SCF Algorithm Type is PK.
  DIIS enabled.
  MOM disabled.
  Fractional occupation disabled.
  Guess Type is CORE.
  Energy threshold   = 1.00e-09
  Density threshold  = 1.00e-01
  Integral threshold = 1.00e-12

  ==> Primary Basis <==

  Basis Set: STO-3G
    Number of shells: 8
    Number of basis function: 12
    Number of Cartesian functions: 12
    Spherical Harmonics?: true
    Max angular momentum: 1


  Alpha frozen occupied MO: 1
  Alpha frozen occupied MO: 2
  Beta  frozen occupied MO: 0
  Beta  frozen occupied MO: 1
  Alpha frozen occupied MO: 0
  Alpha frozen occupied MO: 3
  Beta  frozen occupied MO: 2
  Beta  frozen occupied MO: 3
  Copying orbital 1 (0,5)
  Copying orbital 2 (0,7)
  Copying orbital 0 (0,6)
  Copying orbital 3 (0,8)  Alpha electrons per irrep (n = 1): 7  
  Beta electrons per irrep (n = 1): 7  
  Number of active MOs per irrep (n = 1): 8  
  Number of unoccupied active MOs per irrep (n = 1): 3  
  ==> Pre-Iterations <==

   -------------------------------------------------------
    Irrep   Nso     Nmo     Nalpha   Nbeta   Ndocc  Nsocc
   -------------------------------------------------------
     A         12      12       7       7       0       0
   -------------------------------------------------------
    Total      12      12       7       7       7       0
   -------------------------------------------------------

 OEINTS: Overlap, kinetic, potential, dipole, and quadrupole integrals
         stored in file 35.

  ==> Integral Setup <==

 MINTS: Wrapper to libmints.
   by Justin Turney

   Calculation information:
      Number of atoms:                   4
      Number of AO shells:               8
      Number of SO shells:               8
      Number of primitives:             24
      Number of atomic orbitals:        12
      Number of basis functions:        12

      Number of irreps:                  1
      Integral cutoff                 1.00e-12
      Number of functions per irrep: [  12 ]

 OEINTS: Overlap, kinetic, potential, dipole, and quadrupole integrals
         stored in file 35.

      Computing two-electron integrals...done
      Computed 2907 non-zero two-electron integrals.
        Stored in file 33.

	Batch   1 pq = [       0,      78] index = [             0,3081]
  ==> DiskJK: Disk-Based J/K Matrices <==

    J tasked:                  Yes
    K tasked:                  Yes
    wK tasked:                  No
    Memory (MB):               183
    Schwarz Cutoff:          1E-12

  Minimum eigenvalue in the overlap matrix is 2.2379141931E-01.
  Using Symmetric Orthogonalization.
  SCF Guess: Core (One-Electron) Hamiltonian.

  ==> Iterations <==

                        Total Energy        Delta E     RMS |[F,P]|

   @UHF iter   1:   -88.69798618166362   -8.86980e+01   8.90781e-02 
   @UHF iter   2:   -91.55728063937983   -2.85929e+00   3.23837e-02 
   @UHF iter   3:   -91.65803230485943   -1.00752e-01   8.98103e-03 
   @UHF iter   4:   -91.66347816314391   -5.44586e-03   6.16539e-03 
   @UHF iter   5:   -91.66390957590869   -4.31413e-04   5.81827e-03 
   @UHF iter   6:   -91.66394611853332   -3.65426e-05   5.76712e-03 
   @UHF iter   7:   -91.66394931262684   -3.19409e-06   5.75703e-03 
   @UHF iter   8:   -91.66394959784577   -2.85219e-07   5.75457e-03 
   @UHF iter   9:   -91.66394962373244   -2.58867e-08   5.75390e-03 
   @UHF iter  10:   -91.66394962611204   -2.37961e-09   5.75371e-03 
   @UHF iter  11:   -91.66394962633311   -2.21064e-10   5.75366e-03 

  ==> Post-Iterations <==

   @Spin Contamination Metric:   1.000000000E+00
   @S^2 Expected:                0.000000000E+00
   @S^2 Observed:                1.000000000E+00
   @S   Expected:                0.000000000E+00
   @S   Observed:                0.000000000E+00

    Orbital Energies (a.u.)
    -----------------------

    Alpha Occupied:                                                       

       1A      0.000000     2A      0.000000     3A      0.000000  
       4A      0.000000     5A      0.000000     6A      0.000000  
       7A      0.000000  

    Alpha Virtual:                                                        

       8A      0.000000     9A      0.000000    10A      0.000000  
      11A      0.000000    12A      0.000000  

    Beta Occupied:                                                        

       1A      0.000000     2A      0.000000     3A      0.000000  
       4A      0.000000     5A      0.000000     6A      0.000000  
       7A      0.000000  

    Beta Virtual:                                                         

       8A      0.000000     9A      0.000000    10A      0.000000  
      11A      0.000000    12A      0.000000  

    Final Occupation by Irrep:
              A 
    DOCC [     7 ]
    SOCC [     0 ]

  Energy converged.

  @UHF Final Energy:   -91.66394962633311

   => Energetics <=

    Nuclear Repulsion Energy =             26.5520286076818977
    One-Electron Energy =                -171.6601601586659456
    Two-Electron Energy =                  53.4441819246509553
    DFT Exchange-Correlation Energy =       0.0000000000000000
    Empirical Dispersion Energy =           0.0000000000000000
    PCM Polarization Energy =               0.0000000000000000
    EFP Energy =                            0.0000000000000000
    Total Energy =                        -91.6639496263330784

    Alert: EFP and PCM quantities not currently incorporated into SCF psivars.

Properties will be evaluated at   0.000000,   0.000000,   0.000000 Bohr
  ==> Properties <==


Properties computed using the SCF density matrix

  Nuclear Dipole Moment: (a.u.)
     X:    -0.5806      Y:     0.3134      Z:    -0.7205

  Electronic Dipole Moment: (a.u.)
     X:     0.1604      Y:    -0.0742      Z:     0.3886

  Dipole Moment: (a.u.)
     X:    -0.4202      Y:     0.2392      Z:    -0.3320     Total:     0.5865

  Dipole Moment: (Debye)
     X:    -1.0680      Y:     0.6081      Z:    -0.8438     Total:     1.4908


  Saving occupied orbitals to File 180.

  UHF NO Occupations:
  HONO-2 :    5  A 2.0000000
  HONO-1 :    6  A 2.0000000
  HONO-0 :    7  A 1.0000000
  LUNO+0 :    8  A 1.0000000
  LUNO+1 :    9  A 0.0000000
  LUNO+2 :   10  A 0.0000000
  LUNO+3 :   11  A 0.0000000


  ==> State 0 -> 3

         ---------------------------------------------------------
                                   SCF
            by Justin Turney, Rob Parrish, and Andy Simmonett
                              UHF Reference
                        1 Threads,    256 MiB Core
         ---------------------------------------------------------

  ==> Geometry <==

    Molecular point group: c1
    Full point group: C1

    Geometry (in Angstrom), charge = 1, multiplicity = 1:

       Center              X                  Y                   Z               Mass       
    ------------   -----------------  -----------------  -----------------  -----------------
           C          0.622452528399     0.324782523391     0.057980247504    12.000000000000
           N         -0.488727471601    -0.302317476609     0.005630247504    14.003074004780
           H          0.953242528399     0.943792523391    -0.916539752496     1.007825032070
           H         -1.574127471601    -0.610417476609     0.147950247504     1.007825032070

  Running in c1 symmetry.

  Rotational constants: A =     16.25192  B =      1.11088  C =      1.04976 [cm^-1]
  Rotational constants: A = 487220.20505  B =  33303.19572  C =  31471.07427 [MHz]
  Nuclear repulsion =   26.552028607681898

  Charge       = 1
  Multiplicity = 1
  Electrons    = 14
  Nalpha       = 7
  Nbeta        = 7

  ==> Algorithm <==

  SCF Algorithm Type is PK.
  DIIS enabled.
  MOM disabled.
  Fractional occupation disabled.
  Guess Type is CORE.
  Energy threshold   = 1.00e-09
  Density threshold  = 1.00e-01
  Integral threshold = 1.00e-12

  ==> Primary Basis <==

  Basis Set: STO-3G
    Number of shells: 8
    Number of basis function: 12
    Number of Cartesian functions: 12
    Spherical Harmonics?: true
    Max angular momentum: 1


  Alpha frozen occupied MO: 1
  Alpha frozen occupied MO: 3
  Beta  frozen occupied MO: 0
  Beta  frozen occupied MO: 1
  Alpha frozen occupied MO: 0
  Alpha frozen occupied MO: 2
  Beta  frozen occupied MO: 2
  Beta  frozen occupied MO: 3
  Copying orbital 1 (0,5)
  Copying orbital 3 (0,8)
  Copying orbital 0 (0,6)
  Copying orbital 2 (0,7)  Alpha electrons per irrep (n = 1): 7  
  Beta electrons per irrep (n = 1): 7  
  Number of active MOs per irrep (n = 1): 8  
  Number of unoccupied active MOs per irrep (n = 1): 3  
  ==> Pre-Iterations <==

   -------------------------------------------------------
    Irrep   Nso     Nmo     Nalpha   Nbeta   Ndocc  Nsocc
   -------------------------------------------------------
     A         12      12       7       7       0       0
   -------------------------------------------------------
    Total      12      12       7       7       7       0
   -------------------------------------------------------

 OEINTS: Overlap, kinetic, potential, dipole, and quadrupole integrals
         stored in file 35.

  ==> Integral Setup <==

 MINTS: Wrapper to libmints.
   by Justin Turney

   Calculation information:
      Number of atoms:                   4
      Number of AO shells:               8
      Number of SO shells:               8
      Number of primitives:             24
      Number of atomic orbitals:        12
      Number of basis functions:        12

      Number of irreps:                  1
      Integral cutoff                 1.00e-12
      Number of functions per irrep: [  12 ]

 OEINTS: Overlap, kinetic, potential, dipole, and quadrupole integrals
         stored in file 35.

      Computing two-electron integrals...done
      Computed 2907 non-zero two-electron integrals.
        Stored in file 33.

	Batch   1 pq = [       0,      78] index = [             0,3081]
  ==> DiskJK: Disk-Based J/K Matrices <==

    J tasked:                  Yes
    K tasked:                  Yes
    wK tasked:                  No
    Memory (MB):               183
    Schwarz Cutoff:          1E-12

  Minimum eigenvalue in the overlap matrix is 2.2379141931E-01.
  Using Symmetric Orthogonalization.
  SCF Guess: Core (One-Electron) Hamiltonian.

  ==> Iterations <==

                        Total Energy        Delta E     RMS |[F,P]|

   @UHF iter   1:   -88.74343320990209   -8.87434e+01   7.89950e-02 
   @UHF iter   2:   -91.58693903228195   -2.84351e+00   3.16417e-02 
   @UHF iter   3:   -91.68252335519023   -9.55843e-02   1.00038e-02 
   @UHF iter   4:   -91.68772965035927   -5.20630e-03   7.72602e-03 
   @UHF iter   5:   -91.68813510743226   -4.05457e-04   7.51120e-03 
   @UHF iter   6:   -91.68816898107218   -3.38736e-05   7.48762e-03 
   @UHF iter   7:   -91.68817190172524   -2.92065e-06   7.48386e-03 
   @UHF iter   8:   -91.68817215893048   -2.57205e-07   7.48299e-03 
   @UHF iter   9:   -91.68817218195389   -2.30234e-08   7.48274e-03 
   @UHF iter  10:   -91.68817218404206   -2.08817e-09   7.48267e-03 
   @UHF iter  11:   -91.68817218423345   -1.91392e-10   7.48265e-03 

  ==> Post-Iterations <==

   @Spin Contamination Metric:   1.000000000E+00
   @S^2 Expected:                0.000000000E+00
   @S^2 Observed:                1.000000000E+00
   @S   Expected:                0.000000000E+00
   @S   Observed:                0.000000000E+00

    Orbital Energies (a.u.)
    -----------------------

    Alpha Occupied:                                                       

       1A      0.000000     2A      0.000000     3A      0.000000  
       4A      0.000000     5A      0.000000     6A      0.000000  
       7A      0.000000  

    Alpha Virtual:                                                        

       8A      0.000000     9A      0.000000    10A      0.000000  
      11A      0.000000    12A      0.000000  

    Beta Occupied:                                                        

       1A      0.000000     2A      0.000000     3A      0.000000  
       4A      0.000000     5A      0.000000     6A      0.000000  
       7A      0.000000  

    Beta Virtual:                                                         

       8A      0.000000     9A      0.000000    10A      0.000000  
      11A      0.000000    12A      0.000000  

    Final Occupation by Irrep:
              A 
    DOCC [     7 ]
    SOCC [     0 ]

  Energy converged.

  @UHF Final Energy:   -91.68817218423345

   => Energetics <=

    Nuclear Repulsion Energy =             26.5520286076818977
    One-Electron Energy =                -171.7869507900409758
    Two-Electron Energy =                  53.5467499981256054
    DFT Exchange-Correlation Energy =       0.0000000000000000
    Empirical Dispersion Energy =           0.0000000000000000
    PCM Polarization Energy =               0.0000000000000000
    EFP Energy =                            0.0000000000000000
    Total Energy =                        -91.6881721842334656

    Alert: EFP and PCM quantities not currently incorporated into SCF psivars.

Properties will be evaluated at   0.000000,   0.000000,   0.000000 Bohr
  ==> Properties <==


Properties computed using the SCF density matrix

  Nuclear Dipole Moment: (a.u.)
     X:    -0.5806      Y:     0.3134      Z:    -0.7205

  Electronic Dipole Moment: (a.u.)
     X:     0.1604      Y:    -0.0742      Z:     0.3886

  Dipole Moment: (a.u.)
     X:    -0.4202      Y:     0.2392      Z:    -0.3320     Total:     0.5865

  Dipole Moment: (Debye)
     X:    -1.0680      Y:     0.6081      Z:    -0.8438     Total:     1.4908


  Saving occupied orbitals to File 180.

  UHF NO Occupations:
  HONO-2 :    5  A 2.0000000
  HONO-1 :    6  A 2.0000000
  HONO-0 :    7  A 1.0000000
  LUNO+0 :    8  A 1.0000000
  LUNO+1 :    9  A 0.0000000
  LUNO+2 :   10  A 0.0000000
  LUNO+3 :   11  A 0.0000000


  ==> State 1 -> 2

         ---------------------------------------------------------
                                   SCF
            by Justin Turney, Rob Parrish, and Andy Simmonett
                              UHF Reference
                        1 Threads,    256 MiB Core
         ---------------------------------------------------------

  ==> Geometry <==

    Molecular point group: c1
    Full point group: C1

    Geometry (in Angstrom), charge = 1, multiplicity = 1:

       Center              X                  Y                   Z               Mass       
    ------------   -----------------  -----------------  -----------------  -----------------
           C          0.622452528399     0.324782523391     0.057980247504    12.000000000000
           N         -0.488727471601    -0.302317476609     0.005630247504    14.003074004780
           H          0.953242528399     0.943792523391    -0.916539752496     1.007825032070
           H         -1.574127471601    -0.610417476609     0.147950247504     1.007825032070

  Running in c1 symmetry.

  Rotational constants: A =     16.25192  B =      1.11088  C =      1.04976 [cm^-1]
  Rotational constants: A = 487220.20505  B =  33303.19572  C =  31471.07427 [MHz]
  Nuclear repulsion =   26.552028607681898

  Charge       = 1
  Multiplicity = 1
  Electrons    = 14
  Nalpha       = 7
  Nbeta        = 7

  ==> Algorithm <==

  SCF Algorithm Type is PK.
  DIIS enabled.
  MOM disabled.
  Fractional occupation disabled.
  Guess Type is CORE.
  Energy threshold   = 1.00e-09
  Density threshold  = 1.00e-01
  Integral threshold = 1.00e-12

  ==> Primary Basis <==

  Basis Set: STO-3G
    Number of shells: 8
    Number of basis function: 12
    Number of Cartesian functions: 12
    Spherical Harmonics?: true
    Max angular momentum: 1


  Alpha frozen occupied MO: 0
  Alpha frozen occupied MO: 2
  Beta  frozen occupied MO: 0
  Beta  frozen occupied MO: 1
  Alpha frozen occupied MO: 1
  Alpha frozen occupied MO: 3
  Beta  frozen occupied MO: 2
  Beta  frozen occupied MO: 3
  Copying orbital 0 (0,6)
  Copying orbital 2 (0,7)
  Copying orbital 1 (0,5)
  Copying orbital 3 (0,8)  Alpha electrons per irrep (n = 1): 7  
  Beta electrons per irrep (n = 1): 7  
  Number of active MOs per irrep (n = 1): 8  
  Number of unoccupied active MOs per irrep (n = 1): 3  
  ==> Pre-Iterations <==

   -------------------------------------------------------
    Irrep   Nso     Nmo     Nalpha   Nbeta   Ndocc  Nsocc
   -------------------------------------------------------
     A         12      12       7       7       0       0
   -------------------------------------------------------
    Total      12      12       7       7       7       0
   -------------------------------------------------------

 OEINTS: Overlap, kinetic, potential, dipole, and quadrupole integrals
         stored in file 35.

  ==> Integral Setup <==

 MINTS: Wrapper to libmints.
   by Justin Turney

   Calculation information:
      Number of atoms:                   4
      Number of AO shells:               8
      Number of SO shells:               8
      Number of primitives:             24
      Number of atomic orbitals:        12
      Number of basis functions:        12

      Number of irreps:                  1
      Integral cutoff                 1.00e-12
      Number of functions per irrep: [  12 ]

 OEINTS: Overlap, kinetic, potential, dipole, and quadrupole integrals
         stored in file 35.

      Computing two-electron integrals...done
      Computed 2907 non-zero two-electron integrals.
        Stored in file 33.

	Batch   1 pq = [       0,      78] index = [             0,3081]
  ==> DiskJK: Disk-Based J/K Matrices <==

    J tasked:                  Yes
    K tasked:                  Yes
    wK tasked:                  No
    Memory (MB):               183
    Schwarz Cutoff:          1E-12

  Minimum eigenvalue in the overlap matrix is 2.2379141931E-01.
  Using Symmetric Orthogonalization.
  SCF Guess: Core (One-Electron) Hamiltonian.

  ==> Iterations <==

                        Total Energy        Delta E     RMS |[F,P]|

   @UHF iter   1:   -88.91485340766636   -8.89149e+01   7.96525e-02 
   @UHF iter   2:   -91.65827915366017   -2.74343e+00   3.28125e-02 
   @UHF iter   3:   -91.75173396222056   -9.34548e-02   1.26512e-02 
   @UHF iter   4:   -91.75687353968982   -5.13958e-03   1.08031e-02 
   @UHF iter   5:   -91.75727454038878   -4.01001e-04   1.06091e-02 
   @UHF iter   6:   -91.75730800811738   -3.34677e-05   1.05790e-02 
   @UHF iter   7:   -91.75731088981220   -2.88169e-06   1.05720e-02 
   @UHF iter   8:   -91.75731114327547   -2.53463e-07   1.05700e-02 
   @UHF iter   9:   -91.75731116594579   -2.26703e-08   1.05694e-02 
   @UHF iter  10:   -91.75731116800162   -2.05583e-09   1.05692e-02 
   @UHF iter  11:   -91.75731116819026   -1.88635e-10   1.05692e-02 

  ==> Post-Iterations <==

   @Spin Contamination Metric:   1.000000000E+00
   @S^2 Expected:                0.000000000E+00
   @S^2 Observed:                1.000000000E+00
   @S   Expected:                0.000000000E+00
   @S   Observed:                0.000000000E+00

    Orbital Energies (a.u.)
    -----------------------

    Alpha Occupied:                                                       

       1A      0.000000     2A      0.000000     3A      0.000000  
       4A      0.000000     5A      0.000000     6A      0.000000  
       7A      0.000000  

    Alpha Virtual:                                                        

       8A      0.000000     9A      0.000000    10A      0.000000  
      11A      0.000000    12A      0.000000  

    Beta Occupied:                                                        

       1A      0.000000     2A      0.000000     3A      0.000000  
       4A      0.000000     5A      0.000000     6A      0.000000  
       7A      0.000000  

    Beta Virtual:                                                         

       8A      0.000000     9A      0.000000    10A      0.000000  
      11A      0.000000    12A      0.000000  

    Final Occupation by Irrep:
              A 
    DOCC [     7 ]
    SOCC [     0 ]

  Energy converged.

  @UHF Final Energy:   -91.75731116819026

   => Energetics <=

    Nuclear Repulsion Energy =             26.5520286076818977
    One-Electron Energy =                -171.4329802016975464
    Two-Electron Energy =                  53.1236404258253998
    DFT Exchange-Correlation Energy =       0.0000000000000000
    Empirical Dispersion Energy =           0.0000000000000000
    PCM Polarization Energy =               0.0000000000000000
    EFP Energy =                            0.0000000000000000
    Total Energy =                        -91.7573111681902418

    Alert: EFP and PCM quantities not currently incorporated into SCF psivars.

Properties will be evaluated at   0.000000,   0.000000,   0.000000 Bohr
  ==> Properties <==


Properties computed using the SCF density matrix

  Nuclear Dipole Moment: (a.u.)
     X:    -0.5806      Y:     0.3134      Z:    -0.7205

  Electronic Dipole Moment: (a.u.)
     X:     0.1604      Y:    -0.0742      Z:     0.3886

  Dipole Moment: (a.u.)
     X:    -0.4202      Y:     0.2392      Z:    -0.3320     Total:     0.5865

  Dipole Moment: (Debye)
     X:    -1.0680      Y:     0.6081      Z:    -0.8438     Total:     1.4908


  Saving occupied orbitals to File 180.

  UHF NO Occupations:
  HONO-2 :    5  A 2.0000000
  HONO-1 :    6  A 2.0000000
  HONO-0 :    7  A 1.0000000
  LUNO+0 :    8  A 1.0000000
  LUNO+1 :    9  A 0.0000000
  LUNO+2 :   10  A 0.0000000
  LUNO+3 :   11  A -0.0000000


  ==> State 1 -> 3

         ---------------------------------------------------------
                                   SCF
            by Justin Turney, Rob Parrish, and Andy Simmonett
                              UHF Reference
                        1 Threads,    256 MiB Core
         ---------------------------------------------------------

  ==> Geometry <==

    Molecular point group: c1
    Full point group: C1

    Geometry (in Angstrom), charge = 1, multiplicity = 1:

       Center              X                  Y                   Z               Mass       
    ------------   -----------------  -----------------  -----------------  -----------------
           C          0.622452528399     0.324782523391     0.057980247504    12.000000000000
           N         -0.488727471601    -0.302317476609     0.005630247504    14.003074004780
           H          0.953242528399     0.943792523391    -0.916539752496     1.007825032070
           H         -1.574127471601    -0.610417476609     0.147950247504     1.007825032070

  Running in c1 symmetry.

  Rotational constants: A =     16.25192  B =      1.11088  C =      1.04976 [cm^-1]
  Rotational constants: A = 487220.20505  B =  33303.19572  C =  31471.07427 [MHz]
  Nuclear repulsion =   26.552028607681898

  Charge       = 1
  Multiplicity = 1
  Electrons    = 14
  Nalpha       = 7
  Nbeta        = 7

  ==> Algorithm <==

  SCF Algorithm Type is PK.
  DIIS enabled.
  MOM disabled.
  Fractional occupation disabled.
  Guess Type is CORE.
  Energy threshold   = 1.00e-09
  Density threshold  = 1.00e-01
  Integral threshold = 1.00e-12

  ==> Primary Basis <==

  Basis Set: STO-3G
    Number of shells: 8
    Number of basis function: 12
    Number of Cartesian functions: 12
    Spherical Harmonics?: true
    Max angular momentum: 1


  Alpha frozen occupied MO: 0
  Alpha frozen occupied MO: 3
  Beta  frozen occupied MO: 0
  Beta  frozen occupied MO: 1
  Alpha frozen occupied MO: 1
  Alpha frozen occupied MO: 2
  Beta  frozen occupied MO: 2
  Beta  frozen occupied MO: 3
  Copying orbital 0 (0,6)
  Copying orbital 3 (0,8)
  Copying orbital 1 (0,5)
  Copying orbital 2 (0,7)  Alpha electrons per irrep (n = 1): 7  
  Beta electrons per irrep (n = 1): 7  
  Number of active MOs per irrep (n = 1): 8  
  Number of unoccupied active MOs per irrep (n = 1): 3  
  ==> Pre-Iterations <==

   -------------------------------------------------------
    Irrep   Nso     Nmo     Nalpha   Nbeta   Ndocc  Nsocc
   -------------------------------------------------------
     A         12      12       7       7       0       0
   -------------------------------------------------------
    Total      12      12       7       7       7       0
   -------------------------------------------------------

 OEINTS: Overlap, kinetic, potential, dipole, and quadrupole integrals
         stored in file 35.

  ==> Integral Setup <==

 MINTS: Wrapper to libmints.
   by Justin Turney

   Calculation information:
      Number of atoms:                   4
      Number of AO shells:               8
      Number of SO shells:               8
      Number of primitives:             24
      Number of atomic orbitals:        12
      Number of basis functions:        12

      Number of irreps:                  1
      Integral cutoff                 1.00e-12
      Number of functions per irrep: [  12 ]

 OEINTS: Overlap, kinetic, potential, dipole, and quadrupole integrals
         stored in file 35.

      Computing two-electron integrals...done
      Computed 2907 non-zero two-electron integrals.
        Stored in file 33.

	Batch   1 pq = [       0,      78] index = [             0,3081]
  ==> DiskJK: Disk-Based J/K Matrices <==

    J tasked:                  Yes
    K tasked:                  Yes
    wK tasked:                  No
    Memory (MB):               183
    Schwarz Cutoff:          1E-12

  Minimum eigenvalue in the overlap matrix is 2.2379141931E-01.
  Using Symmetric Orthogonalization.
  SCF Guess: Core (One-Electron) Hamiltonian.

  ==> Iterations <==

                        Total Energy        Delta E     RMS |[F,P]|

   @UHF iter   1:   -88.74694133105450   -8.87469e+01   7.97682e-02 
   @UHF iter   2:   -91.48048407452296   -2.73354e+00   3.34460e-02 
   @UHF iter   3:   -91.56879204055366   -8.83080e-02   1.49464e-02 
   @UHF iter   4:   -91.57365188042976   -4.85984e-03   1.33824e-02 
   @UHF iter   5:   -91.57402383684899   -3.71956e-04   1.32208e-02 
   @UHF iter   6:   -91.57405442745795   -3.05906e-05   1.31944e-02 
   @UHF iter   7:   -91.57405702408664   -2.59663e-06   1.31878e-02 
   @UHF iter   8:   -91.57405724914688   -2.25060e-07   1.31858e-02 
   @UHF iter   9:   -91.57405726897716   -1.98303e-08   1.31852e-02 
   @UHF iter  10:   -91.57405727074874   -1.77158e-09   1.31850e-02 
   @UHF iter  11:   -91.57405727090887   -1.60128e-10   1.31850e-02 

  ==> Post-Iterations <==

   @Spin Contamination Metric:   1.000000000E+00
   @S^2 Expected:                0.000000000E+00
   @S^2 Observed:                1.000000000E+00
   @S   Expected:                0.000000000E+00
   @S   Observed:                0.000000000E+00

    Orbital Energies (a.u.)
    -----------------------

    Alpha Occupied:                                                       

       1A      0.000000     2A      0.000000     3A      0.000000  
       4A      0.000000     5A      0.000000     6A      0.000000  
       7A      0.000000  

    Alpha Virtual:                                                        

       8A      0.000000     9A      0.000000    10A      0.000000  
      11A      0.000000    12A      0.000000  

    Beta Occupied:                                                        

       1A      0.000000     2A      0.000000     3A      0.000000  
       4A      0.000000     5A      0.000000     6A      0.000000  
       7A      0.000000  

    Beta Virtual:                                                         

       8A      0.000000     9A      0.000000    10A      0.000000  
      11A      0.000000    12A      0.000000  

    Final Occupation by Irrep:
              A 
    DOCC [     7 ]
    SOCC [     0 ]

  Energy converged.

  @UHF Final Energy:   -91.57405727090887

   => Energetics <=

    Nuclear Repulsion Energy =             26.5520286076818977
    One-Electron Energy =                -171.5557888982072541
    Two-Electron Energy =                  53.4297030196164968
    DFT Exchange-Correlation Energy =       0.0000000000000000
    Empirical Dispersion Energy =           0.0000000000000000
    PCM Polarization Energy =               0.0000000000000000
    EFP Energy =                            0.0000000000000000
    Total Energy =                        -91.5740572709088525

    Alert: EFP and PCM quantities not currently incorporated into SCF psivars.

Properties will be evaluated at   0.000000,   0.000000,   0.000000 Bohr
  ==> Properties <==


Properties computed using the SCF density matrix

  Nuclear Dipole Moment: (a.u.)
     X:    -0.5806      Y:     0.3134      Z:    -0.7205

  Electronic Dipole Moment: (a.u.)
     X:     0.1604      Y:    -0.0742      Z:     0.3886

  Dipole Moment: (a.u.)
     X:    -0.4202      Y:     0.2392      Z:    -0.3320     Total:     0.5865

  Dipole Moment: (Debye)
     X:    -1.0680      Y:     0.6081      Z:    -0.8438     Total:     1.4908


  Saving occupied orbitals to File 180.

  UHF NO Occupations:
  HONO-2 :    5  A 2.0000000
  HONO-1 :    6  A 2.0000000
  HONO-0 :    7  A 1.0000000
  LUNO+0 :    8  A 1.0000000
  LUNO+1 :    9  A 0.0000000
  LUNO+2 :   10  A 0.0000000
  LUNO+3 :   11  A 0.0000000


  ==> State 0 -> 2

         ---------------------------------------------------------
                                   SCF
            by Justin Turney, Rob Parrish, and Andy Simmonett
                              UHF Reference
                        1 Threads,    256 MiB Core
         ---------------------------------------------------------

  ==> Geometry <==

    Molecular point group: c1
    Full point group: C1

    Geometry (in Angstrom), charge = 1, multiplicity = 1:

       Center              X                  Y                   Z               Mass       
    ------------   -----------------  -----------------  -----------------  -----------------
           C          0.622452528399     0.324782523391     0.057980247504    12.000000000000
           N         -0.488727471601    -0.302317476609     0.005630247504    14.003074004780
           H          0.953242528399     0.943792523391    -0.916539752496     1.007825032070
           H         -1.574127471601    -0.610417476609     0.147950247504     1.007825032070

  Running in c1 symmetry.

  Rotational constants: A =     16.25192  B =      1.11088  C =      1.04976 [cm^-1]
  Rotational constants: A = 487220.20505  B =  33303.19572  C =  31471.07427 [MHz]
  Nuclear repulsion =   26.552028607681898

  Charge       = 1
  Multiplicity = 1
  Electrons    = 14
  Nalpha       = 7
  Nbeta        = 7

  ==> Algorithm <==

  SCF Algorithm Type is PK.
  DIIS enabled.
  MOM disabled.
  Fractional occupation disabled.
  Guess Type is CORE.
  Energy threshold   = 1.00e-09
  Density threshold  = 1.00e-01
  Integral threshold = 1.00e-12

  ==> Primary Basis <==

  Basis Set: STO-3G
    Number of shells: 8
    Number of basis function: 12
    Number of Cartesian functions: 12
    Spherical Harmonics?: true
    Max angular momentum: 1


  Alpha frozen occupied MO: 0
  Alpha frozen occupied MO: 1
  Beta  frozen occupied MO: 1
  Beta  frozen occupied MO: 2
  Alpha frozen occupied MO: 2
  Alpha frozen occupied MO: 3
  Beta  frozen occupied MO: 0
  Beta  frozen occupied MO: 3
  Copying orbital 0 (0,6)
  Copying orbital 1 (0,5)
  Copying orbital 2 (0,7)
  Copying orbital 3 (0,8)  Alpha electrons per irrep (n = 1): 7  
  Beta electrons per irrep (n = 1): 7  
  Number of active MOs per irrep (n = 1): 8  
  Number of unoccupied active MOs per irrep (n = 1): 3  
  ==> Pre-Iterations <==

   -------------------------------------------------------
    Irrep   Nso     Nmo     Nalpha   Nbeta   Ndocc  Nsocc
   -------------------------------------------------------
     A         12      12       7       7       0       0
   -------------------------------------------------------
    Total      12      12       7       7       7       0
   -------------------------------------------------------

 OEINTS: Overlap, kinetic, potential, dipole, and quadrupole integrals
         stored in file 35.

  ==> Integral Setup <==

 MINTS: Wrapper to libmints.
   by Justin Turney

   Calculation information:
      Number of atoms:                   4
      Number of AO shells:               8
      Number of SO shells:               8
      Number of primitives:             24
      Number of atomic orbitals:        12
      Number of basis functions:        12

      Number of irreps:                  1
      Integral cutoff                 1.00e-12
      Number of functions per irrep: [  12 ]

 OEINTS: Overlap, kinetic, potential, dipole, and quadrupole integrals
         stored in file 35.

      Computing two-electron integrals...done
      Computed 2907 non-zero two-electron integrals.
        Stored in file 33.

	Batch   1 pq = [       0,      78] index = [             0,3081]
  ==> DiskJK: Disk-Based J/K Matrices <==

    J tasked:                  Yes
    K tasked:                  Yes
    wK tasked:                  No
    Memory (MB):               183
    Schwarz Cutoff:          1E-12

  Minimum eigenvalue in the overlap matrix is 2.2379141931E-01.
  Using Symmetric Orthogonalization.
  SCF Guess: Core (One-Electron) Hamiltonian.

  ==> Iterations <==

                        Total Energy        Delta E     RMS |[F,P]|

   @UHF iter   1:   -88.69798618166362   -8.86980e+01   8.90781e-02 
   @UHF iter   2:   -91.55728063937983   -2.85929e+00   3.23837e-02 
   @UHF iter   3:   -91.65803230485943   -1.00752e-01   8.98103e-03 
   @UHF iter   4:   -91.66347816314391   -5.44586e-03   6.16539e-03 
   @UHF iter   5:   -91.66390957590869   -4.31413e-04   5.81827e-03 
   @UHF iter   6:   -91.66394611853332   -3.65426e-05   5.76712e-03 
   @UHF iter   7:   -91.66394931262684   -3.19409e-06   5.75703e-03 
   @UHF iter   8:   -91.66394959784577   -2.85219e-07   5.75457e-03 
   @UHF iter   9:   -91.66394962373246   -2.58867e-08   5.75390e-03 
   @UHF iter  10:   -91.66394962611204   -2.37958e-09   5.75371e-03 
   @UHF iter  11:   -91.66394962633311   -2.21064e-10   5.75366e-03 

  ==> Post-Iterations <==

   @Spin Contamination Metric:   1.000000000E+00
   @S^2 Expected:                0.000000000E+00
   @S^2 Observed:                1.000000000E+00
   @S   Expected:                0.000000000E+00
   @S   Observed:                0.000000000E+00

    Orbital Energies (a.u.)
    -----------------------

    Alpha Occupied:                                                       

       1A      0.000000     2A      0.000000     3A      0.000000  
       4A      0.000000     5A      0.000000     6A      0.000000  
       7A      0.000000  

    Alpha Virtual:                                                        

       8A      0.000000     9A      0.000000    10A      0.000000  
      11A      0.000000    12A      0.000000  

    Beta Occupied:                                                        

       1A      0.000000     2A      0.000000     3A      0.000000  
       4A      0.000000     5A      0.000000     6A      0.000000  
       7A      0.000000  

    Beta Virtual:                                                         

       8A      0.000000     9A      0.000000    10A      0.000000  
      11A      0.000000    12A      0.000000  

    Final Occupation by Irrep:
              A 
    DOCC [     7 ]
    SOCC [     0 ]

  Energy converged.

  @UHF Final Energy:   -91.66394962633311

   => Energetics <=

    Nuclear Repulsion Energy =             26.5520286076818977
    One-Electron Energy =                -171.6601601586659456
    Two-Electron Energy =                  53.4441819246509553
    DFT Exchange-Correlation Energy =       0.0000000000000000
    Empirical Dispersion Energy =           0.0000000000000000
    PCM Polarization Energy =               0.0000000000000000
    EFP Energy =                            0.0000000000000000
    Total Energy =                        -91.6639496263330784

    Alert: EFP and PCM quantities not currently incorporated into SCF psivars.

Properties will be evaluated at   0.000000,   0.000000,   0.000000 Bohr
  ==> Properties <==


Properties computed using the SCF density matrix

  Nuclear Dipole Moment: (a.u.)
     X:    -0.5806      Y:     0.3134      Z:    -0.7205

  Electronic Dipole Moment: (a.u.)
     X:     0.1604      Y:    -0.0742      Z:     0.3886

  Dipole Moment: (a.u.)
     X:    -0.4202      Y:     0.2392      Z:    -0.3320     Total:     0.5865

  Dipole Moment: (Debye)
     X:    -1.0680      Y:     0.6081      Z:    -0.8438     Total:     1.4908


  Saving occupied orbitals to File 180.

  UHF NO Occupations:
  HONO-2 :    5  A 2.0000000
  HONO-1 :    6  A 2.0000000
  HONO-0 :    7  A 1.0000000
  LUNO+0 :    8  A 1.0000000
  LUNO+1 :    9  A 0.0000000
  LUNO+2 :   10  A 0.0000000
  LUNO+3 :   11  A 0.0000000


  ==> State 0 -> 3

         ---------------------------------------------------------
                                   SCF
            by Justin Turney, Rob Parrish, and Andy Simmonett
                              UHF Reference
                        1 Threads,    256 MiB Core
         ---------------------------------------------------------

  ==> Geometry <==

    Molecular point group: c1
    Full point group: C1

    Geometry (in Angstrom), charge = 1, multiplicity = 1:

       Center              X                  Y                   Z               Mass       
    ------------   -----------------  -----------------  -----------------  -----------------
           C          0.622452528399     0.324782523391     0.057980247504    12.000000000000
           N         -0.488727471601    -0.302317476609     0.005630247504    14.003074004780
           H          0.953242528399     0.943792523391    -0.916539752496     1.007825032070
           H         -1.574127471601    -0.610417476609     0.147950247504     1.007825032070

  Running in c1 symmetry.

  Rotational constants: A =     16.25192  B =      1.11088  C =      1.04976 [cm^-1]
  Rotational constants: A = 487220.20505  B =  33303.19572  C =  31471.07427 [MHz]
  Nuclear repulsion =   26.552028607681898

  Charge       = 1
  Multiplicity = 1
  Electrons    = 14
  Nalpha       = 7
  Nbeta        = 7

  ==> Algorithm <==

  SCF Algorithm Type is PK.
  DIIS enabled.
  MOM disabled.
  Fractional occupation disabled.
  Guess Type is CORE.
  Energy threshold   = 1.00e-09
  Density threshold  = 1.00e-01
  Integral threshold = 1.00e-12

  ==> Primary Basis <==

  Basis Set: STO-3G
    Number of shells: 8
    Number of basis function: 12
    Number of Cartesian functions: 12
    Spherical Harmonics?: true
    Max angular momentum: 1


  Alpha frozen occupied MO: 0
  Alpha frozen occupied MO: 1
  Beta  frozen occupied MO: 1
  Beta  frozen occupied MO: 3
  Alpha frozen occupied MO: 2
  Alpha frozen occupied MO: 3
  Beta  frozen occupied MO: 0
  Beta  frozen occupied MO: 2
  Copying orbital 0 (0,6)
  Copying orbital 1 (0,5)
  Copying orbital 2 (0,7)
  Copying orbital 3 (0,8)  Alpha electrons per irrep (n = 1): 7  
  Beta electrons per irrep (n = 1): 7  
  Number of active MOs per irrep (n = 1): 8  
  Number of unoccupied active MOs per irrep (n = 1): 3  
  ==> Pre-Iterations <==

   -------------------------------------------------------
    Irrep   Nso     Nmo     Nalpha   Nbeta   Ndocc  Nsocc
   -------------------------------------------------------
     A         12      12       7       7       0       0
   -------------------------------------------------------
    Total      12      12       7       7       7       0
   -------------------------------------------------------

 OEINTS: Overlap, kinetic, potential, dipole, and quadrupole integrals
         stored in file 35.

  ==> Integral Setup <==

 MINTS: Wrapper to libmints.
   by Justin Turney

   Calculation information:
      Number of atoms:                   4
      Number of AO shells:               8
      Number of SO shells:               8
      Number of primitives:             24
      Number of atomic orbitals:        12
      Number of basis functions:        12

      Number of irreps:                  1
      Integral cutoff                 1.00e-12
      Number of functions per irrep: [  12 ]

 OEINTS: Overlap, kinetic, potential, dipole, and quadrupole integrals
         stored in file 35.

      Computing two-electron integrals...done
      Computed 2907 non-zero two-electron integrals.
        Stored in file 33.

	Batch   1 pq = [       0,      78] index = [             0,3081]
  ==> DiskJK: Disk-Based J/K Matrices <==

    J tasked:                  Yes
    K tasked:                  Yes
    wK tasked:                  No
    Memory (MB):               183
    Schwarz Cutoff:          1E-12

  Minimum eigenvalue in the overlap matrix is 2.2379141931E-01.
  Using Symmetric Orthogonalization.
  SCF Guess: Core (One-Electron) Hamiltonian.

  ==> Iterations <==

                        Total Energy        Delta E     RMS |[F,P]|

   @UHF iter   1:   -88.74343320990209   -8.87434e+01   7.89950e-02 
   @UHF iter   2:   -91.58693903228195   -2.84351e+00   3.16417e-02 
   @UHF iter   3:   -91.68252335519023   -9.55843e-02   1.00038e-02 
   @UHF iter   4:   -91.68772965035927   -5.20630e-03   7.72602e-03 
   @UHF iter   5:   -91.68813510743226   -4.05457e-04   7.51120e-03 
   @UHF iter   6:   -91.68816898107218   -3.38736e-05   7.48762e-03 
   @UHF iter   7:   -91.68817190172524   -2.92065e-06   7.48386e-03 
   @UHF iter   8:   -91.68817215893048   -2.57205e-07   7.48299e-03 
   @UHF iter   9:   -91.68817218195389   -2.30234e-08   7.48274e-03 
   @UHF iter  10:   -91.68817218404206   -2.08817e-09   7.48267e-03 
   @UHF iter  11:   -91.68817218423345   -1.91392e-10   7.48265e-03 

  ==> Post-Iterations <==

   @Spin Contamination Metric:   1.000000000E+00
   @S^2 Expected:                0.000000000E+00
   @S^2 Observed:                1.000000000E+00
   @S   Expected:                0.000000000E+00
   @S   Observed:                0.000000000E+00

    Orbital Energies (a.u.)
    -----------------------

    Alpha Occupied:                                                       

       1A      0.000000     2A      0.000000     3A      0.000000  
       4A      0.000000     5A      0.000000     6A      0.000000  
       7A      0.000000  

    Alpha Virtual:                                                        

       8A      0.000000     9A      0.000000    10A      0.000000  
      11A      0.000000    12A      0.000000  

    Beta Occupied:                                                        

       1A      0.000000     2A      0.000000     3A      0.000000  
       4A      0.000000     5A      0.000000     6A      0.000000  
       7A      0.000000  

    Beta Virtual:                                                         

       8A      0.000000     9A      0.000000    10A      0.000000  
      11A      0.000000    12A      0.000000  

    Final Occupation by Irrep:
              A 
    DOCC [     7 ]
    SOCC [     0 ]

  Energy converged.

  @UHF Final Energy:   -91.68817218423345

   => Energetics <=

    Nuclear Repulsion Energy =             26.5520286076818977
    One-Electron Energy =                -171.7869507900409758
    Two-Electron Energy =                  53.5467499981256054
    DFT Exchange-Correlation Energy =       0.0000000000000000
    Empirical Dispersion Energy =           0.0000000000000000
    PCM Polarization Energy =               0.0000000000000000
    EFP Energy =                            0.0000000000000000
    Total Energy =                        -91.6881721842334656

    Alert: EFP and PCM quantities not currently incorporated into SCF psivars.

Properties will be evaluated at   0.000000,   0.000000,   0.000000 Bohr
  ==> Properties <==


Properties computed using the SCF density matrix

  Nuclear Dipole Moment: (a.u.)
     X:    -0.5806      Y:     0.3134      Z:    -0.7205

  Electronic Dipole Moment: (a.u.)
     X:     0.1604      Y:    -0.0742      Z:     0.3886

  Dipole Moment: (a.u.)
     X:    -0.4202      Y:     0.2392      Z:    -0.3320     Total:     0.5865

  Dipole Moment: (Debye)
     X:    -1.0680      Y:     0.6081      Z:    -0.8438     Total:     1.4908


  Saving occupied orbitals to File 180.

  UHF NO Occupations:
  HONO-2 :    5  A 2.0000000
  HONO-1 :    6  A 2.0000000
  HONO-0 :    7  A 1.0000000
  LUNO+0 :    8  A 1.0000000
  LUNO+1 :    9  A 0.0000000
  LUNO+2 :   10  A 0.0000000
  LUNO+3 :   11  A 0.0000000


  ==> State 1 -> 2

         ---------------------------------------------------------
                                   SCF
            by Justin Turney, Rob Parrish, and Andy Simmonett
                              UHF Reference
                        1 Threads,    256 MiB Core
         ---------------------------------------------------------

  ==> Geometry <==

    Molecular point group: c1
    Full point group: C1

    Geometry (in Angstrom), charge = 1, multiplicity = 1:

       Center              X                  Y                   Z               Mass       
    ------------   -----------------  -----------------  -----------------  -----------------
           C          0.622452528399     0.324782523391     0.057980247504    12.000000000000
           N         -0.488727471601    -0.302317476609     0.005630247504    14.003074004780
           H          0.953242528399     0.943792523391    -0.916539752496     1.007825032070
           H         -1.574127471601    -0.610417476609     0.147950247504     1.007825032070

  Running in c1 symmetry.

  Rotational constants: A =     16.25192  B =      1.11088  C =      1.04976 [cm^-1]
  Rotational constants: A = 487220.20505  B =  33303.19572  C =  31471.07427 [MHz]
  Nuclear repulsion =   26.552028607681898

  Charge       = 1
  Multiplicity = 1
  Electrons    = 14
  Nalpha       = 7
  Nbeta        = 7

  ==> Algorithm <==

  SCF Algorithm Type is PK.
  DIIS enabled.
  MOM disabled.
  Fractional occupation disabled.
  Guess Type is CORE.
  Energy threshold   = 1.00e-09
  Density threshold  = 1.00e-01
  Integral threshold = 1.00e-12

  ==> Primary Basis <==

  Basis Set: STO-3G
    Number of shells: 8
    Number of basis function: 12
    Number of Cartesian functions: 12
    Spherical Harmonics?: true
    Max angular momentum: 1


  Alpha frozen occupied MO: 0
  Alpha frozen occupied MO: 1
  Beta  frozen occupied MO: 0
  Beta  frozen occupied MO: 2
  Alpha frozen occupied MO: 2
  Alpha frozen occupied MO: 3
  Beta  frozen occupied MO: 1
  Beta  frozen occupied MO: 3
  Copying orbital 0 (0,6)
  Copying orbital 1 (0,5)
  Copying orbital 2 (0,7)
  Copying orbital 3 (0,8)  Alpha electrons per irrep (n = 1): 7  
  Beta electrons per irrep (n = 1): 7  
  Number of active MOs per irrep (n = 1): 8  
  Number of unoccupied active MOs per irrep (n = 1): 3  
  ==> Pre-Iterations <==

   -------------------------------------------------------
    Irrep   Nso     Nmo     Nalpha   Nbeta   Ndocc  Nsocc
   -------------------------------------------------------
     A         12      12       7       7       0       0
   -------------------------------------------------------
    Total      12      12       7       7       7       0
   -------------------------------------------------------

 OEINTS: Overlap, kinetic, potential, dipole, and quadrupole integrals
         stored in file 35.

  ==> Integral Setup <==

 MINTS: Wrapper to libmints.
   by Justin Turney

   Calculation information:
      Number of atoms:                   4
      Number of AO shells:               8
      Number of SO shells:               8
      Number of primitives:             24
      Number of atomic orbitals:        12
      Number of basis functions:        12

      Number of irreps:                  1
      Integral cutoff                 1.00e-12
      Number of functions per irrep: [  12 ]

 OEINTS: Overlap, kinetic, potential, dipole, and quadrupole integrals
         stored in file 35.

      Computing two-electron integrals...done
      Computed 2907 non-zero two-electron integrals.
        Stored in file 33.

	Batch   1 pq = [       0,      78] index = [             0,3081]
  ==> DiskJK: Disk-Based J/K Matrices <==

    J tasked:                  Yes
    K tasked:                  Yes
    wK tasked:                  No
    Memory (MB):               183
    Schwarz Cutoff:          1E-12

  Minimum eigenvalue in the overlap matrix is 2.2379141931E-01.
  Using Symmetric Orthogonalization.
  SCF Guess: Core (One-Electron) Hamiltonian.

  ==> Iterations <==

                        Total Energy        Delta E     RMS |[F,P]|

   @UHF iter   1:   -88.91485340766636   -8.89149e+01   7.96525e-02 
   @UHF iter   2:   -91.65827915366017   -2.74343e+00   3.28125e-02 
   @UHF iter   3:   -91.75173396222056   -9.34548e-02   1.26512e-02 
   @UHF iter   4:   -91.75687353968982   -5.13958e-03   1.08031e-02 
   @UHF iter   5:   -91.75727454038878   -4.01001e-04   1.06091e-02 
   @UHF iter   6:   -91.75730800811741   -3.34677e-05   1.05790e-02 
   @UHF iter   7:   -91.75731088981220   -2.88169e-06   1.05720e-02 
   @UHF iter   8:   -91.75731114327550   -2.53463e-07   1.05700e-02 
   @UHF iter   9:   -91.75731116594579   -2.26703e-08   1.05694e-02 
   @UHF iter  10:   -91.75731116800162   -2.05583e-09   1.05692e-02 
   @UHF iter  11:   -91.75731116819026   -1.88635e-10   1.05692e-02 

  ==> Post-Iterations <==

   @Spin Contamination Metric:   1.000000000E+00
   @S^2 Expected:                0.000000000E+00
   @S^2 Observed:                1.000000000E+00
   @S   Expected:                0.000000000E+00
   @S   Observed:                0.000000000E+00

    Orbital Energies (a.u.)
    -----------------------

    Alpha Occupied:                                                       

       1A      0.000000     2A      0.000000     3A      0.000000  
       4A      0.000000     5A      0.000000     6A      0.000000  
       7A      0.000000  

    Alpha Virtual:                                                        

       8A      0.000000     9A      0.000000    10A      0.000000  
      11A      0.000000    12A      0.000000  

    Beta Occupied:                                                        

       1A      0.000000     2A      0.000000     3A      0.000000  
       4A      0.000000     5A      0.000000     6A      0.000000  
       7A      0.000000  

    Beta Virtual:                                                         

       8A      0.000000     9A      0.000000    10A      0.000000  
      11A      0.000000    12A      0.000000  

    Final Occupation by Irrep:
              A 
    DOCC [     7 ]
    SOCC [     0 ]

  Energy converged.

  @UHF Final Energy:   -91.75731116819026

   => Energetics <=

    Nuclear Repulsion Energy =             26.5520286076818977
    One-Electron Energy =                -171.4329802016975464
    Two-Electron Energy =                  53.1236404258253998
    DFT Exchange-Correlation Energy =       0.0000000000000000
    Empirical Dispersion Energy =           0.0000000000000000
    PCM Polarization Energy =               0.0000000000000000
    EFP Energy =                            0.0000000000000000
    Total Energy =                        -91.7573111681902418

    Alert: EFP and PCM quantities not currently incorporated into SCF psivars.

Properties will be evaluated at   0.000000,   0.000000,   0.000000 Bohr
  ==> Properties <==


Properties computed using the SCF density matrix

  Nuclear Dipole Moment: (a.u.)
     X:    -0.5806      Y:     0.3134      Z:    -0.7205

  Electronic Dipole Moment: (a.u.)
     X:     0.1604      Y:    -0.0742      Z:     0.3886

  Dipole Moment: (a.u.)
     X:    -0.4202      Y:     0.2392      Z:    -0.3320     Total:     0.5865

  Dipole Moment: (Debye)
     X:    -1.0680      Y:     0.6081      Z:    -0.8438     Total:     1.4908


  Saving occupied orbitals to File 180.

  UHF NO Occupations:
  HONO-2 :    5  A 2.0000000
  HONO-1 :    6  A 2.0000000
  HONO-0 :    7  A 1.0000000
  LUNO+0 :    8  A 1.0000000
  LUNO+1 :    9  A 0.0000000
  LUNO+2 :   10  A 0.0000000
  LUNO+3 :   11  A -0.0000000


  ==> State 1 -> 3

         ---------------------------------------------------------
                                   SCF
            by Justin Turney, Rob Parrish, and Andy Simmonett
                              UHF Reference
                        1 Threads,    256 MiB Core
         ---------------------------------------------------------

  ==> Geometry <==

    Molecular point group: c1
    Full point group: C1

    Geometry (in Angstrom), charge = 1, multiplicity = 1:

       Center              X                  Y                   Z               Mass       
    ------------   -----------------  -----------------  -----------------  -----------------
           C          0.622452528399     0.324782523391     0.057980247504    12.000000000000
           N         -0.488727471601    -0.302317476609     0.005630247504    14.003074004780
           H          0.953242528399     0.943792523391    -0.916539752496     1.007825032070
           H         -1.574127471601    -0.610417476609     0.147950247504     1.007825032070

  Running in c1 symmetry.

  Rotational constants: A =     16.25192  B =      1.11088  C =      1.04976 [cm^-1]
  Rotational constants: A = 487220.20505  B =  33303.19572  C =  31471.07427 [MHz]
  Nuclear repulsion =   26.552028607681898

  Charge       = 1
  Multiplicity = 1
  Electrons    = 14
  Nalpha       = 7
  Nbeta        = 7

  ==> Algorithm <==

  SCF Algorithm Type is PK.
  DIIS enabled.
  MOM disabled.
  Fractional occupation disabled.
  Guess Type is CORE.
  Energy threshold   = 1.00e-09
  Density threshold  = 1.00e-01
  Integral threshold = 1.00e-12

  ==> Primary Basis <==

  Basis Set: STO-3G
    Number of shells: 8
    Number of basis function: 12
    Number of Cartesian functions: 12
    Spherical Harmonics?: true
    Max angular momentum: 1


  Alpha frozen occupied MO: 0
  Alpha frozen occupied MO: 1
  Beta  frozen occupied MO: 0
  Beta  frozen occupied MO: 3
  Alpha frozen occupied MO: 2
  Alpha frozen occupied MO: 3
  Beta  frozen occupied MO: 1
  Beta  frozen occupied MO: 2
  Copying orbital 0 (0,6)
  Copying orbital 1 (0,5)
  Copying orbital 2 (0,7)
  Copying orbital 3 (0,8)  Alpha electrons per irrep (n = 1): 7  
  Beta electrons per irrep (n = 1): 7  
  Number of active MOs per irrep (n = 1): 8  
  Number of unoccupied active MOs per irrep (n = 1): 3  
  ==> Pre-Iterations <==

   -------------------------------------------------------
    Irrep   Nso     Nmo     Nalpha   Nbeta   Ndocc  Nsocc
   -------------------------------------------------------
     A         12      12       7       7       0       0
   -------------------------------------------------------
    Total      12      12       7       7       7       0
   -------------------------------------------------------

 OEINTS: Overlap, kinetic, potential, dipole, and quadrupole integrals
         stored in file 35.

  ==> Integral Setup <==

 MINTS: Wrapper to libmints.
   by Justin Turney

   Calculation information:
      Number of atoms:                   4
      Number of AO shells:               8
      Number of SO shells:               8
      Number of primitives:             24
      Number of atomic orbitals:        12
      Number of basis functions:        12

      Number of irreps:                  1
      Integral cutoff                 1.00e-12
      Number of functions per irrep: [  12 ]

 OEINTS: Overlap, kinetic, potential, dipole, and quadrupole integrals
         stored in file 35.

      Computing two-electron integrals...done
      Computed 2907 non-zero two-electron integrals.
        Stored in file 33.

	Batch   1 pq = [       0,      78] index = [             0,3081]
  ==> DiskJK: Disk-Based J/K Matrices <==

    J tasked:                  Yes
    K tasked:                  Yes
    wK tasked:                  No
    Memory (MB):               183
    Schwarz Cutoff:          1E-12

  Minimum eigenvalue in the overlap matrix is 2.2379141931E-01.
  Using Symmetric Orthogonalization.
  SCF Guess: Core (One-Electron) Hamiltonian.

  ==> Iterations <==

                        Total Energy        Delta E     RMS |[F,P]|

   @UHF iter   1:   -88.74694133105450   -8.87469e+01   7.97682e-02 
   @UHF iter   2:   -91.48048407452296   -2.73354e+00   3.34460e-02 
   @UHF iter   3:   -91.56879204055366   -8.83080e-02   1.49464e-02 
   @UHF iter   4:   -91.57365188042976   -4.85984e-03   1.33824e-02 
   @UHF iter   5:   -91.57402383684899   -3.71956e-04   1.32208e-02 
   @UHF iter   6:   -91.57405442745798   -3.05906e-05   1.31944e-02 
   @UHF iter   7:   -91.57405702408664   -2.59663e-06   1.31878e-02 
   @UHF iter   8:   -91.57405724914688   -2.25060e-07   1.31858e-02 
   @UHF iter   9:   -91.57405726897716   -1.98303e-08   1.31852e-02 
   @UHF iter  10:   -91.57405727074874   -1.77158e-09   1.31850e-02 
   @UHF iter  11:   -91.57405727090887   -1.60128e-10   1.31850e-02 

  ==> Post-Iterations <==

   @Spin Contamination Metric:   1.000000000E+00
   @S^2 Expected:                0.000000000E+00
   @S^2 Observed:                1.000000000E+00
   @S   Expected:                0.000000000E+00
   @S   Observed:                0.000000000E+00

    Orbital Energies (a.u.)
    -----------------------

    Alpha Occupied:                                                       

       1A      0.000000     2A      0.000000     3A      0.000000  
       4A      0.000000     5A      0.000000     6A      0.000000  
       7A      0.000000  

    Alpha Virtual:                                                        

       8A      0.000000     9A      0.000000    10A      0.000000  
      11A      0.000000    12A      0.000000  

    Beta Occupied:                                                        

       1A      0.000000     2A      0.000000     3A      0.000000  
       4A      0.000000     5A      0.000000     6A      0.000000  
       7A      0.000000  

    Beta Virtual:                                                         

       8A      0.000000     9A      0.000000    10A      0.000000  
      11A      0.000000    12A      0.000000  

    Final Occupation by Irrep:
              A 
    DOCC [     7 ]
    SOCC [     0 ]

  Energy converged.

  @UHF Final Energy:   -91.57405727090887

   => Energetics <=

    Nuclear Repulsion Energy =             26.5520286076818977
    One-Electron Energy =                -171.5557888982072541
    Two-Electron Energy =                  53.4297030196164968
    DFT Exchange-Correlation Energy =       0.0000000000000000
    Empirical Dispersion Energy =           0.0000000000000000
    PCM Polarization Energy =               0.0000000000000000
    EFP Energy =                            0.0000000000000000
    Total Energy =                        -91.5740572709088525

    Alert: EFP and PCM quantities not currently incorporated into SCF psivars.

Properties will be evaluated at   0.000000,   0.000000,   0.000000 Bohr
  ==> Properties <==


Properties computed using the SCF density matrix

  Nuclear Dipole Moment: (a.u.)
     X:    -0.5806      Y:     0.3134      Z:    -0.7205

  Electronic Dipole Moment: (a.u.)
     X:     0.1604      Y:    -0.0742      Z:     0.3886

  Dipole Moment: (a.u.)
     X:    -0.4202      Y:     0.2392      Z:    -0.3320     Total:     0.5865

  Dipole Moment: (Debye)
     X:    -1.0680      Y:     0.6081      Z:    -0.8438     Total:     1.4908


  Saving occupied orbitals to File 180.

  UHF NO Occupations:
  HONO-2 :    5  A 2.0000000
  HONO-1 :    6  A 2.0000000
  HONO-0 :    7  A 1.0000000
  LUNO+0 :    8  A 1.0000000
  LUNO+1 :    9  A 0.0000000
  LUNO+2 :   10  A 0.0000000
  LUNO+3 :   11  A 0.0000000


  ==> Nonorthogonal CI (NOCI) <==

  Number of determinants: 9
 MINTS: Wrapper to libmints.
   by Justin Turney

   Calculation information:
      Number of atoms:                   4
      Number of AO shells:               8
      Number of SO shells:               8
      Number of primitives:             24
      Number of atomic orbitals:        12
      Number of basis functions:        12

      Number of irreps:                  1
      Integral cutoff                 1.00e-12
      Number of functions per irrep: [  12 ]

 OEINTS: Overlap, kinetic, potential, dipole, and quadrupole integrals
         stored in file 35.

      Computing two-electron integrals...done
      Computed 2907 non-zero two-electron integrals.
        Stored in file 33.

	Batch   1 pq = [       0,      78] index = [             0,3081]

  Using PK integrals and the incore JK algorithm

  ==> Reading the two-electron integrals (C1 symmetry) <==
  Computing the NOCI Hamiltonian

  ## Overlap matrix (Symmetry 0) ##
  Irrep: 1 Size: 9 x 9

                 1                   2                   3                   4                   5

    1     0.99999999999999     0.00000000000000     0.00000000000000     0.00000000000000     0.00000000000000
    2     0.00000000000000     0.99999999999998     0.00000000000000     0.00000000000000     0.00000000000000
    3     0.00000000000000     0.00000000000000     1.00000000000000     0.00000000000000     0.00000000000000
    4     0.00000000000000     0.00000000000000     0.00000000000000     0.99999999999999     0.00000000000000
    5     0.00000000000000     0.00000000000000     0.00000000000000     0.00000000000000     0.99999999999997
    6     0.00000000000000     0.00000000000000     0.00000000000000     0.00000000000000     0.00000000000000
    7     0.00000000000000     0.00000000000000     0.00000000000000     0.00000000000000     0.00000000000000
    8     0.00000000000000     0.00000000000000     0.00000000000000     0.00000000000000     0.00000000000000
    9     0.00000000000000     0.00000000000000     0.00000000000000     0.00000000000000     0.00000000000000

                 6                   7                   8                   9

    1     0.00000000000000     0.00000000000000     0.00000000000000     0.00000000000000
    2     0.00000000000000     0.00000000000000     0.00000000000000     0.00000000000000
    3     0.00000000000000     0.00000000000000     0.00000000000000     0.00000000000000
    4     0.00000000000000     0.00000000000000     0.00000000000000     0.00000000000000
    5     0.00000000000000     0.00000000000000     0.00000000000000     0.00000000000000
    6     0.99999999999998     0.00000000000000     0.00000000000000     0.00000000000000
    7     0.00000000000000     1.00000000000000     0.00000000000000     0.00000000000000
    8     0.00000000000000     0.00000000000000     0.99999999999999     0.00000000000000
    9     0.00000000000000     0.00000000000000     0.00000000000000     0.99999999999997



  ## Hamiltonian (Symmetry 0) ##
  Irrep: 1 Size: 9 x 9

                 1                   2                   3                   4                   5

    1   -91.89879980518752     0.00010228623583     0.00036580518025    -0.00092060916291     0.01249273038783
    2     0.00010228623582   -91.66394962635151     0.00854229610341    -0.01472360880012     0.09906330518365
    3     0.00036580518025     0.00854229610341   -91.68817218425066    -0.00241376764074     0.00345882788599
    4    -0.00092060916291    -0.01472360880012    -0.00241376764074   -91.75731116820627    -0.00850684472476
    5     0.01249273038782     0.09906330518365     0.00345882788599    -0.00850684472476   -91.57405727092073
    6     0.00010228623582     0.16880531530995     0.00842268690808    -0.01649449827422     0.11944860930466
    7     0.00036580518025     0.00842268690808     0.02884589198720     0.01805107067560     0.00570613883277
    8    -0.00092060916291    -0.01649449827422     0.01805107067560     0.02160570380849    -0.01488665121404
    9     0.01249273038782     0.11944860930466     0.00570613883277    -0.01488665121404     0.14743095065390

                 6                   7                   8                   9

    1     0.00010228623583     0.00036580518025    -0.00092060916291     0.01249273038783
    2     0.16880531530995     0.00842268690808    -0.01649449827422     0.11944860930466
    3     0.00842268690808     0.02884589198720     0.01805107067560     0.00570613883277
    4    -0.01649449827422     0.01805107067560     0.02160570380849    -0.01488665121404
    5     0.11944860930466     0.00570613883277    -0.01488665121404     0.14743095065390
    6   -91.66394962635151     0.00854229610341    -0.01472360880012     0.09906330518365
    7     0.00854229610341   -91.68817218425066    -0.00241376764074     0.00345882788599
    8    -0.01472360880012    -0.00241376764074   -91.75731116820627    -0.00850684472476
    9     0.09906330518365     0.00345882788599    -0.00850684472476   -91.57405727092075



  ## S2 (Symmetry 0) ##
  Irrep: 1 Size: 9 x 9

                 1                   2                   3                   4                   5

    1     0.00000000000000     0.00000000000000     0.00000000000000     0.00000000000000     0.00000000000000
    2     0.00000000000000     0.00000000000000     0.00000000000000     0.00000000000000     0.00000000000000
    3     0.00000000000000     0.00000000000000     0.00000000000000     0.00000000000000     0.00000000000000
    4     0.00000000000000     0.00000000000000     0.00000000000000     0.00000000000000     0.00000000000000
    5     0.00000000000000     0.00000000000000     0.00000000000000     0.00000000000000     0.00000000000000
    6     0.00000000000000     0.00000000000000     0.00000000000000     0.00000000000000     0.00000000000000
    7     0.00000000000000     0.00000000000000     0.00000000000000     0.00000000000000     0.00000000000000
    8     0.00000000000000     0.00000000000000     0.00000000000000     0.00000000000000     0.00000000000000
    9     0.00000000000000     0.00000000000000     0.00000000000000     0.00000000000000     0.00000000000000

                 6                   7                   8                   9

    1     0.00000000000000     0.00000000000000     0.00000000000000     0.00000000000000
    2     0.00000000000000     0.00000000000000     0.00000000000000     0.00000000000000
    3     0.00000000000000     0.00000000000000     0.00000000000000     0.00000000000000
    4     0.00000000000000     0.00000000000000     0.00000000000000     0.00000000000000
    5     0.00000000000000     0.00000000000000     0.00000000000000     0.00000000000000
    6     0.00000000000000     0.00000000000000     0.00000000000000     0.00000000000000
    7     0.00000000000000     0.00000000000000     0.00000000000000     0.00000000000000
    8     0.00000000000000     0.00000000000000     0.00000000000000     0.00000000000000
    9     0.00000000000000     0.00000000000000     0.00000000000000     0.00000000000000




  Diagonalizing the NOCI Hamiltonian

  ==> NOCI Excited State Information <==

  ----------------------------------------------------
    State       Energy (Eh)    Omega (eV)   Osc. Str.
  ----------------------------------------------------
  @NOCI-0        -91.899678674625      0.0000     0.0000e+00
  @NOCI-1        -91.836519620918      1.7186     0.0000e+00
  @NOCI-2        -91.785315434642      3.1120     0.0000e+00
  @NOCI-3        -91.743621181759      4.2465     0.0000e+00
  @NOCI-4        -91.719253700987      4.9096     0.0000e+00
  @NOCI-5        -91.709089354942      5.1862     0.0000e+00
  @NOCI-6        -91.680975106109      5.9512     0.0000e+00
  @NOCI-7        -91.655471581949      6.6452     0.0000e+00
  @NOCI-8        -91.235855648715     18.0635     0.0000e+00
  ----------------------------------------------------

*** PSI4 exiting successfully. Buy a developer a beer!
