    -----------------------------------------------------------------------
          Psi4: An Open-Source Ab Initio Electronic Structure Package
                              Psi4 0.4.114 Driver

                          Git: Rev {master} 13bf41b 

    J. M. Turney, A. C. Simmonett, R. M. Parrish, E. G. Hohenstein,
    F. A. Evangelista, J. T. Fermann, B. J. Mintz, L. A. Burns, J. J. Wilke,
    M. L. Abrams, N. J. Russ, M. L. Leininger, C. L. Janssen, E. T. Seidl,
    W. D. Allen, H. F. Schaefer, R. A. King, E. F. Valeev, C. D. Sherrill,
    and T. D. Crawford, WIREs Comput. Mol. Sci. 2, 556-565 (2012)
    (doi: 10.1002/wcms.93)

                         Additional Contributions by
    A. E. DePrince, M. Saitow, U. Bozkaya, A. Yu. Sokolov
    -----------------------------------------------------------------------


    Psi4 started on: Mon May 23 12:57:39 2016

    Process ID:  98092
    PSI4DATADIR: /Users/wderri2/Source/psi4/share
    Memory level set to 256.000 MB

  ==> Input File <==

--------------------------------------------------------------------------

memory 20 gb

import ocdft

refdft                = -113.36252126784055#TEST
refocdft_singlet_spin = -93.749757027 #TEST
refocdft_triplet_spin = -93.731801672 #TEST

molecule{
0 1
C           -0.000000000000     0.000000000000    -0.642713037152
O            0.000000000000     0.000000000000     0.482188034714
}

set {
  basis def2-TZVP
  scf_type df
  df_basis_scf def2-tzvp-jkfit
  reference uks
  maxiter 100
  e_convergence 11
  d_convergence 6
}

set cdft {
  cdft_exc_type core
  roots_per_irrep [0,0,1,0]
  cdft_spin_adapt_ci false
  cdft_exc_method chp
}

set dft_functional B3LYP
energy('ocdft')

compare_values(refdft, get_variable("DFT ENERGY"),8, "DFT energy") #TEST
compare_values(refocdft_singlet_spin, get_variable("OCDFT SINGLET ENERGY"),8, "OCDFT singlet energy") #TEST
compare_values(refocdft_triplet_spin, get_variable("OCDFT TRIPLET ENERGY"),8, "OCDFT triplet energy") #TEST
--------------------------------------------------------------------------

  Memory set to  20.000 GiB by Python script.
/Users/wderri2/Source/cdft/cdft.so loaded.

Reading options from the CDFT block
Calling plugin /Users/wderri2/Source/cdft/cdft.so.



  ==> Orthogonality Constrained DFT <==

         ---------------------------------------------------------
                                   SCF
            by Justin Turney, Rob Parrish, and Andy Simmonett
                              UKS Reference
                        1 Threads,  20000 MiB Core
         ---------------------------------------------------------

  ==> Geometry <==

    Molecular point group: c2v
    Full point group: C_inf_v

    Geometry (in Angstrom), charge = 0, multiplicity = 1:

       Center              X                  Y                   Z               Mass       
    ------------   -----------------  -----------------  -----------------  -----------------
           C          0.000000000000     0.000000000000    -0.642713037152    12.000000000000
           O          0.000000000000     0.000000000000     0.482188034714    15.994914619560

  Running in c2v symmetry.

  Rotational constants: A = ************  B =      1.94305  C =      1.94305 [cm^-1]
  Rotational constants: A = ************  B =  58251.15084  C =  58251.15084 [MHz]
  Nuclear repulsion =   22.580213182822661

  Charge       = 0
  Multiplicity = 1
  Electrons    = 14
  Nalpha       = 7
  Nbeta        = 7

  ==> Algorithm <==

  SCF Algorithm Type is DF.
  DIIS enabled.
  MOM disabled.
  Fractional occupation disabled.
  Guess Type is CORE.
  Energy threshold   = 1.00e-11
  Density threshold  = 1.00e-06
  Integral threshold = 1.00e-12

  ==> Primary Basis <==

  Basis Set: DEF2-TZVP
    Number of shells: 22
    Number of basis function: 62
    Number of Cartesian functions: 72
    Spherical Harmonics?: true
    Max angular momentum: 3

  ==> DFT Potential <==

   => B3LYP Composite Functional <= 

    B3LYP Hybrid-GGA Exchange-Correlation Functional

    P.J. Stephens et. al., J. Phys. Chem., 98, 11623-11627, 1994

    Points   =           5000
    Deriv    =              1
    GGA      =           TRUE
    Meta     =          FALSE

    X_LRC        =          FALSE
    X_Hybrid     =           TRUE
    X_Alpha      =   2.000000E-01
    X_Omega      =   0.000000E+00
    C_LRC        =          FALSE
    C_Hybrid     =          FALSE
    C_Alpha      =   0.000000E+00
    C_Omega      =   0.000000E+00

   => Exchange Functionals <=

    0.8000    B3_X
    0.2000      HF 

   => Correlation Functionals <=

    0.1900 VWN3RPA_C
    0.8100   LYP_C

   => Molecular Quadrature <=

    Radial Scheme    =       TREUTLER
    Pruning Scheme   =           FLAT
    Nuclear Scheme   =       TREUTLER

    BS radius alpha  =              1
    Pruning alpha    =              1
    Radial Points    =             75
    Spherical Points =            302
    Total Points     =          43872
    Total Blocks     =             44
    Max Points       =           2823
    Max Functions    =             62


  ==> Unrestricted Orthogonality Constrained DFT (OCDFT) <==

  ==> Pre-Iterations <==

   -------------------------------------------------------
    Irrep   Nso     Nmo     Nalpha   Nbeta   Ndocc  Nsocc
   -------------------------------------------------------
     A1        28      28       0       0       0       0
     A2         6       6       0       0       0       0
     B1        14      14       0       0       0       0
     B2        14      14       0       0       0       0
   -------------------------------------------------------
    Total      62      62       7       7       7       0
   -------------------------------------------------------

  ==> Integral Setup <==

  ==> DFJK: Density-Fitted J/K Matrices <==

    J tasked:                  Yes
    K tasked:                  Yes
    wK tasked:                  No
    OpenMP threads:              1
    Integrals threads:           1
    Memory (MB):             14305
    Algorithm:                Core
    Integral Cache:           NONE
    Schwarz Cutoff:          1E-12
    Fitting Condition:       1E-12

   => Auxiliary Basis Set <=

  Basis Set: DEF2-TZVP-JKFIT
    Number of shells: 50
    Number of basis function: 152
    Number of Cartesian functions: 182
    Spherical Harmonics?: true
    Max angular momentum: 4

  Minimum eigenvalue in the overlap matrix is 1.1827081356E-03.
  Using Symmetric Orthogonalization.
  SCF Guess: Core (One-Electron) Hamiltonian.

  ==> Iterations <==

                           Total Energy        Delta E     RMS |[F,P]|

   @DF-UKS iter   1:   -96.59718469085664   -9.65972e+01   2.51120e-01 
   @DF-UKS iter   2:   -97.66785414752373   -1.07067e+00   2.41154e-01 DIIS
   @DF-UKS iter   3:  -106.14312245272367   -8.47527e+00   6.56263e-02 DIIS
   @DF-UKS iter   4:  -111.02898525229857   -4.88586e+00   2.53860e-02 DIIS
   @DF-UKS iter   5:  -112.66717193119607   -1.63819e+00   1.42689e-02 DIIS
   @DF-UKS iter   6:  -113.31442502608171   -6.47253e-01   3.13877e-03 DIIS
   @DF-UKS iter   7:  -113.35580142030348   -4.13764e-02   1.18427e-03 DIIS
   @DF-UKS iter   8:  -113.36242899543871   -6.62758e-03   1.81591e-04 DIIS
   @DF-UKS iter   9:  -113.36251975209655   -9.07567e-05   3.06488e-05 DIIS
   @DF-UKS iter  10:  -113.36252089176097   -1.13966e-06   1.22206e-05 DIIS
   @DF-UKS iter  11:  -113.36252126688056   -3.75120e-07   5.93687e-07 DIIS
   @DF-UKS iter  12:  -113.36252126780882   -9.28253e-10   8.47428e-08 DIIS
   @DF-UKS iter  13:  -113.36252126783339   -2.45706e-11   1.10012e-08 DIIS
   @DF-UKS iter  14:  -113.36252126783363   -2.41585e-13   9.47829e-10 DIIS

  ==> Post-Iterations <==

   @Spin Contamination Metric:   0.000000000E+00
   @S^2 Expected:                0.000000000E+00
   @S^2 Observed:                0.000000000E+00
   @S   Expected:                0.000000000E+00
   @S   Observed:                0.000000000E+00

    Orbital Energies (a.u.)
    -----------------------

    Alpha Occupied:                                                       

       1A1   -19.238028     2A1   -10.293543     3A1    -1.173830  
       4A1    -0.583582     1B2    -0.485352     1B1    -0.485352  
       5A1    -0.385671  

    Alpha Virtual:                                                        

       2B2    -0.036629     2B1    -0.036629     6A1     0.109785  
       7A1     0.179268     3B2     0.210922     3B1     0.210922  
       8A1     0.355865     4B1     0.469562     4B2     0.469562  
       9A1     0.574661    10A1     0.631782     1A2     0.631782  
      11A1     0.691371     5B2     0.848989     5B1     0.848989  
      12A1     1.170907    13A1     1.267883     6B1     1.355899  
       6B2     1.355899    14A1     1.386636     2A2     1.495261  
      15A1     1.495261     7B2     1.880417     7B1     1.880417  
      16A1     2.164236     8B2     2.563518     8B1     2.563518  
       9B1     2.628673     9B2     2.628673    17A1     2.806079  
       3A2     2.806080    18A1     2.827420    19A1     2.926325  
       4A2     2.926326    10B2     2.978498    10B1     2.978498  
      20A1     3.068076    11B2     3.625748    11B1     3.625748  
      21A1     3.811558    22A1     4.175787    12B2     5.066295  
      12B1     5.066295     5A2     5.471742    23A1     5.471743  
      13B2     6.170304    13B1     6.170304    24A1     6.213876  
       6A2     6.213883    25A1     6.461545    14B2     6.651555  
      14B1     6.651555    26A1     7.023818    27A1    21.801002  
      28A1    43.439430  

    Beta Occupied:                                                        

       1A1   -19.238028     2A1   -10.293543     3A1    -1.173830  
       4A1    -0.583582     1B2    -0.485352     1B1    -0.485352  
       5A1    -0.385671  

    Beta Virtual:                                                         

       2B2    -0.036629     2B1    -0.036629     6A1     0.109785  
       7A1     0.179268     3B2     0.210922     3B1     0.210922  
       8A1     0.355865     4B1     0.469562     4B2     0.469562  
       9A1     0.574661    10A1     0.631782     1A2     0.631782  
      11A1     0.691371     5B2     0.848989     5B1     0.848989  
      12A1     1.170907    13A1     1.267883     6B1     1.355899  
       6B2     1.355899    14A1     1.386636     2A2     1.495261  
      15A1     1.495261     7B2     1.880417     7B1     1.880417  
      16A1     2.164236     8B2     2.563518     8B1     2.563518  
       9B1     2.628673     9B2     2.628673    17A1     2.806079  
       3A2     2.806080    18A1     2.827420    19A1     2.926325  
       4A2     2.926326    10B2     2.978498    10B1     2.978498  
      20A1     3.068076    11B2     3.625748    11B1     3.625748  
      21A1     3.811558    22A1     4.175787    12B2     5.066295  
      12B1     5.066295     5A2     5.471742    23A1     5.471743  
      13B2     6.170304    13B1     6.170304    24A1     6.213876  
       6A2     6.213883    25A1     6.461545    14B2     6.651555  
      14B1     6.651555    26A1     7.023818    27A1    21.801002  
      28A1    43.439430  

    Final Occupation by Irrep:
             A1    A2    B1    B2 
    DOCC [     5,    0,    1,    1 ]
    SOCC [     0,    0,    0,    0 ]

  Energy converged.

  @DF-UKS Final Energy:  -113.36252126783363

   => Energetics <=

    Nuclear Repulsion Energy =             22.5802131828226607
    One-Electron Energy =                -198.5094744032676886
    Two-Electron Energy =                  73.8079033102597037
    DFT Exchange-Correlation Energy =     -11.2411633576483041
    Empirical Dispersion Energy =           0.0000000000000000
    PCM Polarization Energy =               0.0000000000000000
    EFP Energy =                            0.0000000000000000
    Total Energy =                       -113.3625212678336283

    Alert: EFP and PCM quantities not currently incorporated into SCF psivars.

Properties will be evaluated at   0.000000,   0.000000,   0.000000 Bohr
  ==> Properties <==


Properties computed using the SCF density matrix

  Nuclear Dipole Moment: (a.u.)
     X:     0.0000      Y:     0.0000      Z:     0.0023

  Electronic Dipole Moment: (a.u.)
     X:     0.0000      Y:     0.0000      Z:     0.0397

  Dipole Moment: (a.u.)
     X:     0.0000      Y:     0.0000      Z:     0.0421     Total:     0.0421

  Dipole Moment: (Debye)
     X:     0.0000      Y:     0.0000      Z:     0.1069     Total:     0.1069


  Saving occupied orbitals to File 180.

  UHF NO Occupations:
  HONO-2 :    3 A1 2.0000000
  HONO-1 :    4 A1 2.0000000
  HONO-0 :    5 A1 2.0000000
  LUNO+0 :    6 A1 0.0000000
  LUNO+1 :    7 A1 0.0000000
  LUNO+2 :    8 A1 0.0000000
  LUNO+3 :    9 A1 0.0000000



  ==== Computing 1 state of symmetry 2 ====

         ---------------------------------------------------------
                                   SCF
            by Justin Turney, Rob Parrish, and Andy Simmonett
                              UKS Reference
                        1 Threads,  20000 MiB Core
         ---------------------------------------------------------

  ==> Geometry <==

    Molecular point group: c2v
    Full point group: C_inf_v

    Geometry (in Angstrom), charge = 0, multiplicity = 1:

       Center              X                  Y                   Z               Mass       
    ------------   -----------------  -----------------  -----------------  -----------------
           C          0.000000000000     0.000000000000    -0.642713037152    12.000000000000
           O          0.000000000000     0.000000000000     0.482188034714    15.994914619560

  Running in c2v symmetry.

  Rotational constants: A = ************  B =      1.94305  C =      1.94305 [cm^-1]
  Rotational constants: A = ************  B =  58251.15084  C =  58251.15084 [MHz]
  Nuclear repulsion =   22.580213182822661

  Charge       = 0
  Multiplicity = 1
  Electrons    = 14
  Nalpha       = 7
  Nbeta        = 7

  ==> Algorithm <==

  SCF Algorithm Type is DF.
  DIIS enabled.
  MOM disabled.
  Fractional occupation disabled.
  Guess Type is CORE.
  Energy threshold   = 1.00e-11
  Density threshold  = 1.00e-06
  Integral threshold = 1.00e-12

  ==> Primary Basis <==

  Basis Set: DEF2-TZVP
    Number of shells: 22
    Number of basis function: 62
    Number of Cartesian functions: 72
    Spherical Harmonics?: true
    Max angular momentum: 3

  ==> DFT Potential <==

   => B3LYP Composite Functional <= 

    B3LYP Hybrid-GGA Exchange-Correlation Functional

    P.J. Stephens et. al., J. Phys. Chem., 98, 11623-11627, 1994

    Points   =           5000
    Deriv    =              1
    GGA      =           TRUE
    Meta     =          FALSE

    X_LRC        =          FALSE
    X_Hybrid     =           TRUE
    X_Alpha      =   2.000000E-01
    X_Omega      =   0.000000E+00
    C_LRC        =          FALSE
    C_Hybrid     =          FALSE
    C_Alpha      =   0.000000E+00
    C_Omega      =   0.000000E+00

   => Exchange Functionals <=

    0.8000    B3_X
    0.2000      HF 

   => Correlation Functionals <=

    0.1900 VWN3RPA_C
    0.8100   LYP_C

   => Molecular Quadrature <=

    Radial Scheme    =       TREUTLER
    Pruning Scheme   =           FLAT
    Nuclear Scheme   =       TREUTLER

    BS radius alpha  =              1
    Pruning alpha    =              1
    Radial Points    =             75
    Spherical Points =            302
    Total Points     =          43872
    Total Blocks     =             44
    Max Points       =           2823
    Max Functions    =             62


  ==> Unrestricted Orthogonality Constrained DFT (OCDFT) <==


  ==> OCDFT Algorithm Details <==
  Excited State Type: CORE
  Total Number of Roots: 0
  Number of Roots Per Hole: 1
  Excited State Algorithm: 
  Projection Algorithm: H (Hole Projection)
  
  
    ==> Pre-Iterations <==

   -------------------------------------------------------
    Irrep   Nso     Nmo     Nalpha   Nbeta   Ndocc  Nsocc
   -------------------------------------------------------
     A1        28      28       5       5       0       0
     A2         6       6       0       0       0       0
     B1        14      14       1       1       0       0
     B2        14      14       1       1       0       0
   -------------------------------------------------------
    Total      62      62       7       7       7       0
   -------------------------------------------------------

  ==> Integral Setup <==

  ==> DFJK: Density-Fitted J/K Matrices <==

    J tasked:                  Yes
    K tasked:                  Yes
    wK tasked:                  No
    OpenMP threads:              1
    Integrals threads:           1
    Memory (MB):             14305
    Algorithm:                Core
    Integral Cache:           NONE
    Schwarz Cutoff:          1E-12
    Fitting Condition:       1E-12

   => Auxiliary Basis Set <=

  Basis Set: DEF2-TZVP-JKFIT
    Number of shells: 50
    Number of basis function: 152
    Number of Cartesian functions: 182
    Spherical Harmonics?: true
    Max angular momentum: 4

  Minimum eigenvalue in the overlap matrix is 1.1827081356E-03.
  Using Symmetric Orthogonalization.


  ==> Chosen Hole/Particle pairs <==
  --------------------------------------
    N   Occupied     Virtual     E(eV)  
  --------------------------------------
    1      1A1   ->    2B1      522.497
    2      1A1   ->    3B1      529.233
    3      1A1   ->    4B1      536.271
    4      1A1   ->    5B1      546.595
    5      1A1   ->    6B1      560.389
    6      1A1   ->    7B1      574.662
    7      1A1   ->    8B1      593.250
    8      1A1   ->    9B1      595.023
    9      1A1   ->   10B1      604.542
   10      1A1   ->   11B1      622.155
  --------------------------------------
HOLE:      1A1  (-19.238028)
PARTICLE:   2B1  (-0.036629)
  ==> Iterations <==

                           Total Energy        Delta E     RMS |[F,P]|

HOLE:      1A1  (-21.241760)
PARTICLE:   2B1  (-0.380632)
   @DF-UKS iter   1:   -93.10937176728204   -3.05197e+01   2.70884e-02 
HOLE:      1A1  (-20.496784)
PARTICLE:   2B1  (-0.273921)
   @DF-UKS iter   2:   -92.83298044781114    2.76391e-01   9.83832e-03 DIIS
HOLE:      1A1  (-19.890223)
PARTICLE:   2B1  (-0.193366)
   @DF-UKS iter   3:   -93.54967801179015   -7.16698e-01   7.59845e-03 DIIS
HOLE:      1A1  (-19.933456)
PARTICLE:   2B1  (-0.187526)
   @DF-UKS iter   4:   -93.73554945600429   -1.85871e-01   1.54611e-03 DIIS
HOLE:      1A1  (-19.924324)
PARTICLE:   2B1  (-0.193442)
   @DF-UKS iter   5:   -93.74010513752424   -4.55568e-03   5.05483e-04 DIIS
HOLE:      1A1  (-19.922540)
PARTICLE:   2B1  (-0.192424)
   @DF-UKS iter   6:   -93.74076969144440   -6.64554e-04   5.81064e-05 DIIS
HOLE:      1A1  (-19.921313)
PARTICLE:   2B1  (-0.192259)
   @DF-UKS iter   7:   -93.74077811258988   -8.42115e-06   2.02625e-05 DIIS
HOLE:      1A1  (-19.921396)
PARTICLE:   2B1  (-0.192278)
   @DF-UKS iter   8:   -93.74077932494117   -1.21235e-06   2.14621e-06 DIIS
HOLE:      1A1  (-19.921425)
PARTICLE:   2B1  (-0.192281)
   @DF-UKS iter   9:   -93.74077934701927   -2.20781e-08   6.23026e-07 DIIS
HOLE:      1A1  (-19.921422)
PARTICLE:   2B1  (-0.192279)
   @DF-UKS iter  10:   -93.74077934928712   -2.26785e-09   1.01575e-07 DIIS
HOLE:      1A1  (-19.921421)
PARTICLE:   2B1  (-0.192280)
   @DF-UKS iter  11:   -93.74077934947546   -1.88336e-10   1.95215e-08 DIIS
HOLE:      1A1  (-19.921421)
PARTICLE:   2B1  (-0.192280)
   @DF-UKS iter  12:   -93.74077934948266   -7.20490e-12   8.37463e-09 DIIS

  ==> Post-Iterations <==

   @Spin Contamination Metric:   1.008449320E+00
   @S^2 Expected:                0.000000000E+00
   @S^2 Observed:                1.008449320E+00
   @S   Expected:                0.000000000E+00
   @S   Observed:                0.000000000E+00

    Orbital Energies (a.u.)
    -----------------------

    Alpha Occupied:                                                       

       1B1  -100.000000     1A1   -10.296273     2A1    -1.305728  
       3A1    -0.718639     2B1    -0.620498     1B2    -0.615643  
       4A1    -0.403526  

    Alpha Virtual:                                                        

       2B2    -0.077630     5A1     0.096288     6A1     0.185438  
       3B1     0.197980     3B2     0.208395     7A1     0.326074  
       4B1     0.418390     4B2     0.419126     8A1     0.512991  
       1A2     0.620428     9A1     0.623548    10A1     0.658582  
       5B1     0.842241     5B2     0.844835    11A1     1.123266  
      12A1     1.275050     6B1     1.330233     6B2     1.350093  
      13A1     1.370311     2A2     1.478512    14A1     1.479312  
       7B2     1.851570     7B1     1.852771    15A1     2.097775  
       8B1     2.337456     8B2     2.344567     9B1     2.613926  
       9B2     2.615271    16A1     2.650339     3A2     2.784842  
      17A1     2.789228     4A2     2.915834    18A1     2.922244  
      10B1     2.972821    10B2     2.980773    19A1     3.020952  
      11B2     3.610364    11B1     3.611339    20A1     3.785347  
      21A1     4.049875    12B1     5.044141    12B2     5.044172  
       5A2     5.431986    22A1     5.432719    13B2     6.068841  
      13B1     6.069544     6A2     6.073375    23A1     6.073976  
      24A1     6.360780    14B2     6.558711    14B1     6.559644  
      25A1     6.905501    26A1    21.801106    27A1    42.097952  
      28A1   100.000000  

    Beta Occupied:                                                        

       1A1   -22.084260     2A1   -10.280926     3A1    -1.348947  
       4A1    -0.745125     1B2    -0.649597     1B1    -0.627049  
       5A1    -0.366679  

    Beta Virtual:                                                         

       2B2    -0.069369     2B1    -0.029908     6A1     0.095130  
       7A1     0.194610     3B2     0.214943     3B1     0.234472  
       8A1     0.324909     4B2     0.411088     4B1     0.419894  
       9A1     0.516847    10A1     0.652102     1A2     0.655847  
      11A1     0.656609     5B2     0.847960     5B1     0.873825  
      12A1     1.129777    13A1     1.293795     6B2     1.363516  
      14A1     1.379038     6B1     1.399966     2A2     1.490002  
      15A1     1.490356     7B2     1.851789     7B1     1.867248  
      16A1     2.089038     8B2     2.276706     8B1     2.297011  
      17A1     2.588655     9B2     2.666883     9B1     2.667085  
      18A1     2.827683     3A2     2.827954    19A1     2.967051  
       4A2     2.974963    10B2     2.986097    10B1     3.022376  
      20A1     3.025918    11B2     3.617245    11B1     3.647665  
      21A1     3.807782    22A1     4.015682    12B2     5.051559  
      12B1     5.051563    23A1     5.439992     5A2     5.439996  
      13B2     6.064392    24A1     6.077433     6A2     6.077480  
      13B1     6.085038    25A1     6.362911    14B2     6.554039  
      14B1     6.572757    26A1     6.895779    27A1    21.817766  
      28A1    40.885500  

    Final Occupation by Irrep:
             A1    A2    B1    B2 
    DOCC [     4,    0,    1,    1 ]
    SOCC [     1,    0,    1,    0 ]

  Energy converged.

  @DF-UKS Final Energy:   -93.74077934948266

   => Energetics <=

    Nuclear Repulsion Energy =             22.5802131828226607
    One-Electron Energy =                -175.0432539920807642
    Two-Electron Energy =                  68.9591853601238967
    DFT Exchange-Correlation Energy =     -10.2369239003484509
    Empirical Dispersion Energy =           0.0000000000000000
    PCM Polarization Energy =               0.0000000000000000
    EFP Energy =                            0.0000000000000000
    Total Energy =                        -93.7407793494826649

    Alert: EFP and PCM quantities not currently incorporated into SCF psivars.

Properties will be evaluated at   0.000000,   0.000000,   0.000000 Bohr
  ==> Properties <==


Properties computed using the SCF density matrix

  Nuclear Dipole Moment: (a.u.)
     X:     0.0000      Y:     0.0000      Z:     0.0023

  Electronic Dipole Moment: (a.u.)
     X:     0.0000      Y:     0.0000      Z:     0.5995

  Dipole Moment: (a.u.)
     X:     0.0000      Y:     0.0000      Z:     0.6018     Total:     0.6018

  Dipole Moment: (Debye)
     X:     0.0000      Y:     0.0000      Z:     1.5297     Total:     1.5297



  Analysis of the hole/particle MOs in terms of the ground state DFT MOs
  Hole:          0A1 =  100.0% 1A1
  Particle:      0B1 =  97.9% 2B1 +  1.1% 4B1


  Computing transition dipole moments
  2 determinants stored
 det U = -1.000000, det V = -1.000000
 det U = -1.000000, det V = 1.000000
  Corresponding orbitals:
  A(alpha):  (0, 4)
  B(alpha):  (2, 1)
  s(alpha):  0.000000e+00
  A(beta):  
  B(beta):  
  s(beta):  
  Stilde = -0.895511


Properties will be evaluated at   0.000000,   0.000000,   0.000000 Bohr
  ==> Transition dipole moment computed with OCDFT <==


Properties computed using the OCDFT TRANSITION density matrix

  Transition Dipole Moment: (a.u.)
     X:     0.0365      Y:     0.0000      Z:     0.0000     Total:     0.0365

  Transition Dipole Moment: (Debye)
     X:     0.0927      Y:     0.0000      Z:     0.0000     Total:     0.0927


  Dipole moments from AO integrals: 0.0365 0.0000 0.0000
    ==> Restricted Sum from Atomic Population Analysis of NTO contributions <==

   ===================================================================================
   Atomic Transition     PR%       |mu|%       |mu|     mu(x)      mu(y)      mu(z)  
   ===================================================================================
     O s --->  C p       1.28%       6.22   0.002631  -0.002631   0.000000   0.000000
     O s --->  O p       0.71%      90.37   0.038194   0.038194   0.000000   0.000000
     C s --->  C p       0.00%       0.35   0.000150  -0.000150   0.000000   0.000000
     O p --->  C p       0.00%       0.26   0.000109   0.000109   0.000000   0.000000
     C s --->  O p       0.00%       0.40   0.000169  -0.000169   0.000000   0.000000
     C p --->  O p       0.00%       0.31   0.000132   0.000132   0.000000   0.000000
     C d --->  C p       0.00%       1.30   0.000551   0.000551   0.000000   0.000000
     C d --->  O p       0.00%       0.33   0.000138   0.000138   0.000000   0.000000
     O d --->  O p       0.00%       0.45   0.000189   0.000189   0.000000   0.000000
   ===================================================================================


         ==> Mulliken Population Analysis of the Transition Dipole Moment <==

   =================================================================================
    Initial     Final     mu(x)      mu(y)      mu(z)       |mu|     PRnto     CT
   ---------------------------------------------------------------------------------
    2  O s    1  C p  -0.002631   0.000000   0.000000   0.002631      1.28%  0.238042
    2  O s    2  O p   0.038194   0.000000   0.000000   0.038194      0.71%  0.132635
    1  C s    1  C p  -0.000150   0.000000   0.000000   0.000150      0.00%  0.000009
    2  O p    1  C p   0.000109   0.000000   0.000000   0.000109      0.00%  0.000008
    1  C s    2  O p  -0.000169   0.000000   0.000000   0.000169      0.00%  0.000005
    1  C p    2  O p   0.000132   0.000000   0.000000   0.000132      0.00%  0.000004
    1  C d    1  C p   0.000551   0.000000   0.000000   0.000551      0.00%  0.000001
    1  C d    2  O p   0.000138   0.000000   0.000000   0.000138      0.00%  0.000000
    2  O d    2  O p   0.000189   0.000000   0.000000   0.000189      0.00%  0.000000
  ==================================================================================

  Excited mixed state   : excitation energy = 19.621742 Eh = 533.9347 eV = 4306474.0 cm**-1 

  ==> Spin-adaptation correction using S+ <==

  Original occupation numbers:
	NA   [     4,    0,    2,    1 ]
	NB   [     5,    0,    1,    1 ]

  Final occupation numbers:
	NA   [     5,    0,    2,    1 ]
	NB   [     4,    0,    1,    1 ]

  Triplet state energy (S+) 1-B1        -93.731801672 Eh 

  Singlet state energy (S+) 1-B1        -93.749757027 Eh 

  Excited triplet state 1-B1 : excitation energy (S+) = 19.630720 Eh = 534.1790 eV = 4308444.3 cm**-1 
  Excited singlet state 1-B1 : excitation energy (S+) = 19.612764 Eh = 533.6904 eV = 4304503.6 cm**-1 

  Transition Dipole Moment = (0.036472,0.000000,0.000000) 
    @Spin Contamination Metric:   2.008449320E+00
   @S^2 Expected:                0.000000000E+00
   @S^2 Observed:                2.008449320E+00
   @S   Expected:                0.000000000E+00
   @S   Observed:                0.000000000E+00


  Saved number of holes per irrep (n = 4): 0  0  0  0  

  Saving occupied orbitals to File 180.

  UHF NO Occupations:
  HONO-2 :    4 A1 1.9988283
  HONO-1 :    1 B2 1.9982521
  HONO-0 :    2 B1 1.0000000
  LUNO+0 :    5 A1 1.0000000
  LUNO+1 :    2 B2 0.0017479
  LUNO+2 :    6 A1 0.0011717
  LUNO+3 :    7 A1 0.0005351


       ==> OCDFT Excited State Information <==

    ----------------------------------------------------------------------------------------------------------
      State       Energy (Eh)    Omega (eV)   Osc. Str.     Osc. Str. (x)  Osc. Str. (y)  Osc. Str. (z) 
    ----------------------------------------------------------------------------------------------------------
     _OCDFT-0    -113.3625213      0.0000     0.00000000     0.00000000     0.00000000     0.00000000 (Ground State)
     @OCDFT-0     -93.7407793    533.6904     0.01739296     0.01739296     0.00000000     0.00000000
    -----------------------------------------------------------------------------------------------------------
	DFT energy........................................................PASSED
	OCDFT singlet energy..............................................PASSED
	OCDFT triplet energy..............................................PASSED

*** PSI4 exiting successfully. Buy a developer a beer!
