    -----------------------------------------------------------------------
          Psi4: An Open-Source Ab Initio Electronic Structure Package
                              Psi4 0.3.126 Driver

                          Git: Rev {master} edd45cc 

    J. M. Turney, A. C. Simmonett, R. M. Parrish, E. G. Hohenstein,
    F. A. Evangelista, J. T. Fermann, B. J. Mintz, L. A. Burns, J. J. Wilke,
    M. L. Abrams, N. J. Russ, M. L. Leininger, C. L. Janssen, E. T. Seidl,
    W. D. Allen, H. F. Schaefer, R. A. King, E. F. Valeev, C. D. Sherrill,
    and T. D. Crawford, WIREs Comput. Mol. Sci. 2, 556-565 (2012)
    (doi: 10.1002/wcms.93)

                         Additional Contributions by
    A. E. DePrince, M. Saitow, U. Bozkaya, A. Yu. Sokolov
    -----------------------------------------------------------------------


    Psi4 started on: Fri Sep 11 12:52:13 2015

    Process ID:  67490
    PSI4DATADIR: /Users/wderri2/Source/psi4/lib
    Memory level set to 256.000 MB

  ==> Input File <==

--------------------------------------------------------------------------
#! OCDFT CPH algorithm test, B3LYP computation on ethene

import cdft

refdft                = -78.59098798412927 #TEST
refocdft_singlet_spin = -78.319791740 #TEST
refocdft_triplet_spin = -78.422818145 #TEST

molecule {
0 1
H   0.000000   0.923274   1.238289
H   0.000000  -0.923274   1.238289
H   0.000000   0.923274  -1.238289
H   0.000000  -0.923274  -1.238289
C   0.000000   0.000000   0.668188
C   0.000000   0.000000  -0.668188
}

set {
  basis cc-pvdz
  df_basis_scf cc-pvdz-jkfit
  guess sad
  scf_type df
  dft_spherical_points 302
  dft_radial_points 75
  reference uks
  maxiter 200
  e_convergence 11 
  d_convergence 6
}

set cdft {
  roots_per_irrep [0,0,0,0,0,1,0,0]
  cdft_exc_method chp-fb
}

set dft_functional B3LYP

energy('ocdft')

compare_values(refdft, get_variable("DFT ENERGY"),8, "DFT energy") #TEST
compare_values(refocdft_singlet_spin, get_variable("OCDFT SINGLET ENERGY"),8, "OCDFT singlet energy") #TEST
compare_values(refocdft_triplet_spin, get_variable("OCDFT TRIPLET ENERGY"),8, "OCDFT triplet energy") #TEST
--------------------------------------------------------------------------
/Users/wderri2/Source/cdft/cdft.so loaded.
Reading options from the CDFT block
Calling plugin cdft.so.

  ==> Orthogonality Constrained DFT <==

         ---------------------------------------------------------
                                   SCF
            by Justin Turney, Rob Parrish, and Andy Simmonett
                              UKS Reference
                        1 Threads,    256 MiB Core
         ---------------------------------------------------------

  ==> Geometry <==

    Molecular point group: d2h
    Full point group: D2h

    Geometry (in Angstrom), charge = 0, multiplicity = 1:

       Center              X                  Y                   Z               Mass       
    ------------   -----------------  -----------------  -----------------  -----------------
           H         -0.000000000000     0.923274000000     1.238289000000     1.007825032070
           H          0.000000000000    -0.923274000000     1.238289000000     1.007825032070
           H         -0.000000000000     0.923274000000    -1.238289000000     1.007825032070
           H          0.000000000000    -0.923274000000    -1.238289000000     1.007825032070
           C          0.000000000000     0.000000000000     0.668188000000    12.000000000000
           C          0.000000000000     0.000000000000    -0.668188000000    12.000000000000

  Running in d2h symmetry.

  Rotational constants: A =      4.90558  B =      0.99768  C =      0.82907 [cm^-1]
  Rotational constants: A = 147065.51639  B =  29909.67957  C =  24854.79644 [MHz]
  Nuclear repulsion =   33.298097662285691

  Charge       = 0
  Multiplicity = 1
  Electrons    = 16
  Nalpha       = 8
  Nbeta        = 8

  ==> Algorithm <==

  SCF Algorithm Type is DF.
  DIIS enabled.
  MOM disabled.
  Fractional occupation disabled.
  Guess Type is SAD.
  Energy threshold   = 1.00e-11
  Density threshold  = 1.00e-06
  Integral threshold = 1.00e-12

  ==> Primary Basis <==

  Basis Set: CC-PVDZ
    Number of shells: 24
    Number of basis function: 48
    Number of Cartesian functions: 50
    Spherical Harmonics?: true
    Max angular momentum: 2

  ==> DFT Potential <==

   => B3LYP Composite Functional <= 

    B3LYP Hybrid-GGA Exchange-Correlation Functional

    P.J. Stephens et. al., J. Phys. Chem., 98, 11623-11627, 1994

    Points   =           5000
    Deriv    =              1
    GGA      =           TRUE
    Meta     =          FALSE

    X_LRC        =          FALSE
    X_Hybrid     =           TRUE
    X_Alpha      =   2.000000E-01
    X_Omega      =   0.000000E+00
    C_LRC        =          FALSE
    C_Hybrid     =          FALSE
    C_Alpha      =   0.000000E+00
    C_Omega      =   0.000000E+00

   => Exchange Functionals <=

    0.8000    B3_X
    0.2000      HF 

   => Correlation Functionals <=

    0.1900 VWN3RPA_C
    0.8100   LYP_C

   => Molecular Quadrature <=

    Radial Scheme    =       TREUTLER
    Pruning Scheme   =           FLAT
    Nuclear Scheme   =       TREUTLER

    BS radius alpha  =              1
    Pruning alpha    =              1
    Radial Points    =             75
    Spherical Points =            302
    Total Points     =         133224
    Total Blocks     =            124
    Max Points       =           4721
    Max Functions    =             48


  ==> Unrestricted Orthogonality Constrained DFT (OCDFT) <==

  ==> Pre-Iterations <==

   -------------------------------------------------------
    Irrep   Nso     Nmo     Nalpha   Nbeta   Ndocc  Nsocc
   -------------------------------------------------------
     Ag        11      11       0       0       0       0
     B1g        2       2       0       0       0       0
     B2g        4       4       0       0       0       0
     B3g        7       7       0       0       0       0
     Au         2       2       0       0       0       0
     B1u       11      11       0       0       0       0
     B2u        7       7       0       0       0       0
     B3u        4       4       0       0       0       0
   -------------------------------------------------------
    Total      48      48       8       8       8       0
   -------------------------------------------------------

 OEINTS: Overlap, kinetic, potential, dipole, and quadrupole integrals
         stored in file 35.

  ==> Integral Setup <==

  ==> DFJK: Density-Fitted J/K Matrices <==

    J tasked:                  Yes
    K tasked:                  Yes
    wK tasked:                  No
    OpenMP threads:              1
    Integrals threads:           1
    Memory (MB):               183
    Algorithm:                Core
    Integral Cache:           NONE
    Schwarz Cutoff:          1E-12
    Fitting Condition:       1E-12

   => Auxiliary Basis Set <=

  Basis Set: CC-PVDZ-JKFIT
    Number of shells: 84
    Number of basis function: 232
    Number of Cartesian functions: 262
    Spherical Harmonics?: true
    Max angular momentum: 3

  Minimum eigenvalue in the overlap matrix is 4.8552890517E-03.
  Using Symmetric Orthogonalization.
  SCF Guess: Superposition of Atomic Densities via on-the-fly atomic UHF.

  ==> Iterations <==

                           Total Energy        Delta E     RMS |[F,P]|

   @DF-UKS iter   0:   -79.08015887491855   -7.90802e+01   5.93845e-02 
   @DF-UKS iter   1:   -78.53922945754778    5.40929e-01   1.98603e-02 
   @DF-UKS iter   2:   -78.53351372762830    5.71573e-03   1.02003e-02 DIIS
   @DF-UKS iter   3:   -78.59097816362080   -5.74644e-02   1.76022e-04 DIIS
   @DF-UKS iter   4:   -78.59098759106888   -9.42745e-06   2.99852e-05 DIIS
   @DF-UKS iter   5:   -78.59098797481937   -3.83750e-07   3.83596e-06 DIIS
   @DF-UKS iter   6:   -78.59098798410568   -9.28631e-09   3.03852e-07 DIIS
   @DF-UKS iter   7:   -78.59098798412909   -2.34053e-11   1.82756e-08 DIIS
   @DF-UKS iter   8:   -78.59098798412923   -1.42109e-13   3.07235e-09 DIIS

  ==> Post-Iterations <==

   @Spin Contamination Metric:   0.000000000E+00
   @S^2 Expected:                0.000000000E+00
   @S^2 Observed:                0.000000000E+00
   @S   Expected:                0.000000000E+00
   @S   Observed:                0.000000000E+00

    Orbital Energies (a.u.)
    -----------------------

    Alpha Occupied:                                                       

       1Ag   -10.188657     1B1u  -10.187883     2Ag    -0.759815  
       2B1u   -0.580420     1B2u   -0.467258     3Ag    -0.419290  
       1B3g   -0.355710     1B3u   -0.272927  

    Alpha Virtual:                                                        

       1B2g    0.006723     4Ag     0.081579     2B2u    0.105464  
       3B1u    0.113047     2B3g    0.185508     4B1u    0.310192  
       5Ag     0.406436     3B2u    0.424477     2B3u    0.478255  
       6Ag     0.498478     5B1u    0.550824     2B2g    0.567973  
       4B2u    0.646776     3B3g    0.679660     6B1u    0.723525  
       7Ag     0.804508     1B1g    0.904986     4B3g    1.014663  
       3B3u    1.018796     7B1u    1.022554     1Au     1.049866  
       8Ag     1.340410     5B3g    1.476536     5B2u    1.487681  
       3B2g    1.547808     8B1u    1.581091     9Ag     1.586098  
       6B2u    1.630985     2B1g    1.699322     4B3u    1.703700  
       9B1u    1.937594     4B2g    1.939778     2Au     2.076465  
       6B3g    2.113743    10Ag     2.208506    10B1u    2.329270  
      11Ag     2.373491     7B2u    2.456369    11B1u    2.771971  
       7B3g    3.040911  

    Beta Occupied:                                                        

       1Ag   -10.188657     1B1u  -10.187883     2Ag    -0.759815  
       2B1u   -0.580420     1B2u   -0.467258     3Ag    -0.419290  
       1B3g   -0.355710     1B3u   -0.272927  

    Beta Virtual:                                                         

       1B2g    0.006723     4Ag     0.081579     2B2u    0.105464  
       3B1u    0.113047     2B3g    0.185508     4B1u    0.310192  
       5Ag     0.406436     3B2u    0.424477     2B3u    0.478255  
       6Ag     0.498478     5B1u    0.550824     2B2g    0.567973  
       4B2u    0.646776     3B3g    0.679660     6B1u    0.723525  
       7Ag     0.804508     1B1g    0.904986     4B3g    1.014663  
       3B3u    1.018796     7B1u    1.022554     1Au     1.049866  
       8Ag     1.340410     5B3g    1.476536     5B2u    1.487681  
       3B2g    1.547808     8B1u    1.581091     9Ag     1.586098  
       6B2u    1.630985     2B1g    1.699322     4B3u    1.703700  
       9B1u    1.937594     4B2g    1.939778     2Au     2.076465  
       6B3g    2.113743    10Ag     2.208506    10B1u    2.329270  
      11Ag     2.373491     7B2u    2.456369    11B1u    2.771971  
       7B3g    3.040911  

    Final Occupation by Irrep:
             Ag   B1g   B2g   B3g    Au   B1u   B2u   B3u 
    DOCC [     3,    0,    0,    1,    0,    2,    1,    1 ]
    SOCC [     0,    0,    0,    0,    0,    0,    0,    0 ]

  Energy converged.

  @DF-UKS Final Energy:   -78.59098798412923

   => Energetics <=

    Nuclear Repulsion Energy =              0.0000000000000000
    One-Electron Energy =                   0.0000000000000000
    Two-Electron Energy =                   0.0000000000000000
    DFT Exchange-Correlation Energy =       0.0000000000000000
    Empirical Dispersion Energy =           0.0000000000000000
    PCM Polarization Energy =               0.0000000000000000
    EFP Energy =                            0.0000000000000000
    Total Energy =                          0.0000000000000000

    Alert: EFP and PCM quantities not currently incorporated into SCF psivars.

Properties will be evaluated at   0.000000,   0.000000,   0.000000 Bohr
  ==> Properties <==


Properties computed using the SCF density matrix

  Nuclear Dipole Moment: (a.u.)
     X:     0.0000      Y:     0.0000      Z:     0.0000

  Electronic Dipole Moment: (a.u.)
     X:     0.0000      Y:     0.0000      Z:     0.0000

  Dipole Moment: (a.u.)
     X:     0.0000      Y:     0.0000      Z:     0.0000     Total:     0.0000

  Dipole Moment: (Debye)
     X:     0.0000      Y:     0.0000      Z:     0.0000     Total:     0.0000


  Saving occupied orbitals to File 180.

  UHF NO Occupations:
  HONO-2 :    1B3g 2.0000000
  HONO-1 :    2 Ag 2.0000000
  HONO-0 :    3 Ag 2.0000000
  LUNO+0 :    4 Ag 0.0000000
  LUNO+1 :    5 Ag 0.0000000
  LUNO+2 :    2B3u 0.0000000
  LUNO+3 :    2B3g 0.0000000



  ==== Computing 1 state of symmetry 5 ====

         ---------------------------------------------------------
                                   SCF
            by Justin Turney, Rob Parrish, and Andy Simmonett
                              UKS Reference
                        1 Threads,    256 MiB Core
         ---------------------------------------------------------

  ==> Geometry <==

    Molecular point group: d2h
    Full point group: D2h

    Geometry (in Angstrom), charge = 0, multiplicity = 1:

       Center              X                  Y                   Z               Mass       
    ------------   -----------------  -----------------  -----------------  -----------------
           H         -0.000000000000     0.923274000000     1.238289000000     1.007825032070
           H          0.000000000000    -0.923274000000     1.238289000000     1.007825032070
           H         -0.000000000000     0.923274000000    -1.238289000000     1.007825032070
           H          0.000000000000    -0.923274000000    -1.238289000000     1.007825032070
           C          0.000000000000     0.000000000000     0.668188000000    12.000000000000
           C          0.000000000000     0.000000000000    -0.668188000000    12.000000000000

  Running in d2h symmetry.

  Rotational constants: A =      4.90558  B =      0.99768  C =      0.82907 [cm^-1]
  Rotational constants: A = 147065.51639  B =  29909.67957  C =  24854.79644 [MHz]
  Nuclear repulsion =   33.298097662285691

  Charge       = 0
  Multiplicity = 1
  Electrons    = 16
  Nalpha       = 8
  Nbeta        = 8

  ==> Algorithm <==

  SCF Algorithm Type is DF.
  DIIS enabled.
  MOM disabled.
  Fractional occupation disabled.
  Guess Type is SAD.
  Energy threshold   = 1.00e-11
  Density threshold  = 1.00e-06
  Integral threshold = 1.00e-12

  ==> Primary Basis <==

  Basis Set: CC-PVDZ
    Number of shells: 24
    Number of basis function: 48
    Number of Cartesian functions: 50
    Spherical Harmonics?: true
    Max angular momentum: 2

  ==> DFT Potential <==

   => B3LYP Composite Functional <= 

    B3LYP Hybrid-GGA Exchange-Correlation Functional

    P.J. Stephens et. al., J. Phys. Chem., 98, 11623-11627, 1994

    Points   =           5000
    Deriv    =              1
    GGA      =           TRUE
    Meta     =          FALSE

    X_LRC        =          FALSE
    X_Hybrid     =           TRUE
    X_Alpha      =   2.000000E-01
    X_Omega      =   0.000000E+00
    C_LRC        =          FALSE
    C_Hybrid     =          FALSE
    C_Alpha      =   0.000000E+00
    C_Omega      =   0.000000E+00

   => Exchange Functionals <=

    0.8000    B3_X
    0.2000      HF 

   => Correlation Functionals <=

    0.1900 VWN3RPA_C
    0.8100   LYP_C

   => Molecular Quadrature <=

    Radial Scheme    =       TREUTLER
    Pruning Scheme   =           FLAT
    Nuclear Scheme   =       TREUTLER

    BS radius alpha  =              1
    Pruning alpha    =              1
    Radial Points    =             75
    Spherical Points =            302
    Total Points     =         133224
    Total Blocks     =            124
    Max Points       =           4721
    Max Functions    =             48


  ==> Unrestricted Orthogonality Constrained DFT (OCDFT) <==

  Saving the reference orbitals for an excited state computation

  Projecting out only holes.

    Saved number of holes per irrep (n = 8): 0  0  0  0  0  0  0  0  

    Saved number of particles per irrep (n = 8): 0  0  0  0  0  0  0  0  

    Saved number of holes per irrep (n = 8): 0  0  0  0  0  0  0  0  
  ==> Pre-Iterations <==

   -------------------------------------------------------
    Irrep   Nso     Nmo     Nalpha   Nbeta   Ndocc  Nsocc
   -------------------------------------------------------
     Ag        11      11       0       0       0       0
     B1g        2       2       0       0       0       0
     B2g        4       4       0       0       0       0
     B3g        7       7       0       0       0       0
     Au         2       2       0       0       0       0
     B1u       11      11       0       0       0       0
     B2u        7       7       0       0       0       0
     B3u        4       4       0       0       0       0
   -------------------------------------------------------
    Total      48      48       8       8       8       0
   -------------------------------------------------------

 OEINTS: Overlap, kinetic, potential, dipole, and quadrupole integrals
         stored in file 35.

  ==> Integral Setup <==

  ==> DFJK: Density-Fitted J/K Matrices <==

    J tasked:                  Yes
    K tasked:                  Yes
    wK tasked:                  No
    OpenMP threads:              1
    Integrals threads:           1
    Memory (MB):               183
    Algorithm:                Core
    Integral Cache:           NONE
    Schwarz Cutoff:          1E-12
    Fitting Condition:       1E-12

   => Auxiliary Basis Set <=

  Basis Set: CC-PVDZ-JKFIT
    Number of shells: 84
    Number of basis function: 232
    Number of Cartesian functions: 262
    Spherical Harmonics?: true
    Max angular momentum: 3

  Minimum eigenvalue in the overlap matrix is 4.8552890517E-03.
  Using Symmetric Orthogonalization.
  Projecting out 0 previous holes

  Ground state symmetry: Ag
  Excited state symmetry: B1u

  Lowest energy excitations:
  --------------------------------------
    N   Occupied     Virtual     E(eV)  
  --------------------------------------
    1      1B3u  ->    1B2g       7.610
    2      1B3g  ->    2B2u      12.549
    3      3Ag   ->    3B1u      14.486
    4      1B2u  ->    2B3g      17.763
    5      2B1u  ->    4Ag       18.014
    6      3Ag   ->    4B1u      19.850
    7      1B3g  ->    3B2u      21.230
    8      1B3u  ->    2B2g      22.882
    9      2Ag   ->    3B1u      23.752
   10      3Ag   ->    5B1u      26.398
  --------------------------------------

  HOLES:        1B3u (-0.272927)
  PARTICLES:    1B2g (+0.006723)


  Frozen beta algorithm

  Allocated beta matrices!!!
  ==> Iterations <==

                           Total Energy        Delta E     RMS |[F,P]|

  Projecting out 0 previous holes

  HOLES:        1B3u (-0.236998)
  PARTICLES:    1B2g (-0.074192)


  Frozen beta algorithm
   @DF-UKS iter   1:   -78.36936774372525   -2.69105e+01   2.89273e-03 
  Projecting out 0 previous holes

  HOLES:        1B3u (-0.226815)
  PARTICLES:    1B2g (-0.066671)


  Frozen beta algorithm
   @DF-UKS iter   2:   -78.37109688158489   -1.72914e-03   5.69791e-04 DIIS
  Projecting out 0 previous holes

  HOLES:        1B3u (-0.224880)
  PARTICLES:    1B2g (-0.065636)


  Frozen beta algorithm
   @DF-UKS iter   3:   -78.37129823268161   -2.01351e-04   1.00721e-04 DIIS
  Projecting out 0 previous holes

  HOLES:        1B3u (-0.224804)
  PARTICLES:    1B2g (-0.065609)


  Frozen beta algorithm
   @DF-UKS iter   4:   -78.37130493233730   -6.69966e-06   4.34259e-06 DIIS
  Projecting out 0 previous holes

  HOLES:        1B3u (-0.224797)
  PARTICLES:    1B2g (-0.065602)


  Frozen beta algorithm
   @DF-UKS iter   5:   -78.37130494544463   -1.31073e-08   1.12736e-06 DIIS
  Projecting out 0 previous holes

  HOLES:        1B3u (-0.224799)
  PARTICLES:    1B2g (-0.065599)


  Frozen beta algorithm
   @DF-UKS iter   6:   -78.37130494496733    4.77300e-10   3.21458e-06 DIIS
  Projecting out 0 previous holes

  HOLES:        1B3u (-0.224804)
  PARTICLES:    1B2g (-0.065607)


  Frozen beta algorithm
   @DF-UKS iter   7:   -78.37130494298457    1.98277e-09   2.67709e-06 DIIS
  Projecting out 0 previous holes

  HOLES:        1B3u (-0.224806)
  PARTICLES:    1B2g (-0.065606)


  Frozen beta algorithm
   @DF-UKS iter   8:   -78.37130494501278   -2.02822e-09   2.98236e-07 DIIS
  Projecting out 0 previous holes

  HOLES:        1B3u (-0.224802)
  PARTICLES:    1B2g (-0.065602)


  Frozen beta algorithm
   @DF-UKS iter   9:   -78.37130494493873    7.40528e-11   7.91272e-07 DIIS
  Projecting out 0 previous holes

  HOLES:        1B3u (-0.224799)
  PARTICLES:    1B2g (-0.065597)


  Frozen beta algorithm
   @DF-UKS iter  10:   -78.37130494461981    3.18920e-10   1.98951e-06 DIIS
  Projecting out 0 previous holes

  HOLES:        1B3u (-0.224794)
  PARTICLES:    1B2g (-0.065596)


  Frozen beta algorithm
   @DF-UKS iter  11:   -78.37130494271732    1.90249e-09   1.15679e-06 DIIS
  Projecting out 0 previous holes

  HOLES:        1B3u (-0.224796)
  PARTICLES:    1B2g (-0.065595)


  Frozen beta algorithm
   @DF-UKS iter  12:   -78.37130494118803    1.52929e-09   1.30063e-06 DIIS
  Projecting out 0 previous holes

  HOLES:        1B3u (-0.224796)
  PARTICLES:    1B2g (-0.065596)


  Frozen beta algorithm
   @DF-UKS iter  13:   -78.37130494236942   -1.18139e-09   1.23362e-07 DIIS
  Projecting out 0 previous holes

  HOLES:        1B3u (-0.224796)
  PARTICLES:    1B2g (-0.065596)


  Frozen beta algorithm
   @DF-UKS iter  14:   -78.37130494237381   -4.39115e-12   1.10352e-08 DIIS

  ==> Post-Iterations <==

   @Spin Contamination Metric:   1.001356355E+00
   @S^2 Expected:                0.000000000E+00
   @S^2 Observed:                1.001356355E+00
   @S   Expected:                0.000000000E+00
   @S   Observed:                0.000000000E+00

    Orbital Energies (a.u.)
    -----------------------

    Alpha Occupied:                                                       

       1B2g -100.000000     1Ag   -10.202040     1B1u  -10.201407  
       2Ag    -0.778521     2B1u   -0.585173     1B2u   -0.478922  
       3Ag    -0.431808     1B3g   -0.360850  

    Alpha Virtual:                                                        

       4Ag     0.078940     2B2u    0.099426     3B1u    0.111852  
       2B3g    0.183083     4B1u    0.307524     5Ag     0.400210  
       3B2u    0.418408     1B3u    0.467873     6Ag     0.493977  
       5B1u    0.538699     2B2g    0.549315     4B2u    0.634126  
       3B3g    0.671012     6B1u    0.718127     7Ag     0.799583  
       1B1g    0.894654     7B1u    1.005412     4B3g    1.007622  
       2B3u    1.007988     1Au     1.039392     8Ag     1.328527  
       5B3g    1.476145     5B2u    1.484096     3B2g    1.542447  
       8B1u    1.572387     9Ag     1.576563     6B2u    1.621603  
       2B1g    1.692906     3B3u    1.697538     9B1u    1.925161  
       4B2g    1.929211     2Au     2.064647     6B3g    2.107956  
      10Ag     2.202371    10B1u    2.325555    11Ag     2.369131  
       7B2u    2.447532    11B1u    2.762957     7B3g    3.030588  
       4B3u  100.000000  

    Beta Occupied:                                                        

       1B3u    0.000000     1Ag     0.000000     2Ag     0.000000  
       3Ag     0.000000     1B1u    0.000000     2B1u    0.000000  
       1B3g    0.000000     1B2u    0.000000  

    Beta Virtual:                                                         

       2B3u    0.000000     3B3u    0.000000     4B3u    0.000000  
       4Ag     0.000000     5Ag     0.000000     6Ag     0.000000  
       7Ag     0.000000     8Ag     0.000000     9Ag     0.000000  
      10Ag     0.000000    11Ag     0.000000     1Au     0.000000  
       2Au     0.000000     1B1g    0.000000     2B1g    0.000000  
       3B1u    0.000000     4B1u    0.000000     5B1u    0.000000  
       6B1u    0.000000     7B1u    0.000000     8B1u    0.000000  
       9B1u    0.000000    10B1u    0.000000    11B1u    0.000000  
       1B2g    0.000000     2B2g    0.000000     3B2g    0.000000  
       4B2g    0.000000     2B3g    0.000000     3B3g    0.000000  
       4B3g    0.000000     5B3g    0.000000     6B3g    0.000000  
       7B3g    0.000000     2B2u    0.000000     3B2u    0.000000  
       4B2u    0.000000     5B2u    0.000000     6B2u    0.000000  
       7B2u    0.000000  

    Final Occupation by Irrep:
             Ag   B1g   B2g   B3g    Au   B1u   B2u   B3u 
    DOCC [     3,    0,    0,    1,    0,    2,    1,    0 ]
    SOCC [     0,    0,    1,    0,    0,    0,    0,    1 ]

  Energy converged.

  @DF-UKS Final Energy:   -78.37130494237381

   => Energetics <=

    Nuclear Repulsion Energy =              0.0000000000000000
    One-Electron Energy =                   0.0000000000000000
    Two-Electron Energy =                   0.0000000000000000
    DFT Exchange-Correlation Energy =       0.0000000000000000
    Empirical Dispersion Energy =           0.0000000000000000
    PCM Polarization Energy =               0.0000000000000000
    EFP Energy =                            0.0000000000000000
    Total Energy =                          0.0000000000000000

    Alert: EFP and PCM quantities not currently incorporated into SCF psivars.

Properties will be evaluated at   0.000000,   0.000000,   0.000000 Bohr
  ==> Properties <==


Properties computed using the SCF density matrix

  Nuclear Dipole Moment: (a.u.)
     X:     0.0000      Y:     0.0000      Z:     0.0000

  Electronic Dipole Moment: (a.u.)
     X:     0.0000      Y:     0.0000      Z:     0.0000

  Dipole Moment: (a.u.)
     X:     0.0000      Y:     0.0000      Z:     0.0000     Total:     0.0000

  Dipole Moment: (Debye)
     X:     0.0000      Y:     0.0000      Z:     0.0000     Total:     0.0000



  Analysis of the hole/particle MOs in terms of the ground state DFT MOs
  Hole:          0B3u =  100.0% 1B3u
  Particle:      0B2g =  100.0% 1B2g


  Computing transition dipole moments
  2 determinants stored
 det U = -1.000000, det V = -1.000000
 det U = -1.000000, det V = -1.000000
  Corresponding orbitals:
  A(alpha):  (7, 0)
  B(alpha):  (2, 0)
  s(alpha):  0.000000e+00
  A(beta):  
  B(beta):  
  s(beta):  
  Stilde = 0.999322


Properties will be evaluated at   0.000000,   0.000000,   0.000000 Bohr
  ==> Transition dipole moment computed with OCDFT <==


Properties computed using the OCDFT TRANSITION density matrix

  Transition Dipole Moment: (a.u.)
     X:     0.0000      Y:     0.0000      Z:    -2.6786     Total:     2.6786

  Transition Dipole Moment: (Debye)
     X:     0.0000      Y:     0.0000      Z:    -6.8083     Total:     6.8083


  Dipole moments from AO integrals: 0.0000 -0.0000 0.0000
  Mulliken Population Analysis of the Transition Dipole Moment:

  ===============================================================
   Initial     Final     mu(x)      mu(y)      mu(z)       |mu|
  ---------------------------------------------------------------
    4  H s    4  H s  -0.000000   0.169253   0.227001   0.283154
    3  H s    3  H s   0.000000  -0.169253   0.227001   0.283154
    2  H s    2  H s  -0.000000   0.169253  -0.227001   0.283154
    1  H s    1  H s   0.000000  -0.169253  -0.227001   0.283154
    4  H p    4  H p  -0.000000   0.144771   0.194166   0.242196
    3  H p    3  H p   0.000000  -0.144771   0.194166   0.242196
    2  H p    2  H p  -0.000000   0.144771  -0.194166   0.242196
    1  H p    1  H p   0.000000  -0.144771  -0.194166   0.242196
    4  H s    3  H s   0.000000  -0.000271   0.104895   0.104895
    3  H s    4  H s  -0.000000   0.000271   0.104895   0.104895
    2  H s    1  H s   0.000000  -0.000271  -0.104895   0.104895
    1  H s    2  H s  -0.000000   0.000271  -0.104895   0.104895
    4  H s    4  H p   0.000000   0.003278   0.077593   0.077662
    3  H s    3  H p  -0.000000  -0.003278   0.077593   0.077662
    2  H s    2  H p   0.000000   0.003278  -0.077593   0.077662
    1  H s    1  H p  -0.000000  -0.003278  -0.077593   0.077662
    4  H s    2  H s   0.000000  -0.042586   0.000140   0.042586
    3  H s    1  H s  -0.000000   0.042586   0.000140   0.042586
    2  H s    4  H s   0.000000  -0.042586  -0.000140   0.042586
    1  H s    3  H s  -0.000000   0.042586  -0.000140   0.042586
    4  H p    4  H s  -0.000000  -0.002861   0.037722   0.037831
    3  H p    3  H s   0.000000   0.002861   0.037722   0.037831
    2  H p    2  H s  -0.000000  -0.002861  -0.037722   0.037831
    1  H p    1  H s   0.000000   0.002861  -0.037722   0.037831
    4  H s    3  H p  -0.000000   0.000052   0.018988   0.018988
    3  H s    4  H p   0.000000  -0.000052   0.018988   0.018988
    2  H s    1  H p  -0.000000   0.000052  -0.018988   0.018988
    1  H s    2  H p   0.000000  -0.000052  -0.018988   0.018988
    4  H s    2  H p  -0.000000   0.014632  -0.006767   0.016121
    3  H s    1  H p   0.000000  -0.014632  -0.006767   0.016121
    2  H s    4  H p  -0.000000   0.014632   0.006767   0.016121
    1  H s    3  H p   0.000000  -0.014632   0.006767   0.016121
    4  H p    3  H s  -0.000000   0.000045   0.011509   0.011509
    3  H p    4  H s   0.000000  -0.000045   0.011509   0.011509
    2  H p    1  H s  -0.000000   0.000045  -0.011509   0.011509
    1  H p    2  H s   0.000000  -0.000045  -0.011509   0.011509
    4  H p    2  H s  -0.000000   0.007446   0.003246   0.008123
    3  H p    1  H s   0.000000  -0.007446   0.003246   0.008123
    2  H p    4  H s  -0.000000   0.007446  -0.003246   0.008123
    1  H p    3  H s   0.000000  -0.007446  -0.003246   0.008123
    4  H s    1  H p   0.000000  -0.002979  -0.002019   0.003599
    3  H s    2  H p  -0.000000   0.002979  -0.002019   0.003599
    2  H s    3  H p   0.000000  -0.002979   0.002019   0.003599
    1  H s    4  H p  -0.000000   0.002979   0.002019   0.003599
    4  H p    3  H p   0.000000   0.000000   0.002330   0.002330
    3  H p    4  H p   0.000000   0.000000   0.002330   0.002330
    2  H p    1  H p   0.000000   0.000000  -0.002330   0.002330
    1  H p    2  H p   0.000000   0.000000  -0.002330   0.002330
    4  H p    1  H s  -0.000000   0.001421   0.000800   0.001631
    3  H p    2  H s   0.000000  -0.001421   0.000800   0.001631
    2  H p    3  H s  -0.000000   0.001421  -0.000800   0.001631
    1  H p    4  H s   0.000000  -0.001421  -0.000800   0.001631
    4  H p    2  H p   0.000000  -0.000758  -0.000000   0.000758
    3  H p    1  H p  -0.000000   0.000758  -0.000000   0.000758
    2  H p    4  H p   0.000000  -0.000758   0.000000   0.000758
    1  H p    3  H p  -0.000000   0.000758   0.000000   0.000758
    4  H s    1  H s  -0.000000   0.000032   0.000043   0.000053
    3  H s    2  H s   0.000000  -0.000032   0.000043   0.000053
    2  H s    3  H s  -0.000000   0.000032  -0.000043   0.000053
    1  H s    4  H s   0.000000  -0.000032  -0.000043   0.000053
  ===============================================================


  ===============================================================

  Excited mixed state   : excitation energy =  0.219683 Eh =   5.9779 eV =   48214.8 cm**-1 

  ==> Spin-adaptation correction using S+ <==
  Most important corresponding occupied/virtual orbitals:

  Pair  Irrep  MO  <phi_b|phi_a>
     0     B3u    0    1.000000
     1     B2u    0    0.021225
     2      Ag    0    0.021052
     3     B1u    0    0.015704
     4     B3g    0    0.014094
     5      Ag    1    0.004123
     6     B1u    1    0.000573
     7      Ag    2    0.000280

  Original occupation numbers:
	NA   [     3,    0,    1,    1,    0,    2,    1,    0 ]
	NB   [     3,    0,    0,    1,    0,    2,    1,    1 ]

  Final occupation numbers:
	NA   [     3,    0,    1,    1,    0,    2,    1,    1 ]
	NB   [     3,    0,    0,    1,    0,    2,    1,    0 ]

  Triplet state energy (S+) 1-B1u        -78.422818145 Eh 

  Singlet state energy (S+) 1-B1u        -78.319791740 Eh 

  Excited triplet state 1-B1u : excitation energy (S+) =  0.168170 Eh =   4.5761 eV =   36909.0 cm**-1 
  Excited singlet state 1-B1u : excitation energy (S+) =  0.271196 Eh =   7.3796 eV =   59520.7 cm**-1 

  Transition Dipole Moment = (0.000000,0.000000,-2.678579)

   @Spin Contamination Metric:   2.001356355E+00
   @S^2 Expected:                0.000000000E+00
   @S^2 Observed:                2.001356355E+00
   @S   Expected:                0.000000000E+00
   @S   Observed:                0.000000000E+00


  Saved number of holes per irrep (n = 8): 0  0  0  0  0  0  0  0  

  Saving occupied orbitals to File 180.

  UHF NO Occupations:
  HONO-2 :    3 Ag 1.9997784
  HONO-1 :    1B2u 1.9997747
  HONO-0 :    1B3u 1.0000000
  LUNO+0 :    1B2g 1.0000000
  LUNO+1 :    2B2u 0.0002253
  LUNO+2 :    4 Ag 0.0002216
  LUNO+3 :    3B1u 0.0001233


       ==> OCDFT Excited State Information <==

    ----------------------------------------------------
      State       Energy (Eh)    Omega (eV)   Osc. Str.
    ----------------------------------------------------
     @OCDFT-0     -78.5909880      0.0000      0.0000
     @OCDFT-1     -78.3713049      7.3796      1.2972
    ----------------------------------------------------

*** PSI4 exiting successfully. Buy a developer a beer!
