    -----------------------------------------------------------------------
          Psi4: An Open-Source Ab Initio Electronic Structure Package
                              Psi4 0.3.61 Driver

                          Git: Rev {master} 6495684 dirty

    J. M. Turney, A. C. Simmonett, R. M. Parrish, E. G. Hohenstein,
    F. A. Evangelista, J. T. Fermann, B. J. Mintz, L. A. Burns, J. J. Wilke,
    M. L. Abrams, N. J. Russ, M. L. Leininger, C. L. Janssen, E. T. Seidl,
    W. D. Allen, H. F. Schaefer, R. A. King, E. F. Valeev, C. D. Sherrill,
    and T. D. Crawford, WIREs Comput. Mol. Sci. 2, 556-565 (2012)
    (doi: 10.1002/wcms.93)

                         Additional Contributions by
    A. E. DePrince, M. Saitow, U. Bozkaya, A. Yu. Sokolov
    -----------------------------------------------------------------------


    Psi4 started on: Mon Sep  7 22:46:28 2015

    Process ID:  25998
    PSI4DATADIR: /Users/francesco/Source/psi4/lib
    Memory level set to 256.000 MB

  ==> Input File <==

--------------------------------------------------------------------------
#! Tests NOCI using DF integrals and the libfock class
import ocdft 

refnoci = [-91.899683696186, -91.836522371331, -91.785319104579,
           -91.743627763050, -91.719255665707, -91.709095535452,
           -91.680982627881, -91.655480299562, -91.235864422723]

molecule {
1 1
C          2.37059       -1.21851        0.91624
N          1.25941       -1.84561        0.86389
H          2.70138       -0.59950       -0.05828
H          0.17401       -2.15371        1.00621
}

set {
  basis sto-3g
  scf_type df
  df_basis_scf aug-cc-pV5Z-JKFIT
  reference uhf
  e_convergence 9
  d_convergence 1
  maxiter 100
}

set cdft {
  OCC_FROZEN [2]
  VIR_FROZEN [2]
}

energy('fasnocis')

for n in xrange(9):
    compare_values(refnoci[n], get_variable("NOCI ENERGY STATE %d" % n),8, "NOCI Energy State %d" % n) #TEST

--------------------------------------------------------------------------
/Users/francesco/Source/cdft/cdft.so loaded.
Reading options from the CDFT block
Calling plugin cdft.so.

  ==> Frozen-active-space NOCI Singles <==

         ---------------------------------------------------------
                                   SCF
            by Justin Turney, Rob Parrish, and Andy Simmonett
                              UHF Reference
                        1 Threads,    256 MiB Core
         ---------------------------------------------------------

  ==> Geometry <==

    Molecular point group: c1
    Full point group: C1

    Geometry (in Angstrom), charge = 1, multiplicity = 1:

       Center              X                  Y                   Z               Mass       
    ------------   -----------------  -----------------  -----------------  -----------------
           C          0.622452528399     0.324782523391     0.057980247504    12.000000000000
           N         -0.488727471601    -0.302317476609     0.005630247504    14.003074004780
           H          0.953242528399     0.943792523391    -0.916539752496     1.007825032070
           H         -1.574127471601    -0.610417476609     0.147950247504     1.007825032070

  Running in c1 symmetry.

  Rotational constants: A =     16.25192  B =      1.11088  C =      1.04976 [cm^-1]
  Rotational constants: A = 487220.20505  B =  33303.19572  C =  31471.07427 [MHz]
  Nuclear repulsion =   26.552028607681898

  Charge       = 1
  Multiplicity = 1
  Electrons    = 14
  Nalpha       = 7
  Nbeta        = 7

  ==> Algorithm <==

  SCF Algorithm Type is DF.
  DIIS enabled.
  MOM disabled.
  Fractional occupation disabled.
  Guess Type is CORE.
  Energy threshold   = 1.00e-09
  Density threshold  = 1.00e-01
  Integral threshold = 1.00e-12

  ==> Primary Basis <==

  Basis Set: STO-3G
    Number of shells: 8
    Number of basis function: 12
    Number of Cartesian functions: 12
    Spherical Harmonics?: true
    Max angular momentum: 1

  ==> Pre-Iterations <==

   -------------------------------------------------------
    Irrep   Nso     Nmo     Nalpha   Nbeta   Ndocc  Nsocc
   -------------------------------------------------------
     A         12      12       0       0       0       0
   -------------------------------------------------------
    Total      12      12       7       7       7       0
   -------------------------------------------------------

 OEINTS: Overlap, kinetic, potential, dipole, and quadrupole integrals
         stored in file 35.

  ==> Integral Setup <==

  ==> DFJK: Density-Fitted J/K Matrices <==

    J tasked:                  Yes
    K tasked:                  Yes
    wK tasked:                  No
    OpenMP threads:              1
    Integrals threads:           1
    Memory (MB):               183
    Algorithm:                Core
    Integral Cache:           NONE
    Schwarz Cutoff:          1E-12
    Fitting Condition:       1E-12

   => Auxiliary Basis Set <=

  Basis Set: AUG-CC-PV5Z-JKFIT
    Number of shells: 124
    Number of basis function: 628
    Number of Cartesian functions: 948
    Spherical Harmonics?: true
    Max angular momentum: 6

  Minimum eigenvalue in the overlap matrix is 2.2379141931E-01.
  Using Symmetric Orthogonalization.
  SCF Guess: Core (One-Electron) Hamiltonian.

  ==> Iterations <==

                           Total Energy        Delta E     RMS |[F,P]|

   @DF-UHF iter   1:   -86.81937545475193   -8.68194e+01   8.90161e-02 
   @DF-UHF iter   2:   -84.66181060771225    2.15756e+00   2.23777e-01 DIIS
   @DF-UHF iter   3:   -89.79653362285430   -5.13472e+00   1.31267e-01 DIIS
   @DF-UHF iter   4:   -90.68605441646250   -8.89521e-01   1.07210e-01 DIIS
   @DF-UHF iter   5:   -91.37942449593515   -6.93370e-01   7.50185e-02 DIIS
   @DF-UHF iter   6:   -91.76992985361937   -3.90505e-01   3.86532e-02 DIIS
   @DF-UHF iter   7:   -91.87999751585892   -1.10068e-01   1.26113e-02 DIIS
   @DF-UHF iter   8:   -91.89556152528363   -1.55640e-02   2.03774e-03 DIIS
   @DF-UHF iter   9:   -91.89763099896697   -2.06947e-03   1.91475e-03 DIIS
   @DF-UHF iter  10:   -91.89865127285111   -1.02027e-03   6.21793e-04 DIIS
   @DF-UHF iter  11:   -91.89880088155488   -1.49609e-04   1.09340e-04 DIIS
   @DF-UHF iter  12:   -91.89880451637438   -3.63482e-06   2.33333e-05 DIIS
   @DF-UHF iter  13:   -91.89880469348162   -1.77107e-07   9.67505e-06 DIIS
   @DF-UHF iter  14:   -91.89880473717494   -4.36933e-08   4.33278e-06 DIIS
   @DF-UHF iter  15:   -91.89880474839396   -1.12190e-08   3.04685e-06 DIIS
   @DF-UHF iter  16:   -91.89880475306506   -4.67111e-09   1.43583e-06 DIIS
   @DF-UHF iter  17:   -91.89880475456164   -1.49657e-09   3.65767e-07 DIIS
   @DF-UHF iter  18:   -91.89880475463769   -7.60565e-11   7.89338e-08 DIIS

  ==> Post-Iterations <==

   @Spin Contamination Metric:   3.552713679E-15
   @S^2 Expected:                0.000000000E+00
   @S^2 Observed:                3.552713679E-15
   @S   Expected:                0.000000000E+00
   @S   Observed:                0.000000000E+00

    Orbital Energies (a.u.)
    -----------------------

    Alpha Occupied:                                                       

       1A    -15.822763     2A    -11.517535     3A     -1.503877  
       4A     -1.110479     5A     -0.938689     6A     -0.778801  
       7A     -0.753171  

    Alpha Virtual:                                                        

       8A     -0.186989     9A     -0.088200    10A      0.093485  
      11A      0.268696    12A      0.618169  

    Beta Occupied:                                                        

       1A    -15.822763     2A    -11.517535     3A     -1.503877  
       4A     -1.110479     5A     -0.938689     6A     -0.778801  
       7A     -0.753171  

    Beta Virtual:                                                         

       8A     -0.186989     9A     -0.088200    10A      0.093485  
      11A      0.268696    12A      0.618169  

    Final Occupation by Irrep:
              A 
    DOCC [     7 ]
    SOCC [     0 ]

  Energy converged.

  @DF-UHF Final Energy:   -91.89880475463769

   => Energetics <=

    Nuclear Repulsion Energy =             26.5520286076818977
    One-Electron Energy =                -172.0510358641308244
    Two-Electron Energy =                  53.6002025018112249
    DFT Exchange-Correlation Energy =       0.0000000000000000
    Empirical Dispersion Energy =           0.0000000000000000
    PCM Polarization Energy =               0.0000000000000000
    EFP Energy =                            0.0000000000000000
    Total Energy =                        -91.8988047546376947

    Alert: EFP and PCM quantities not currently incorporated into SCF psivars.

Properties will be evaluated at   0.000000,   0.000000,   0.000000 Bohr
  ==> Properties <==


Properties computed using the SCF density matrix

  Nuclear Dipole Moment: (a.u.)
     X:    -0.5806      Y:     0.3134      Z:    -0.7205

  Electronic Dipole Moment: (a.u.)
     X:     0.1604      Y:    -0.0742      Z:     0.3886

  Dipole Moment: (a.u.)
     X:    -0.4202      Y:     0.2392      Z:    -0.3320     Total:     0.5865

  Dipole Moment: (Debye)
     X:    -1.0680      Y:     0.6081      Z:    -0.8438     Total:     1.4908


  Saving occupied orbitals to File 180.

  UHF NO Occupations:
  HONO-2 :    5  A 2.0000000
  HONO-1 :    6  A 2.0000000
  HONO-0 :    7  A 2.0000000
  LUNO+0 :    8  A 0.0000000
  LUNO+1 :    9  A 0.0000000
  LUNO+2 :   10  A 0.0000000
  LUNO+3 :   11  A -0.0000000


  irrep = 0 mo = 6
  irrep = 0 mo = 5
  irrep = 0 mo = 7
  irrep = 0 mo = 8
  nofrz = 2 nfrz = 4
  ==> State 0 -> 2

         ---------------------------------------------------------
                                   SCF
            by Justin Turney, Rob Parrish, and Andy Simmonett
                              UHF Reference
                        1 Threads,    256 MiB Core
         ---------------------------------------------------------

  ==> Geometry <==

    Molecular point group: c1
    Full point group: C1

    Geometry (in Angstrom), charge = 1, multiplicity = 1:

       Center              X                  Y                   Z               Mass       
    ------------   -----------------  -----------------  -----------------  -----------------
           C          0.622452528399     0.324782523391     0.057980247504    12.000000000000
           N         -0.488727471601    -0.302317476609     0.005630247504    14.003074004780
           H          0.953242528399     0.943792523391    -0.916539752496     1.007825032070
           H         -1.574127471601    -0.610417476609     0.147950247504     1.007825032070

  Running in c1 symmetry.

  Rotational constants: A =     16.25192  B =      1.11088  C =      1.04976 [cm^-1]
  Rotational constants: A = 487220.20505  B =  33303.19572  C =  31471.07427 [MHz]
  Nuclear repulsion =   26.552028607681898

  Charge       = 1
  Multiplicity = 1
  Electrons    = 14
  Nalpha       = 7
  Nbeta        = 7

  ==> Algorithm <==

  SCF Algorithm Type is DF.
  DIIS enabled.
  MOM disabled.
  Fractional occupation disabled.
  Guess Type is CORE.
  Energy threshold   = 1.00e-09
  Density threshold  = 1.00e-01
  Integral threshold = 1.00e-12

  ==> Primary Basis <==

  Basis Set: STO-3G
    Number of shells: 8
    Number of basis function: 12
    Number of Cartesian functions: 12
    Spherical Harmonics?: true
    Max angular momentum: 1


  Alpha frozen occupied MO: 1
  Alpha frozen occupied MO: 2
  Beta  frozen occupied MO: 0
  Beta  frozen occupied MO: 1
  Alpha frozen occupied MO: 0
  Alpha frozen occupied MO: 3
  Beta  frozen occupied MO: 2
  Beta  frozen occupied MO: 3
  Copying orbital 1 (0,5)
  Copying orbital 2 (0,7)
  Copying orbital 0 (0,6)
  Copying orbital 3 (0,8)  Alpha electrons per irrep (n = 1): 7  
  Beta electrons per irrep (n = 1): 7  
  Number of active MOs per irrep (n = 1): 8  
  Number of unoccupied active MOs per irrep (n = 1): 3  
  ==> Pre-Iterations <==

   -------------------------------------------------------
    Irrep   Nso     Nmo     Nalpha   Nbeta   Ndocc  Nsocc
   -------------------------------------------------------
     A         12      12       7       7       0       0
   -------------------------------------------------------
    Total      12      12       7       7       7       0
   -------------------------------------------------------

 OEINTS: Overlap, kinetic, potential, dipole, and quadrupole integrals
         stored in file 35.

  ==> Integral Setup <==

  ==> DFJK: Density-Fitted J/K Matrices <==

    J tasked:                  Yes
    K tasked:                  Yes
    wK tasked:                  No
    OpenMP threads:              1
    Integrals threads:           1
    Memory (MB):               183
    Algorithm:                Core
    Integral Cache:           NONE
    Schwarz Cutoff:          1E-12
    Fitting Condition:       1E-12

   => Auxiliary Basis Set <=

  Basis Set: AUG-CC-PV5Z-JKFIT
    Number of shells: 124
    Number of basis function: 628
    Number of Cartesian functions: 948
    Spherical Harmonics?: true
    Max angular momentum: 6

  Minimum eigenvalue in the overlap matrix is 2.2379141931E-01.
  Using Symmetric Orthogonalization.
  SCF Guess: Core (One-Electron) Hamiltonian.

  ==> Iterations <==

                           Total Energy        Delta E     RMS |[F,P]|

   @DF-UHF iter   1:   -88.69798187095989   -8.86980e+01   8.90781e-02 
   @DF-UHF iter   2:   -91.55728633231760   -2.85930e+00   3.23836e-02 
   @DF-UHF iter   3:   -91.65803740509037   -1.00751e-01   8.98102e-03 
   @DF-UHF iter   4:   -91.66348346259051   -5.44606e-03   6.16532e-03 
   @DF-UHF iter   5:   -91.66391490518521   -4.31443e-04   5.81819e-03 
   @DF-UHF iter   6:   -91.66395145156491   -3.65464e-05   5.76704e-03 
   @DF-UHF iter   7:   -91.66395464610014   -3.19454e-06   5.75695e-03 
   @DF-UHF iter   8:   -91.66395493136906   -2.85269e-07   5.75449e-03 
   @DF-UHF iter   9:   -91.66395495726118   -2.58921e-08   5.75382e-03 
   @DF-UHF iter  10:   -91.66395495964144   -2.38026e-09   5.75364e-03 
   @DF-UHF iter  11:   -91.66395495986248   -2.21036e-10   5.75358e-03 

  ==> Post-Iterations <==

   @Spin Contamination Metric:   1.000000000E+00
   @S^2 Expected:                0.000000000E+00
   @S^2 Observed:                1.000000000E+00
   @S   Expected:                0.000000000E+00
   @S   Observed:                0.000000000E+00

    Orbital Energies (a.u.)
    -----------------------

    Alpha Occupied:                                                       

       1A      0.000000     2A      0.000000     3A      0.000000  
       4A      0.000000     5A      0.000000     6A      0.000000  
       7A      0.000000  

    Alpha Virtual:                                                        

       8A      0.000000     9A      0.000000    10A      0.000000  
      11A      0.000000    12A      0.000000  

    Beta Occupied:                                                        

       1A      0.000000     2A      0.000000     3A      0.000000  
       4A      0.000000     5A      0.000000     6A      0.000000  
       7A      0.000000  

    Beta Virtual:                                                         

       8A      0.000000     9A      0.000000    10A      0.000000  
      11A      0.000000    12A      0.000000  

    Final Occupation by Irrep:
              A 
    DOCC [     7 ]
    SOCC [     0 ]

  Energy converged.

  @DF-UHF Final Energy:   -91.66395495986248

   => Energetics <=

    Nuclear Repulsion Energy =             26.5520286076818977
    One-Electron Energy =                -171.6601285245448310
    Two-Electron Energy =                  53.4441449570004465
    DFT Exchange-Correlation Energy =       0.0000000000000000
    Empirical Dispersion Energy =           0.0000000000000000
    PCM Polarization Energy =               0.0000000000000000
    EFP Energy =                            0.0000000000000000
    Total Energy =                        -91.6639549598624797

    Alert: EFP and PCM quantities not currently incorporated into SCF psivars.

Properties will be evaluated at   0.000000,   0.000000,   0.000000 Bohr
  ==> Properties <==


Properties computed using the SCF density matrix

  Nuclear Dipole Moment: (a.u.)
     X:    -0.5806      Y:     0.3134      Z:    -0.7205

  Electronic Dipole Moment: (a.u.)
     X:     0.1604      Y:    -0.0742      Z:     0.3886

  Dipole Moment: (a.u.)
     X:    -0.4202      Y:     0.2392      Z:    -0.3320     Total:     0.5865

  Dipole Moment: (Debye)
     X:    -1.0680      Y:     0.6081      Z:    -0.8438     Total:     1.4908


  Saving occupied orbitals to File 180.

  UHF NO Occupations:
  HONO-2 :    5  A 2.0000000
  HONO-1 :    6  A 2.0000000
  HONO-0 :    7  A 1.0000000
  LUNO+0 :    8  A 1.0000000
  LUNO+1 :    9  A 0.0000000
  LUNO+2 :   10  A 0.0000000
  LUNO+3 :   11  A -0.0000000


  ==> State 0 -> 3

         ---------------------------------------------------------
                                   SCF
            by Justin Turney, Rob Parrish, and Andy Simmonett
                              UHF Reference
                        1 Threads,    256 MiB Core
         ---------------------------------------------------------

  ==> Geometry <==

    Molecular point group: c1
    Full point group: C1

    Geometry (in Angstrom), charge = 1, multiplicity = 1:

       Center              X                  Y                   Z               Mass       
    ------------   -----------------  -----------------  -----------------  -----------------
           C          0.622452528399     0.324782523391     0.057980247504    12.000000000000
           N         -0.488727471601    -0.302317476609     0.005630247504    14.003074004780
           H          0.953242528399     0.943792523391    -0.916539752496     1.007825032070
           H         -1.574127471601    -0.610417476609     0.147950247504     1.007825032070

  Running in c1 symmetry.

  Rotational constants: A =     16.25192  B =      1.11088  C =      1.04976 [cm^-1]
  Rotational constants: A = 487220.20505  B =  33303.19572  C =  31471.07427 [MHz]
  Nuclear repulsion =   26.552028607681898

  Charge       = 1
  Multiplicity = 1
  Electrons    = 14
  Nalpha       = 7
  Nbeta        = 7

  ==> Algorithm <==

  SCF Algorithm Type is DF.
  DIIS enabled.
  MOM disabled.
  Fractional occupation disabled.
  Guess Type is CORE.
  Energy threshold   = 1.00e-09
  Density threshold  = 1.00e-01
  Integral threshold = 1.00e-12

  ==> Primary Basis <==

  Basis Set: STO-3G
    Number of shells: 8
    Number of basis function: 12
    Number of Cartesian functions: 12
    Spherical Harmonics?: true
    Max angular momentum: 1


  Alpha frozen occupied MO: 1
  Alpha frozen occupied MO: 3
  Beta  frozen occupied MO: 0
  Beta  frozen occupied MO: 1
  Alpha frozen occupied MO: 0
  Alpha frozen occupied MO: 2
  Beta  frozen occupied MO: 2
  Beta  frozen occupied MO: 3
  Copying orbital 1 (0,5)
  Copying orbital 3 (0,8)
  Copying orbital 0 (0,6)
  Copying orbital 2 (0,7)  Alpha electrons per irrep (n = 1): 7  
  Beta electrons per irrep (n = 1): 7  
  Number of active MOs per irrep (n = 1): 8  
  Number of unoccupied active MOs per irrep (n = 1): 3  
  ==> Pre-Iterations <==

   -------------------------------------------------------
    Irrep   Nso     Nmo     Nalpha   Nbeta   Ndocc  Nsocc
   -------------------------------------------------------
     A         12      12       7       7       0       0
   -------------------------------------------------------
    Total      12      12       7       7       7       0
   -------------------------------------------------------

 OEINTS: Overlap, kinetic, potential, dipole, and quadrupole integrals
         stored in file 35.

  ==> Integral Setup <==

  ==> DFJK: Density-Fitted J/K Matrices <==

    J tasked:                  Yes
    K tasked:                  Yes
    wK tasked:                  No
    OpenMP threads:              1
    Integrals threads:           1
    Memory (MB):               183
    Algorithm:                Core
    Integral Cache:           NONE
    Schwarz Cutoff:          1E-12
    Fitting Condition:       1E-12

   => Auxiliary Basis Set <=

  Basis Set: AUG-CC-PV5Z-JKFIT
    Number of shells: 124
    Number of basis function: 628
    Number of Cartesian functions: 948
    Spherical Harmonics?: true
    Max angular momentum: 6

  Minimum eigenvalue in the overlap matrix is 2.2379141931E-01.
  Using Symmetric Orthogonalization.
  SCF Guess: Core (One-Electron) Hamiltonian.

  ==> Iterations <==

                           Total Energy        Delta E     RMS |[F,P]|

   @DF-UHF iter   1:   -88.74343718264856   -8.87434e+01   7.89949e-02 
   @DF-UHF iter   2:   -91.58694767104581   -2.84351e+00   3.16414e-02 
   @DF-UHF iter   3:   -91.68253052784706   -9.55829e-02   1.00038e-02 
   @DF-UHF iter   4:   -91.68773698320180   -5.20646e-03   7.72602e-03 
   @DF-UHF iter   5:   -91.68814246550582   -4.05482e-04   7.51119e-03 
   @DF-UHF iter   6:   -91.68817634234802   -3.38768e-05   7.48761e-03 
   @DF-UHF iter   7:   -91.68817926337786   -2.92103e-06   7.48385e-03 
   @DF-UHF iter   8:   -91.68817952062551   -2.57248e-07   7.48298e-03 
   @DF-UHF iter   9:   -91.68817954365369   -2.30282e-08   7.48273e-03 
   @DF-UHF iter  10:   -91.68817954574237   -2.08868e-09   7.48266e-03 
   @DF-UHF iter  11:   -91.68817954593391   -1.91534e-10   7.48264e-03 

  ==> Post-Iterations <==

   @Spin Contamination Metric:   1.000000000E+00
   @S^2 Expected:                0.000000000E+00
   @S^2 Observed:                1.000000000E+00
   @S   Expected:                0.000000000E+00
   @S   Observed:                0.000000000E+00

    Orbital Energies (a.u.)
    -----------------------

    Alpha Occupied:                                                       

       1A      0.000000     2A      0.000000     3A      0.000000  
       4A      0.000000     5A      0.000000     6A      0.000000  
       7A      0.000000  

    Alpha Virtual:                                                        

       8A      0.000000     9A      0.000000    10A      0.000000  
      11A      0.000000    12A      0.000000  

    Beta Occupied:                                                        

       1A      0.000000     2A      0.000000     3A      0.000000  
       4A      0.000000     5A      0.000000     6A      0.000000  
       7A      0.000000  

    Beta Virtual:                                                         

       8A      0.000000     9A      0.000000    10A      0.000000  
      11A      0.000000    12A      0.000000  

    Final Occupation by Irrep:
              A 
    DOCC [     7 ]
    SOCC [     0 ]

  Energy converged.

  @DF-UHF Final Energy:   -91.68817954593391

   => Energetics <=

    Nuclear Repulsion Energy =             26.5520286076818977
    One-Electron Energy =                -171.7869127083579599
    Two-Electron Energy =                  53.5467045547421634
    DFT Exchange-Correlation Energy =       0.0000000000000000
    Empirical Dispersion Energy =           0.0000000000000000
    PCM Polarization Energy =               0.0000000000000000
    EFP Energy =                            0.0000000000000000
    Total Energy =                        -91.6881795459338917

    Alert: EFP and PCM quantities not currently incorporated into SCF psivars.

Properties will be evaluated at   0.000000,   0.000000,   0.000000 Bohr
  ==> Properties <==


Properties computed using the SCF density matrix

  Nuclear Dipole Moment: (a.u.)
     X:    -0.5806      Y:     0.3134      Z:    -0.7205

  Electronic Dipole Moment: (a.u.)
     X:     0.1604      Y:    -0.0742      Z:     0.3886

  Dipole Moment: (a.u.)
     X:    -0.4202      Y:     0.2392      Z:    -0.3320     Total:     0.5865

  Dipole Moment: (Debye)
     X:    -1.0680      Y:     0.6081      Z:    -0.8438     Total:     1.4908


  Saving occupied orbitals to File 180.

  UHF NO Occupations:
  HONO-2 :    5  A 2.0000000
  HONO-1 :    6  A 2.0000000
  HONO-0 :    7  A 1.0000000
  LUNO+0 :    8  A 1.0000000
  LUNO+1 :    9  A 0.0000000
  LUNO+2 :   10  A 0.0000000
  LUNO+3 :   11  A 0.0000000


  ==> State 1 -> 2

         ---------------------------------------------------------
                                   SCF
            by Justin Turney, Rob Parrish, and Andy Simmonett
                              UHF Reference
                        1 Threads,    256 MiB Core
         ---------------------------------------------------------

  ==> Geometry <==

    Molecular point group: c1
    Full point group: C1

    Geometry (in Angstrom), charge = 1, multiplicity = 1:

       Center              X                  Y                   Z               Mass       
    ------------   -----------------  -----------------  -----------------  -----------------
           C          0.622452528399     0.324782523391     0.057980247504    12.000000000000
           N         -0.488727471601    -0.302317476609     0.005630247504    14.003074004780
           H          0.953242528399     0.943792523391    -0.916539752496     1.007825032070
           H         -1.574127471601    -0.610417476609     0.147950247504     1.007825032070

  Running in c1 symmetry.

  Rotational constants: A =     16.25192  B =      1.11088  C =      1.04976 [cm^-1]
  Rotational constants: A = 487220.20505  B =  33303.19572  C =  31471.07427 [MHz]
  Nuclear repulsion =   26.552028607681898

  Charge       = 1
  Multiplicity = 1
  Electrons    = 14
  Nalpha       = 7
  Nbeta        = 7

  ==> Algorithm <==

  SCF Algorithm Type is DF.
  DIIS enabled.
  MOM disabled.
  Fractional occupation disabled.
  Guess Type is CORE.
  Energy threshold   = 1.00e-09
  Density threshold  = 1.00e-01
  Integral threshold = 1.00e-12

  ==> Primary Basis <==

  Basis Set: STO-3G
    Number of shells: 8
    Number of basis function: 12
    Number of Cartesian functions: 12
    Spherical Harmonics?: true
    Max angular momentum: 1


  Alpha frozen occupied MO: 0
  Alpha frozen occupied MO: 2
  Beta  frozen occupied MO: 0
  Beta  frozen occupied MO: 1
  Alpha frozen occupied MO: 1
  Alpha frozen occupied MO: 3
  Beta  frozen occupied MO: 2
  Beta  frozen occupied MO: 3
  Copying orbital 0 (0,6)
  Copying orbital 2 (0,7)
  Copying orbital 1 (0,5)
  Copying orbital 3 (0,8)  Alpha electrons per irrep (n = 1): 7  
  Beta electrons per irrep (n = 1): 7  
  Number of active MOs per irrep (n = 1): 8  
  Number of unoccupied active MOs per irrep (n = 1): 3  
  ==> Pre-Iterations <==

   -------------------------------------------------------
    Irrep   Nso     Nmo     Nalpha   Nbeta   Ndocc  Nsocc
   -------------------------------------------------------
     A         12      12       7       7       0       0
   -------------------------------------------------------
    Total      12      12       7       7       7       0
   -------------------------------------------------------

 OEINTS: Overlap, kinetic, potential, dipole, and quadrupole integrals
         stored in file 35.

  ==> Integral Setup <==

  ==> DFJK: Density-Fitted J/K Matrices <==

    J tasked:                  Yes
    K tasked:                  Yes
    wK tasked:                  No
    OpenMP threads:              1
    Integrals threads:           1
    Memory (MB):               183
    Algorithm:                Core
    Integral Cache:           NONE
    Schwarz Cutoff:          1E-12
    Fitting Condition:       1E-12

   => Auxiliary Basis Set <=

  Basis Set: AUG-CC-PV5Z-JKFIT
    Number of shells: 124
    Number of basis function: 628
    Number of Cartesian functions: 948
    Spherical Harmonics?: true
    Max angular momentum: 6

  Minimum eigenvalue in the overlap matrix is 2.2379141931E-01.
  Using Symmetric Orthogonalization.
  SCF Guess: Core (One-Electron) Hamiltonian.

  ==> Iterations <==

                           Total Energy        Delta E     RMS |[F,P]|

   @DF-UHF iter   1:   -88.91485465332977   -8.89149e+01   7.96523e-02 
   @DF-UHF iter   2:   -91.65828606743926   -2.74343e+00   3.28123e-02 
   @DF-UHF iter   3:   -91.75173963098456   -9.34536e-02   1.26512e-02 
   @DF-UHF iter   4:   -91.75687938271088   -5.13975e-03   1.08031e-02 
   @DF-UHF iter   5:   -91.75728040958771   -4.01027e-04   1.06091e-02 
   @DF-UHF iter   6:   -91.75731388057022   -3.34710e-05   1.05790e-02 
   @DF-UHF iter   7:   -91.75731676264289   -2.88207e-06   1.05720e-02 
   @DF-UHF iter   8:   -91.75731701614845   -2.53506e-07   1.05700e-02 
   @DF-UHF iter   9:   -91.75731703882335   -2.26749e-08   1.05694e-02 
   @DF-UHF iter  10:   -91.75731704087971   -2.05637e-09   1.05692e-02 
   @DF-UHF iter  11:   -91.75731704106840   -1.88692e-10   1.05691e-02 

  ==> Post-Iterations <==

   @Spin Contamination Metric:   1.000000000E+00
   @S^2 Expected:                0.000000000E+00
   @S^2 Observed:                1.000000000E+00
   @S   Expected:                0.000000000E+00
   @S   Observed:                0.000000000E+00

    Orbital Energies (a.u.)
    -----------------------

    Alpha Occupied:                                                       

       1A      0.000000     2A      0.000000     3A      0.000000  
       4A      0.000000     5A      0.000000     6A      0.000000  
       7A      0.000000  

    Alpha Virtual:                                                        

       8A      0.000000     9A      0.000000    10A      0.000000  
      11A      0.000000    12A      0.000000  

    Beta Occupied:                                                        

       1A      0.000000     2A      0.000000     3A      0.000000  
       4A      0.000000     5A      0.000000     6A      0.000000  
       7A      0.000000  

    Beta Virtual:                                                         

       8A      0.000000     9A      0.000000    10A      0.000000  
      11A      0.000000    12A      0.000000  

    Final Occupation by Irrep:
              A 
    DOCC [     7 ]
    SOCC [     0 ]

  Energy converged.

  @DF-UHF Final Energy:   -91.75731704106840

   => Energetics <=

    Nuclear Repulsion Energy =             26.5520286076818977
    One-Electron Energy =                -171.4329407367415001
    Two-Electron Energy =                  53.1235950879911982
    DFT Exchange-Correlation Energy =       0.0000000000000000
    Empirical Dispersion Energy =           0.0000000000000000
    PCM Polarization Energy =               0.0000000000000000
    EFP Energy =                            0.0000000000000000
    Total Energy =                        -91.7573170410684043

    Alert: EFP and PCM quantities not currently incorporated into SCF psivars.

Properties will be evaluated at   0.000000,   0.000000,   0.000000 Bohr
  ==> Properties <==


Properties computed using the SCF density matrix

  Nuclear Dipole Moment: (a.u.)
     X:    -0.5806      Y:     0.3134      Z:    -0.7205

  Electronic Dipole Moment: (a.u.)
     X:     0.1604      Y:    -0.0742      Z:     0.3886

  Dipole Moment: (a.u.)
     X:    -0.4202      Y:     0.2392      Z:    -0.3320     Total:     0.5865

  Dipole Moment: (Debye)
     X:    -1.0680      Y:     0.6081      Z:    -0.8438     Total:     1.4908


  Saving occupied orbitals to File 180.

  UHF NO Occupations:
  HONO-2 :    5  A 2.0000000
  HONO-1 :    6  A 2.0000000
  HONO-0 :    7  A 1.0000000
  LUNO+0 :    8  A 1.0000000
  LUNO+1 :    9  A 0.0000000
  LUNO+2 :   10  A -0.0000000
  LUNO+3 :   11  A -0.0000000


  ==> State 1 -> 3

         ---------------------------------------------------------
                                   SCF
            by Justin Turney, Rob Parrish, and Andy Simmonett
                              UHF Reference
                        1 Threads,    256 MiB Core
         ---------------------------------------------------------

  ==> Geometry <==

    Molecular point group: c1
    Full point group: C1

    Geometry (in Angstrom), charge = 1, multiplicity = 1:

       Center              X                  Y                   Z               Mass       
    ------------   -----------------  -----------------  -----------------  -----------------
           C          0.622452528399     0.324782523391     0.057980247504    12.000000000000
           N         -0.488727471601    -0.302317476609     0.005630247504    14.003074004780
           H          0.953242528399     0.943792523391    -0.916539752496     1.007825032070
           H         -1.574127471601    -0.610417476609     0.147950247504     1.007825032070

  Running in c1 symmetry.

  Rotational constants: A =     16.25192  B =      1.11088  C =      1.04976 [cm^-1]
  Rotational constants: A = 487220.20505  B =  33303.19572  C =  31471.07427 [MHz]
  Nuclear repulsion =   26.552028607681898

  Charge       = 1
  Multiplicity = 1
  Electrons    = 14
  Nalpha       = 7
  Nbeta        = 7

  ==> Algorithm <==

  SCF Algorithm Type is DF.
  DIIS enabled.
  MOM disabled.
  Fractional occupation disabled.
  Guess Type is CORE.
  Energy threshold   = 1.00e-09
  Density threshold  = 1.00e-01
  Integral threshold = 1.00e-12

  ==> Primary Basis <==

  Basis Set: STO-3G
    Number of shells: 8
    Number of basis function: 12
    Number of Cartesian functions: 12
    Spherical Harmonics?: true
    Max angular momentum: 1


  Alpha frozen occupied MO: 0
  Alpha frozen occupied MO: 3
  Beta  frozen occupied MO: 0
  Beta  frozen occupied MO: 1
  Alpha frozen occupied MO: 1
  Alpha frozen occupied MO: 2
  Beta  frozen occupied MO: 2
  Beta  frozen occupied MO: 3
  Copying orbital 0 (0,6)
  Copying orbital 3 (0,8)
  Copying orbital 1 (0,5)
  Copying orbital 2 (0,7)  Alpha electrons per irrep (n = 1): 7  
  Beta electrons per irrep (n = 1): 7  
  Number of active MOs per irrep (n = 1): 8  
  Number of unoccupied active MOs per irrep (n = 1): 3  
  ==> Pre-Iterations <==

   -------------------------------------------------------
    Irrep   Nso     Nmo     Nalpha   Nbeta   Ndocc  Nsocc
   -------------------------------------------------------
     A         12      12       7       7       0       0
   -------------------------------------------------------
    Total      12      12       7       7       7       0
   -------------------------------------------------------

 OEINTS: Overlap, kinetic, potential, dipole, and quadrupole integrals
         stored in file 35.

  ==> Integral Setup <==

  ==> DFJK: Density-Fitted J/K Matrices <==

    J tasked:                  Yes
    K tasked:                  Yes
    wK tasked:                  No
    OpenMP threads:              1
    Integrals threads:           1
    Memory (MB):               183
    Algorithm:                Core
    Integral Cache:           NONE
    Schwarz Cutoff:          1E-12
    Fitting Condition:       1E-12

   => Auxiliary Basis Set <=

  Basis Set: AUG-CC-PV5Z-JKFIT
    Number of shells: 124
    Number of basis function: 628
    Number of Cartesian functions: 948
    Spherical Harmonics?: true
    Max angular momentum: 6

  Minimum eigenvalue in the overlap matrix is 2.2379141931E-01.
  Using Symmetric Orthogonalization.
  SCF Guess: Core (One-Electron) Hamiltonian.

  ==> Iterations <==

                           Total Energy        Delta E     RMS |[F,P]|

   @DF-UHF iter   1:   -88.74694691223797   -8.87469e+01   7.97679e-02 
   @DF-UHF iter   2:   -91.48049055751406   -2.73354e+00   3.34458e-02 
   @DF-UHF iter   3:   -91.56879643258833   -8.83059e-02   1.49466e-02 
   @DF-UHF iter   4:   -91.57365640426801   -4.85997e-03   1.33826e-02 
   @DF-UHF iter   5:   -91.57402838189043   -3.71978e-04   1.32211e-02 
   @DF-UHF iter   6:   -91.57405897516620   -3.05933e-05   1.31946e-02 
   @DF-UHF iter   7:   -91.57406157210525   -2.59694e-06   1.31880e-02 
   @DF-UHF iter   8:   -91.57406179720007   -2.25095e-07   1.31861e-02 
   @DF-UHF iter   9:   -91.57406181703419   -1.98341e-08   1.31855e-02 
   @DF-UHF iter  10:   -91.57406181880609   -1.77189e-09   1.31853e-02 
   @DF-UHF iter  11:   -91.57406181896633   -1.60242e-10   1.31852e-02 

  ==> Post-Iterations <==

   @Spin Contamination Metric:   1.000000000E+00
   @S^2 Expected:                0.000000000E+00
   @S^2 Observed:                1.000000000E+00
   @S   Expected:                0.000000000E+00
   @S   Observed:                0.000000000E+00

    Orbital Energies (a.u.)
    -----------------------

    Alpha Occupied:                                                       

       1A      0.000000     2A      0.000000     3A      0.000000  
       4A      0.000000     5A      0.000000     6A      0.000000  
       7A      0.000000  

    Alpha Virtual:                                                        

       8A      0.000000     9A      0.000000    10A      0.000000  
      11A      0.000000    12A      0.000000  

    Beta Occupied:                                                        

       1A      0.000000     2A      0.000000     3A      0.000000  
       4A      0.000000     5A      0.000000     6A      0.000000  
       7A      0.000000  

    Beta Virtual:                                                         

       8A      0.000000     9A      0.000000    10A      0.000000  
      11A      0.000000    12A      0.000000  

    Final Occupation by Irrep:
              A 
    DOCC [     7 ]
    SOCC [     0 ]

  Energy converged.

  @DF-UHF Final Energy:   -91.57406181896633

   => Energetics <=

    Nuclear Repulsion Energy =             26.5520286076818977
    One-Electron Energy =                -171.5557428022763702
    Two-Electron Energy =                  53.4296523756281445
    DFT Exchange-Correlation Energy =       0.0000000000000000
    Empirical Dispersion Energy =           0.0000000000000000
    PCM Polarization Energy =               0.0000000000000000
    EFP Energy =                            0.0000000000000000
    Total Energy =                        -91.5740618189663280

    Alert: EFP and PCM quantities not currently incorporated into SCF psivars.

Properties will be evaluated at   0.000000,   0.000000,   0.000000 Bohr
  ==> Properties <==


Properties computed using the SCF density matrix

  Nuclear Dipole Moment: (a.u.)
     X:    -0.5806      Y:     0.3134      Z:    -0.7205

  Electronic Dipole Moment: (a.u.)
     X:     0.1604      Y:    -0.0742      Z:     0.3886

  Dipole Moment: (a.u.)
     X:    -0.4202      Y:     0.2392      Z:    -0.3320     Total:     0.5865

  Dipole Moment: (Debye)
     X:    -1.0680      Y:     0.6081      Z:    -0.8438     Total:     1.4908


  Saving occupied orbitals to File 180.

  UHF NO Occupations:
  HONO-2 :    5  A 2.0000000
  HONO-1 :    6  A 2.0000000
  HONO-0 :    7  A 1.0000000
  LUNO+0 :    8  A 1.0000000
  LUNO+1 :    9  A 0.0000000
  LUNO+2 :   10  A -0.0000000
  LUNO+3 :   11  A -0.0000000


  ==> State 0 -> 2

         ---------------------------------------------------------
                                   SCF
            by Justin Turney, Rob Parrish, and Andy Simmonett
                              UHF Reference
                        1 Threads,    256 MiB Core
         ---------------------------------------------------------

  ==> Geometry <==

    Molecular point group: c1
    Full point group: C1

    Geometry (in Angstrom), charge = 1, multiplicity = 1:

       Center              X                  Y                   Z               Mass       
    ------------   -----------------  -----------------  -----------------  -----------------
           C          0.622452528399     0.324782523391     0.057980247504    12.000000000000
           N         -0.488727471601    -0.302317476609     0.005630247504    14.003074004780
           H          0.953242528399     0.943792523391    -0.916539752496     1.007825032070
           H         -1.574127471601    -0.610417476609     0.147950247504     1.007825032070

  Running in c1 symmetry.

  Rotational constants: A =     16.25192  B =      1.11088  C =      1.04976 [cm^-1]
  Rotational constants: A = 487220.20505  B =  33303.19572  C =  31471.07427 [MHz]
  Nuclear repulsion =   26.552028607681898

  Charge       = 1
  Multiplicity = 1
  Electrons    = 14
  Nalpha       = 7
  Nbeta        = 7

  ==> Algorithm <==

  SCF Algorithm Type is DF.
  DIIS enabled.
  MOM disabled.
  Fractional occupation disabled.
  Guess Type is CORE.
  Energy threshold   = 1.00e-09
  Density threshold  = 1.00e-01
  Integral threshold = 1.00e-12

  ==> Primary Basis <==

  Basis Set: STO-3G
    Number of shells: 8
    Number of basis function: 12
    Number of Cartesian functions: 12
    Spherical Harmonics?: true
    Max angular momentum: 1


  Alpha frozen occupied MO: 0
  Alpha frozen occupied MO: 1
  Beta  frozen occupied MO: 1
  Beta  frozen occupied MO: 2
  Alpha frozen occupied MO: 2
  Alpha frozen occupied MO: 3
  Beta  frozen occupied MO: 0
  Beta  frozen occupied MO: 3
  Copying orbital 0 (0,6)
  Copying orbital 1 (0,5)
  Copying orbital 2 (0,7)
  Copying orbital 3 (0,8)  Alpha electrons per irrep (n = 1): 7  
  Beta electrons per irrep (n = 1): 7  
  Number of active MOs per irrep (n = 1): 8  
  Number of unoccupied active MOs per irrep (n = 1): 3  
  ==> Pre-Iterations <==

   -------------------------------------------------------
    Irrep   Nso     Nmo     Nalpha   Nbeta   Ndocc  Nsocc
   -------------------------------------------------------
     A         12      12       7       7       0       0
   -------------------------------------------------------
    Total      12      12       7       7       7       0
   -------------------------------------------------------

 OEINTS: Overlap, kinetic, potential, dipole, and quadrupole integrals
         stored in file 35.

  ==> Integral Setup <==

  ==> DFJK: Density-Fitted J/K Matrices <==

    J tasked:                  Yes
    K tasked:                  Yes
    wK tasked:                  No
    OpenMP threads:              1
    Integrals threads:           1
    Memory (MB):               183
    Algorithm:                Core
    Integral Cache:           NONE
    Schwarz Cutoff:          1E-12
    Fitting Condition:       1E-12

   => Auxiliary Basis Set <=

  Basis Set: AUG-CC-PV5Z-JKFIT
    Number of shells: 124
    Number of basis function: 628
    Number of Cartesian functions: 948
    Spherical Harmonics?: true
    Max angular momentum: 6

  Minimum eigenvalue in the overlap matrix is 2.2379141931E-01.
  Using Symmetric Orthogonalization.
  SCF Guess: Core (One-Electron) Hamiltonian.

  ==> Iterations <==

                           Total Energy        Delta E     RMS |[F,P]|

   @DF-UHF iter   1:   -88.69798187095989   -8.86980e+01   8.90781e-02 
   @DF-UHF iter   2:   -91.55728633231760   -2.85930e+00   3.23836e-02 
   @DF-UHF iter   3:   -91.65803740509037   -1.00751e-01   8.98102e-03 
   @DF-UHF iter   4:   -91.66348346259051   -5.44606e-03   6.16532e-03 
   @DF-UHF iter   5:   -91.66391490518521   -4.31443e-04   5.81819e-03 
   @DF-UHF iter   6:   -91.66395145156491   -3.65464e-05   5.76704e-03 
   @DF-UHF iter   7:   -91.66395464610014   -3.19454e-06   5.75695e-03 
   @DF-UHF iter   8:   -91.66395493136906   -2.85269e-07   5.75449e-03 
   @DF-UHF iter   9:   -91.66395495726118   -2.58921e-08   5.75382e-03 
   @DF-UHF iter  10:   -91.66395495964144   -2.38026e-09   5.75364e-03 
   @DF-UHF iter  11:   -91.66395495986248   -2.21036e-10   5.75358e-03 

  ==> Post-Iterations <==

   @Spin Contamination Metric:   1.000000000E+00
   @S^2 Expected:                0.000000000E+00
   @S^2 Observed:                1.000000000E+00
   @S   Expected:                0.000000000E+00
   @S   Observed:                0.000000000E+00

    Orbital Energies (a.u.)
    -----------------------

    Alpha Occupied:                                                       

       1A      0.000000     2A      0.000000     3A      0.000000  
       4A      0.000000     5A      0.000000     6A      0.000000  
       7A      0.000000  

    Alpha Virtual:                                                        

       8A      0.000000     9A      0.000000    10A      0.000000  
      11A      0.000000    12A      0.000000  

    Beta Occupied:                                                        

       1A      0.000000     2A      0.000000     3A      0.000000  
       4A      0.000000     5A      0.000000     6A      0.000000  
       7A      0.000000  

    Beta Virtual:                                                         

       8A      0.000000     9A      0.000000    10A      0.000000  
      11A      0.000000    12A      0.000000  

    Final Occupation by Irrep:
              A 
    DOCC [     7 ]
    SOCC [     0 ]

  Energy converged.

  @DF-UHF Final Energy:   -91.66395495986248

   => Energetics <=

    Nuclear Repulsion Energy =             26.5520286076818977
    One-Electron Energy =                -171.6601285245448310
    Two-Electron Energy =                  53.4441449570004465
    DFT Exchange-Correlation Energy =       0.0000000000000000
    Empirical Dispersion Energy =           0.0000000000000000
    PCM Polarization Energy =               0.0000000000000000
    EFP Energy =                            0.0000000000000000
    Total Energy =                        -91.6639549598624797

    Alert: EFP and PCM quantities not currently incorporated into SCF psivars.

Properties will be evaluated at   0.000000,   0.000000,   0.000000 Bohr
  ==> Properties <==


Properties computed using the SCF density matrix

  Nuclear Dipole Moment: (a.u.)
     X:    -0.5806      Y:     0.3134      Z:    -0.7205

  Electronic Dipole Moment: (a.u.)
     X:     0.1604      Y:    -0.0742      Z:     0.3886

  Dipole Moment: (a.u.)
     X:    -0.4202      Y:     0.2392      Z:    -0.3320     Total:     0.5865

  Dipole Moment: (Debye)
     X:    -1.0680      Y:     0.6081      Z:    -0.8438     Total:     1.4908


  Saving occupied orbitals to File 180.

  UHF NO Occupations:
  HONO-2 :    5  A 2.0000000
  HONO-1 :    6  A 2.0000000
  HONO-0 :    7  A 1.0000000
  LUNO+0 :    8  A 1.0000000
  LUNO+1 :    9  A 0.0000000
  LUNO+2 :   10  A 0.0000000
  LUNO+3 :   11  A -0.0000000


  ==> State 0 -> 3

         ---------------------------------------------------------
                                   SCF
            by Justin Turney, Rob Parrish, and Andy Simmonett
                              UHF Reference
                        1 Threads,    256 MiB Core
         ---------------------------------------------------------

  ==> Geometry <==

    Molecular point group: c1
    Full point group: C1

    Geometry (in Angstrom), charge = 1, multiplicity = 1:

       Center              X                  Y                   Z               Mass       
    ------------   -----------------  -----------------  -----------------  -----------------
           C          0.622452528399     0.324782523391     0.057980247504    12.000000000000
           N         -0.488727471601    -0.302317476609     0.005630247504    14.003074004780
           H          0.953242528399     0.943792523391    -0.916539752496     1.007825032070
           H         -1.574127471601    -0.610417476609     0.147950247504     1.007825032070

  Running in c1 symmetry.

  Rotational constants: A =     16.25192  B =      1.11088  C =      1.04976 [cm^-1]
  Rotational constants: A = 487220.20505  B =  33303.19572  C =  31471.07427 [MHz]
  Nuclear repulsion =   26.552028607681898

  Charge       = 1
  Multiplicity = 1
  Electrons    = 14
  Nalpha       = 7
  Nbeta        = 7

  ==> Algorithm <==

  SCF Algorithm Type is DF.
  DIIS enabled.
  MOM disabled.
  Fractional occupation disabled.
  Guess Type is CORE.
  Energy threshold   = 1.00e-09
  Density threshold  = 1.00e-01
  Integral threshold = 1.00e-12

  ==> Primary Basis <==

  Basis Set: STO-3G
    Number of shells: 8
    Number of basis function: 12
    Number of Cartesian functions: 12
    Spherical Harmonics?: true
    Max angular momentum: 1


  Alpha frozen occupied MO: 0
  Alpha frozen occupied MO: 1
  Beta  frozen occupied MO: 1
  Beta  frozen occupied MO: 3
  Alpha frozen occupied MO: 2
  Alpha frozen occupied MO: 3
  Beta  frozen occupied MO: 0
  Beta  frozen occupied MO: 2
  Copying orbital 0 (0,6)
  Copying orbital 1 (0,5)
  Copying orbital 2 (0,7)
  Copying orbital 3 (0,8)  Alpha electrons per irrep (n = 1): 7  
  Beta electrons per irrep (n = 1): 7  
  Number of active MOs per irrep (n = 1): 8  
  Number of unoccupied active MOs per irrep (n = 1): 3  
  ==> Pre-Iterations <==

   -------------------------------------------------------
    Irrep   Nso     Nmo     Nalpha   Nbeta   Ndocc  Nsocc
   -------------------------------------------------------
     A         12      12       7       7       0       0
   -------------------------------------------------------
    Total      12      12       7       7       7       0
   -------------------------------------------------------

 OEINTS: Overlap, kinetic, potential, dipole, and quadrupole integrals
         stored in file 35.

  ==> Integral Setup <==

  ==> DFJK: Density-Fitted J/K Matrices <==

    J tasked:                  Yes
    K tasked:                  Yes
    wK tasked:                  No
    OpenMP threads:              1
    Integrals threads:           1
    Memory (MB):               183
    Algorithm:                Core
    Integral Cache:           NONE
    Schwarz Cutoff:          1E-12
    Fitting Condition:       1E-12

   => Auxiliary Basis Set <=

  Basis Set: AUG-CC-PV5Z-JKFIT
    Number of shells: 124
    Number of basis function: 628
    Number of Cartesian functions: 948
    Spherical Harmonics?: true
    Max angular momentum: 6

  Minimum eigenvalue in the overlap matrix is 2.2379141931E-01.
  Using Symmetric Orthogonalization.
  SCF Guess: Core (One-Electron) Hamiltonian.

  ==> Iterations <==

                           Total Energy        Delta E     RMS |[F,P]|

   @DF-UHF iter   1:   -88.74343718264856   -8.87434e+01   7.89949e-02 
   @DF-UHF iter   2:   -91.58694767104581   -2.84351e+00   3.16414e-02 
   @DF-UHF iter   3:   -91.68253052784706   -9.55829e-02   1.00038e-02 
   @DF-UHF iter   4:   -91.68773698320180   -5.20646e-03   7.72602e-03 
   @DF-UHF iter   5:   -91.68814246550582   -4.05482e-04   7.51119e-03 
   @DF-UHF iter   6:   -91.68817634234802   -3.38768e-05   7.48761e-03 
   @DF-UHF iter   7:   -91.68817926337786   -2.92103e-06   7.48385e-03 
   @DF-UHF iter   8:   -91.68817952062554   -2.57248e-07   7.48298e-03 
   @DF-UHF iter   9:   -91.68817954365369   -2.30282e-08   7.48273e-03 
   @DF-UHF iter  10:   -91.68817954574234   -2.08865e-09   7.48266e-03 
   @DF-UHF iter  11:   -91.68817954593391   -1.91562e-10   7.48264e-03 

  ==> Post-Iterations <==

   @Spin Contamination Metric:   1.000000000E+00
   @S^2 Expected:                0.000000000E+00
   @S^2 Observed:                1.000000000E+00
   @S   Expected:                0.000000000E+00
   @S   Observed:                0.000000000E+00

    Orbital Energies (a.u.)
    -----------------------

    Alpha Occupied:                                                       

       1A      0.000000     2A      0.000000     3A      0.000000  
       4A      0.000000     5A      0.000000     6A      0.000000  
       7A      0.000000  

    Alpha Virtual:                                                        

       8A      0.000000     9A      0.000000    10A      0.000000  
      11A      0.000000    12A      0.000000  

    Beta Occupied:                                                        

       1A      0.000000     2A      0.000000     3A      0.000000  
       4A      0.000000     5A      0.000000     6A      0.000000  
       7A      0.000000  

    Beta Virtual:                                                         

       8A      0.000000     9A      0.000000    10A      0.000000  
      11A      0.000000    12A      0.000000  

    Final Occupation by Irrep:
              A 
    DOCC [     7 ]
    SOCC [     0 ]

  Energy converged.

  @DF-UHF Final Energy:   -91.68817954593391

   => Energetics <=

    Nuclear Repulsion Energy =             26.5520286076818977
    One-Electron Energy =                -171.7869127083579599
    Two-Electron Energy =                  53.5467045547421634
    DFT Exchange-Correlation Energy =       0.0000000000000000
    Empirical Dispersion Energy =           0.0000000000000000
    PCM Polarization Energy =               0.0000000000000000
    EFP Energy =                            0.0000000000000000
    Total Energy =                        -91.6881795459338917

    Alert: EFP and PCM quantities not currently incorporated into SCF psivars.

Properties will be evaluated at   0.000000,   0.000000,   0.000000 Bohr
  ==> Properties <==


Properties computed using the SCF density matrix

  Nuclear Dipole Moment: (a.u.)
     X:    -0.5806      Y:     0.3134      Z:    -0.7205

  Electronic Dipole Moment: (a.u.)
     X:     0.1604      Y:    -0.0742      Z:     0.3886

  Dipole Moment: (a.u.)
     X:    -0.4202      Y:     0.2392      Z:    -0.3320     Total:     0.5865

  Dipole Moment: (Debye)
     X:    -1.0680      Y:     0.6081      Z:    -0.8438     Total:     1.4908


  Saving occupied orbitals to File 180.

  UHF NO Occupations:
  HONO-2 :    5  A 2.0000000
  HONO-1 :    6  A 2.0000000
  HONO-0 :    7  A 1.0000000
  LUNO+0 :    8  A 1.0000000
  LUNO+1 :    9  A 0.0000000
  LUNO+2 :   10  A 0.0000000
  LUNO+3 :   11  A 0.0000000


  ==> State 1 -> 2

         ---------------------------------------------------------
                                   SCF
            by Justin Turney, Rob Parrish, and Andy Simmonett
                              UHF Reference
                        1 Threads,    256 MiB Core
         ---------------------------------------------------------

  ==> Geometry <==

    Molecular point group: c1
    Full point group: C1

    Geometry (in Angstrom), charge = 1, multiplicity = 1:

       Center              X                  Y                   Z               Mass       
    ------------   -----------------  -----------------  -----------------  -----------------
           C          0.622452528399     0.324782523391     0.057980247504    12.000000000000
           N         -0.488727471601    -0.302317476609     0.005630247504    14.003074004780
           H          0.953242528399     0.943792523391    -0.916539752496     1.007825032070
           H         -1.574127471601    -0.610417476609     0.147950247504     1.007825032070

  Running in c1 symmetry.

  Rotational constants: A =     16.25192  B =      1.11088  C =      1.04976 [cm^-1]
  Rotational constants: A = 487220.20505  B =  33303.19572  C =  31471.07427 [MHz]
  Nuclear repulsion =   26.552028607681898

  Charge       = 1
  Multiplicity = 1
  Electrons    = 14
  Nalpha       = 7
  Nbeta        = 7

  ==> Algorithm <==

  SCF Algorithm Type is DF.
  DIIS enabled.
  MOM disabled.
  Fractional occupation disabled.
  Guess Type is CORE.
  Energy threshold   = 1.00e-09
  Density threshold  = 1.00e-01
  Integral threshold = 1.00e-12

  ==> Primary Basis <==

  Basis Set: STO-3G
    Number of shells: 8
    Number of basis function: 12
    Number of Cartesian functions: 12
    Spherical Harmonics?: true
    Max angular momentum: 1


  Alpha frozen occupied MO: 0
  Alpha frozen occupied MO: 1
  Beta  frozen occupied MO: 0
  Beta  frozen occupied MO: 2
  Alpha frozen occupied MO: 2
  Alpha frozen occupied MO: 3
  Beta  frozen occupied MO: 1
  Beta  frozen occupied MO: 3
  Copying orbital 0 (0,6)
  Copying orbital 1 (0,5)
  Copying orbital 2 (0,7)
  Copying orbital 3 (0,8)  Alpha electrons per irrep (n = 1): 7  
  Beta electrons per irrep (n = 1): 7  
  Number of active MOs per irrep (n = 1): 8  
  Number of unoccupied active MOs per irrep (n = 1): 3  
  ==> Pre-Iterations <==

   -------------------------------------------------------
    Irrep   Nso     Nmo     Nalpha   Nbeta   Ndocc  Nsocc
   -------------------------------------------------------
     A         12      12       7       7       0       0
   -------------------------------------------------------
    Total      12      12       7       7       7       0
   -------------------------------------------------------

 OEINTS: Overlap, kinetic, potential, dipole, and quadrupole integrals
         stored in file 35.

  ==> Integral Setup <==

  ==> DFJK: Density-Fitted J/K Matrices <==

    J tasked:                  Yes
    K tasked:                  Yes
    wK tasked:                  No
    OpenMP threads:              1
    Integrals threads:           1
    Memory (MB):               183
    Algorithm:                Core
    Integral Cache:           NONE
    Schwarz Cutoff:          1E-12
    Fitting Condition:       1E-12

   => Auxiliary Basis Set <=

  Basis Set: AUG-CC-PV5Z-JKFIT
    Number of shells: 124
    Number of basis function: 628
    Number of Cartesian functions: 948
    Spherical Harmonics?: true
    Max angular momentum: 6

  Minimum eigenvalue in the overlap matrix is 2.2379141931E-01.
  Using Symmetric Orthogonalization.
  SCF Guess: Core (One-Electron) Hamiltonian.

  ==> Iterations <==

                           Total Energy        Delta E     RMS |[F,P]|

   @DF-UHF iter   1:   -88.91485465332977   -8.89149e+01   7.96523e-02 
   @DF-UHF iter   2:   -91.65828606743926   -2.74343e+00   3.28123e-02 
   @DF-UHF iter   3:   -91.75173963098456   -9.34536e-02   1.26512e-02 
   @DF-UHF iter   4:   -91.75687938271088   -5.13975e-03   1.08031e-02 
   @DF-UHF iter   5:   -91.75728040958771   -4.01027e-04   1.06091e-02 
   @DF-UHF iter   6:   -91.75731388057022   -3.34710e-05   1.05790e-02 
   @DF-UHF iter   7:   -91.75731676264289   -2.88207e-06   1.05720e-02 
   @DF-UHF iter   8:   -91.75731701614845   -2.53506e-07   1.05700e-02 
   @DF-UHF iter   9:   -91.75731703882335   -2.26749e-08   1.05694e-02 
   @DF-UHF iter  10:   -91.75731704087971   -2.05637e-09   1.05692e-02 
   @DF-UHF iter  11:   -91.75731704106840   -1.88692e-10   1.05691e-02 

  ==> Post-Iterations <==

   @Spin Contamination Metric:   1.000000000E+00
   @S^2 Expected:                0.000000000E+00
   @S^2 Observed:                1.000000000E+00
   @S   Expected:                0.000000000E+00
   @S   Observed:                0.000000000E+00

    Orbital Energies (a.u.)
    -----------------------

    Alpha Occupied:                                                       

       1A      0.000000     2A      0.000000     3A      0.000000  
       4A      0.000000     5A      0.000000     6A      0.000000  
       7A      0.000000  

    Alpha Virtual:                                                        

       8A      0.000000     9A      0.000000    10A      0.000000  
      11A      0.000000    12A      0.000000  

    Beta Occupied:                                                        

       1A      0.000000     2A      0.000000     3A      0.000000  
       4A      0.000000     5A      0.000000     6A      0.000000  
       7A      0.000000  

    Beta Virtual:                                                         

       8A      0.000000     9A      0.000000    10A      0.000000  
      11A      0.000000    12A      0.000000  

    Final Occupation by Irrep:
              A 
    DOCC [     7 ]
    SOCC [     0 ]

  Energy converged.

  @DF-UHF Final Energy:   -91.75731704106840

   => Energetics <=

    Nuclear Repulsion Energy =             26.5520286076818977
    One-Electron Energy =                -171.4329407367415001
    Two-Electron Energy =                  53.1235950879911982
    DFT Exchange-Correlation Energy =       0.0000000000000000
    Empirical Dispersion Energy =           0.0000000000000000
    PCM Polarization Energy =               0.0000000000000000
    EFP Energy =                            0.0000000000000000
    Total Energy =                        -91.7573170410684043

    Alert: EFP and PCM quantities not currently incorporated into SCF psivars.

Properties will be evaluated at   0.000000,   0.000000,   0.000000 Bohr
  ==> Properties <==


Properties computed using the SCF density matrix

  Nuclear Dipole Moment: (a.u.)
     X:    -0.5806      Y:     0.3134      Z:    -0.7205

  Electronic Dipole Moment: (a.u.)
     X:     0.1604      Y:    -0.0742      Z:     0.3886

  Dipole Moment: (a.u.)
     X:    -0.4202      Y:     0.2392      Z:    -0.3320     Total:     0.5865

  Dipole Moment: (Debye)
     X:    -1.0680      Y:     0.6081      Z:    -0.8438     Total:     1.4908


  Saving occupied orbitals to File 180.

  UHF NO Occupations:
  HONO-2 :    5  A 2.0000000
  HONO-1 :    6  A 2.0000000
  HONO-0 :    7  A 1.0000000
  LUNO+0 :    8  A 1.0000000
  LUNO+1 :    9  A 0.0000000
  LUNO+2 :   10  A -0.0000000
  LUNO+3 :   11  A -0.0000000


  ==> State 1 -> 3

         ---------------------------------------------------------
                                   SCF
            by Justin Turney, Rob Parrish, and Andy Simmonett
                              UHF Reference
                        1 Threads,    256 MiB Core
         ---------------------------------------------------------

  ==> Geometry <==

    Molecular point group: c1
    Full point group: C1

    Geometry (in Angstrom), charge = 1, multiplicity = 1:

       Center              X                  Y                   Z               Mass       
    ------------   -----------------  -----------------  -----------------  -----------------
           C          0.622452528399     0.324782523391     0.057980247504    12.000000000000
           N         -0.488727471601    -0.302317476609     0.005630247504    14.003074004780
           H          0.953242528399     0.943792523391    -0.916539752496     1.007825032070
           H         -1.574127471601    -0.610417476609     0.147950247504     1.007825032070

  Running in c1 symmetry.

  Rotational constants: A =     16.25192  B =      1.11088  C =      1.04976 [cm^-1]
  Rotational constants: A = 487220.20505  B =  33303.19572  C =  31471.07427 [MHz]
  Nuclear repulsion =   26.552028607681898

  Charge       = 1
  Multiplicity = 1
  Electrons    = 14
  Nalpha       = 7
  Nbeta        = 7

  ==> Algorithm <==

  SCF Algorithm Type is DF.
  DIIS enabled.
  MOM disabled.
  Fractional occupation disabled.
  Guess Type is CORE.
  Energy threshold   = 1.00e-09
  Density threshold  = 1.00e-01
  Integral threshold = 1.00e-12

  ==> Primary Basis <==

  Basis Set: STO-3G
    Number of shells: 8
    Number of basis function: 12
    Number of Cartesian functions: 12
    Spherical Harmonics?: true
    Max angular momentum: 1


  Alpha frozen occupied MO: 0
  Alpha frozen occupied MO: 1
  Beta  frozen occupied MO: 0
  Beta  frozen occupied MO: 3
  Alpha frozen occupied MO: 2
  Alpha frozen occupied MO: 3
  Beta  frozen occupied MO: 1
  Beta  frozen occupied MO: 2
  Copying orbital 0 (0,6)
  Copying orbital 1 (0,5)
  Copying orbital 2 (0,7)
  Copying orbital 3 (0,8)  Alpha electrons per irrep (n = 1): 7  
  Beta electrons per irrep (n = 1): 7  
  Number of active MOs per irrep (n = 1): 8  
  Number of unoccupied active MOs per irrep (n = 1): 3  
  ==> Pre-Iterations <==

   -------------------------------------------------------
    Irrep   Nso     Nmo     Nalpha   Nbeta   Ndocc  Nsocc
   -------------------------------------------------------
     A         12      12       7       7       0       0
   -------------------------------------------------------
    Total      12      12       7       7       7       0
   -------------------------------------------------------

 OEINTS: Overlap, kinetic, potential, dipole, and quadrupole integrals
         stored in file 35.

  ==> Integral Setup <==

  ==> DFJK: Density-Fitted J/K Matrices <==

    J tasked:                  Yes
    K tasked:                  Yes
    wK tasked:                  No
    OpenMP threads:              1
    Integrals threads:           1
    Memory (MB):               183
    Algorithm:                Core
    Integral Cache:           NONE
    Schwarz Cutoff:          1E-12
    Fitting Condition:       1E-12

   => Auxiliary Basis Set <=

  Basis Set: AUG-CC-PV5Z-JKFIT
    Number of shells: 124
    Number of basis function: 628
    Number of Cartesian functions: 948
    Spherical Harmonics?: true
    Max angular momentum: 6

  Minimum eigenvalue in the overlap matrix is 2.2379141931E-01.
  Using Symmetric Orthogonalization.
  SCF Guess: Core (One-Electron) Hamiltonian.

  ==> Iterations <==

                           Total Energy        Delta E     RMS |[F,P]|

   @DF-UHF iter   1:   -88.74694691223797   -8.87469e+01   7.97679e-02 
   @DF-UHF iter   2:   -91.48049055751406   -2.73354e+00   3.34458e-02 
   @DF-UHF iter   3:   -91.56879643258833   -8.83059e-02   1.49466e-02 
   @DF-UHF iter   4:   -91.57365640426801   -4.85997e-03   1.33826e-02 
   @DF-UHF iter   5:   -91.57402838189043   -3.71978e-04   1.32211e-02 
   @DF-UHF iter   6:   -91.57405897516620   -3.05933e-05   1.31946e-02 
   @DF-UHF iter   7:   -91.57406157210522   -2.59694e-06   1.31880e-02 
   @DF-UHF iter   8:   -91.57406179720007   -2.25095e-07   1.31861e-02 
   @DF-UHF iter   9:   -91.57406181703419   -1.98341e-08   1.31855e-02 
   @DF-UHF iter  10:   -91.57406181880609   -1.77189e-09   1.31853e-02 
   @DF-UHF iter  11:   -91.57406181896633   -1.60242e-10   1.31852e-02 

  ==> Post-Iterations <==

   @Spin Contamination Metric:   1.000000000E+00
   @S^2 Expected:                0.000000000E+00
   @S^2 Observed:                1.000000000E+00
   @S   Expected:                0.000000000E+00
   @S   Observed:                0.000000000E+00

    Orbital Energies (a.u.)
    -----------------------

    Alpha Occupied:                                                       

       1A      0.000000     2A      0.000000     3A      0.000000  
       4A      0.000000     5A      0.000000     6A      0.000000  
       7A      0.000000  

    Alpha Virtual:                                                        

       8A      0.000000     9A      0.000000    10A      0.000000  
      11A      0.000000    12A      0.000000  

    Beta Occupied:                                                        

       1A      0.000000     2A      0.000000     3A      0.000000  
       4A      0.000000     5A      0.000000     6A      0.000000  
       7A      0.000000  

    Beta Virtual:                                                         

       8A      0.000000     9A      0.000000    10A      0.000000  
      11A      0.000000    12A      0.000000  

    Final Occupation by Irrep:
              A 
    DOCC [     7 ]
    SOCC [     0 ]

  Energy converged.

  @DF-UHF Final Energy:   -91.57406181896633

   => Energetics <=

    Nuclear Repulsion Energy =             26.5520286076818977
    One-Electron Energy =                -171.5557428022763702
    Two-Electron Energy =                  53.4296523756281445
    DFT Exchange-Correlation Energy =       0.0000000000000000
    Empirical Dispersion Energy =           0.0000000000000000
    PCM Polarization Energy =               0.0000000000000000
    EFP Energy =                            0.0000000000000000
    Total Energy =                        -91.5740618189663280

    Alert: EFP and PCM quantities not currently incorporated into SCF psivars.

Properties will be evaluated at   0.000000,   0.000000,   0.000000 Bohr
  ==> Properties <==


Properties computed using the SCF density matrix

  Nuclear Dipole Moment: (a.u.)
     X:    -0.5806      Y:     0.3134      Z:    -0.7205

  Electronic Dipole Moment: (a.u.)
     X:     0.1604      Y:    -0.0742      Z:     0.3886

  Dipole Moment: (a.u.)
     X:    -0.4202      Y:     0.2392      Z:    -0.3320     Total:     0.5865

  Dipole Moment: (Debye)
     X:    -1.0680      Y:     0.6081      Z:    -0.8438     Total:     1.4908


  Saving occupied orbitals to File 180.

  UHF NO Occupations:
  HONO-2 :    5  A 2.0000000
  HONO-1 :    6  A 2.0000000
  HONO-0 :    7  A 1.0000000
  LUNO+0 :    8  A 1.0000000
  LUNO+1 :    9  A 0.0000000
  LUNO+2 :   10  A -0.0000000
  LUNO+3 :   11  A -0.0000000


  ==> Nonorthogonal CI (NOCI) <==

  Number of determinants: 9

  Using Density Fitting and LibFock JK algorithm

  Computing the NOCI Hamiltonian

  ## Overlap matrix (Symmetry 0) ##
  Irrep: 1 Size: 9 x 9

                 1                   2                   3                   4                   5

    1     0.99999999999999     0.00000000000000     0.00000000000000     0.00000000000000     0.00000000000000
    2     0.00000000000000     0.99999999999999     0.00000000000000     0.00000000000000     0.00000000000000
    3     0.00000000000000     0.00000000000000     0.99999999999998     0.00000000000000     0.00000000000000
    4     0.00000000000000     0.00000000000000     0.00000000000000     1.00000000000002     0.00000000000000
    5     0.00000000000000     0.00000000000000     0.00000000000000     0.00000000000000     1.00000000000002
    6     0.00000000000000     0.00000000000000     0.00000000000000     0.00000000000000     0.00000000000000
    7     0.00000000000000     0.00000000000000     0.00000000000000     0.00000000000000     0.00000000000000
    8     0.00000000000000     0.00000000000000     0.00000000000000     0.00000000000000     0.00000000000000
    9     0.00000000000000     0.00000000000000     0.00000000000000     0.00000000000000     0.00000000000000

                 6                   7                   8                   9

    1     0.00000000000000     0.00000000000000     0.00000000000000     0.00000000000000
    2     0.00000000000000     0.00000000000000     0.00000000000000     0.00000000000000
    3     0.00000000000000     0.00000000000000     0.00000000000000     0.00000000000000
    4     0.00000000000000     0.00000000000000     0.00000000000000     0.00000000000000
    5     0.00000000000000     0.00000000000000     0.00000000000000     0.00000000000000
    6     0.99999999999999     0.00000000000000     0.00000000000000     0.00000000000000
    7     0.00000000000000     0.99999999999998     0.00000000000000     0.00000000000000
    8     0.00000000000000     0.00000000000000     1.00000000000002     0.00000000000000
    9     0.00000000000000     0.00000000000000     0.00000000000000     1.00000000000002



  ## Hamiltonian (Symmetry 0) ##
  Irrep: 1 Size: 9 x 9

                 1                   2                   3                   4                   5

    1   -91.89880475464790     0.00010199691688     0.00036573680927    -0.00092053120191     0.01249302803523
    2     0.00010199691688   -91.66395495988681     0.00854138316513    -0.01472271050890     0.09906381399382
    3     0.00036573680927     0.00854138316513   -91.68817954594608    -0.00241360943341     0.00345773803258
    4    -0.00092053120191    -0.01472271050890    -0.00241360943341   -91.75731704108738    -0.00850568978839
    5     0.01249302803523     0.09906381399382     0.00345773803258    -0.00850568978839   -91.57406181899110
    6     0.00010199691688     0.16880327091712     0.00842089484204    -0.01649283252746     0.11944799398926
    7     0.00036573680927     0.00842089484204     0.02884468186179     0.01805010889971     0.00570443981915
    8    -0.00092053120191    -0.01649283252746     0.01805010889971     0.02160394784218    -0.01488483895694
    9     0.01249302803523     0.11944799398926     0.00570443981915    -0.01488483895694     0.14742741053686

                 6                   7                   8                   9

    1     0.00010199691688     0.00036573680927    -0.00092053120191     0.01249302803523
    2     0.16880327091712     0.00842089484204    -0.01649283252746     0.11944799398926
    3     0.00842089484204     0.02884468186179     0.01805010889971     0.00570443981915
    4    -0.01649283252746     0.01805010889971     0.02160394784218    -0.01488483895694
    5     0.11944799398926     0.00570443981915    -0.01488483895694     0.14742741053686
    6   -91.66395495988681     0.00854138316513    -0.01472271050890     0.09906381399382
    7     0.00854138316513   -91.68817954594611    -0.00241360943341     0.00345773803258
    8    -0.01472271050890    -0.00241360943341   -91.75731704108735    -0.00850568978839
    9     0.09906381399382     0.00345773803258    -0.00850568978839   -91.57406181899110



  ## S2 (Symmetry 0) ##
  Irrep: 1 Size: 9 x 9

                 1                   2                   3                   4                   5

    1     0.00000000000000     0.00000000000000     0.00000000000000     0.00000000000000     0.00000000000000
    2     0.00000000000000     0.00000000000000     0.00000000000000     0.00000000000000     0.00000000000000
    3     0.00000000000000     0.00000000000000     0.00000000000000     0.00000000000000     0.00000000000000
    4     0.00000000000000     0.00000000000000     0.00000000000000     0.00000000000000     0.00000000000000
    5     0.00000000000000     0.00000000000000     0.00000000000000     0.00000000000000     0.00000000000000
    6     0.00000000000000     0.00000000000000     0.00000000000000     0.00000000000000     0.00000000000000
    7     0.00000000000000     0.00000000000000     0.00000000000000     0.00000000000000     0.00000000000000
    8     0.00000000000000     0.00000000000000     0.00000000000000     0.00000000000000     0.00000000000000
    9     0.00000000000000     0.00000000000000     0.00000000000000     0.00000000000000     0.00000000000000

                 6                   7                   8                   9

    1     0.00000000000000     0.00000000000000     0.00000000000000     0.00000000000000
    2     0.00000000000000     0.00000000000000     0.00000000000000     0.00000000000000
    3     0.00000000000000     0.00000000000000     0.00000000000000     0.00000000000000
    4     0.00000000000000     0.00000000000000     0.00000000000000     0.00000000000000
    5     0.00000000000000     0.00000000000000     0.00000000000000     0.00000000000000
    6     0.00000000000000     0.00000000000000     0.00000000000000     0.00000000000000
    7     0.00000000000000     0.00000000000000     0.00000000000000     0.00000000000000
    8     0.00000000000000     0.00000000000000     0.00000000000000     0.00000000000000
    9     0.00000000000000     0.00000000000000     0.00000000000000     0.00000000000000




  Diagonalizing the NOCI Hamiltonian

  ==> NOCI Excited State Information <==

  ----------------------------------------------------
    State       Energy (Eh)    Omega (eV)   Osc. Str.
  ----------------------------------------------------
  @NOCI-0        -91.899683696186      0.0000     0.0000e+00
  @NOCI-1        -91.836522371331      1.7187     0.0000e+00
  @NOCI-2        -91.785319104579      3.1120     0.0000e+00
  @NOCI-3        -91.743627763050      4.2465     0.0000e+00
  @NOCI-4        -91.719255665707      4.9097     0.0000e+00
  @NOCI-5        -91.709095535452      5.1862     0.0000e+00
  @NOCI-6        -91.680982627881      5.9512     0.0000e+00
  @NOCI-7        -91.655480299562      6.6451     0.0000e+00
  @NOCI-8        -91.235864422723     18.0634     0.0000e+00
  ----------------------------------------------------

*** PSI4 exiting successfully. Buy a developer a beer!
