    -----------------------------------------------------------------------
          Psi4: An Open-Source Ab Initio Electronic Structure Package
                              Psi4 0.2.258 Driver

                          Git: Rev {master} c523548 dirty

    J. M. Turney, A. C. Simmonett, R. M. Parrish, E. G. Hohenstein,
    F. A. Evangelista, J. T. Fermann, B. J. Mintz, L. A. Burns, J. J. Wilke,
    M. L. Abrams, N. J. Russ, M. L. Leininger, C. L. Janssen, E. T. Seidl,
    W. D. Allen, H. F. Schaefer, R. A. King, E. F. Valeev, C. D. Sherrill,
    and T. D. Crawford, WIREs Comput. Mol. Sci. 2, 556-565 (2012)
    (doi: 10.1002/wcms.93)

                         Additional Contributions by
    A. E. DePrince, M. Saitow, U. Bozkaya, A. Yu. Sokolov
    -----------------------------------------------------------------------


    Psi4 started on: Fri Sep  4 12:50:10 2015

    Process ID:   6617
    PSI4DATADIR: /home/wallace/Source/psi4public/lib
    Memory level set to 256.000 MB

  ==> Input File <==

--------------------------------------------------------------------------

memory 20 gb

import cdft

refdft                = -113.36252126784055#TEST
refocdft_singlet_spin = -102.813704752 #TEST
refocdft_triplet_spin = -102.825624902 #TEST

molecule{
0 1
C           -0.000000000000     0.000000000000    -0.642713037152
O            0.000000000000     0.000000000000     0.482188034714
}

set {
  basis def2-TZVP
  guess sad
  scf_type df
  df_basis_scf def2-tzvp-jkfit
  reference uks
  maxiter 200
  e_convergence 11
  d_convergence 6
}

set cdft {
  cdft_exc_type core
  rew 15.0 # Remove O1s core excitation from excitation space and compute C1s excitation
  roots_per_irrep [0,0,1,0]
  cdft_spin_adapt_ci false
  cdft_exc_method chp
}

set dft_functional B3LYP
energy('ocdft')

compare_values(refdft, get_variable("DFT ENERGY"),8, "DFT energy") #TEST
compare_values(refocdft_singlet_spin, get_variable("OCDFT SINGLET ENERGY"),8, "OCDFT singlet energy") #TEST
compare_values(refocdft_triplet_spin, get_variable("OCDFT TRIPLET ENERGY"),8, "OCDFT triplet energy") #TEST
--------------------------------------------------------------------------

  Memory set to  20.000 GiB by Python script.
/home/wallace/Source/cdft/cdft.so loaded.
Reading options from the CDFT block
Calling plugin cdft.so.

  ==> Orthogonality Constrained DFT <==

         ---------------------------------------------------------
                                   SCF
            by Justin Turney, Rob Parrish, and Andy Simmonett
                              UKS Reference
                        1 Threads,  20000 MiB Core
         ---------------------------------------------------------

  ==> Geometry <==

    Molecular point group: c2v
    Full point group: C_inf_v

    Geometry (in Angstrom), charge = 0, multiplicity = 1:

       Center              X                  Y                   Z       
    ------------   -----------------  -----------------  -----------------
           C          0.000000000000     0.000000000000    -0.642713037152
           O          0.000000000000     0.000000000000     0.482188034714

  Running in c2v symmetry.

  Rotational constants: A = ************  B =      1.94305  C =      1.94305 [cm^-1]
  Rotational constants: A = ************  B =  58251.15084  C =  58251.15084 [MHz]
  Nuclear repulsion =   22.580213182822661

  Charge       = 0
  Multiplicity = 1
  Electrons    = 14
  Nalpha       = 7
  Nbeta        = 7

  ==> Algorithm <==

  SCF Algorithm Type is DF.
  DIIS enabled.
  MOM disabled.
  Fractional occupation disabled.
  Guess Type is SAD.
  Energy threshold   = 1.00e-11
  Density threshold  = 1.00e-06
  Integral threshold = 1.00e-12

  ==> Primary Basis <==

  Basis Set: DEF2-TZVP
    Number of shells: 22
    Number of basis function: 62
    Number of Cartesian functions: 72
    Spherical Harmonics?: true
    Max angular momentum: 3

  ==> DFT Potential <==

   => B3LYP Composite Functional <= 

    B3LYP Hybrid-GGA Exchange-Correlation Functional

    P.J. Stephens et. al., J. Phys. Chem., 98, 11623-11627, 1994

    Points   =           5000
    Deriv    =              1
    GGA      =           TRUE
    Meta     =          FALSE

    X_LRC        =          FALSE
    X_Hybrid     =           TRUE
    X_Alpha      =   2.000000E-01
    X_Omega      =   0.000000E+00
    C_LRC        =          FALSE
    C_Hybrid     =          FALSE
    C_Alpha      =   0.000000E+00
    C_Omega      =   0.000000E+00

   => Exchange Functionals <=

    0.8000    B3_X
    0.2000      HF 

   => Correlation Functionals <=

    0.1900 VWN3RPA_C
    0.8100   LYP_C

   => Molecular Quadrature <=

    Radial Scheme    =       TREUTLER
    Pruning Scheme   =           FLAT
    Nuclear Scheme   =       TREUTLER

    BS radius alpha  =              1
    Pruning alpha    =              1
    Radial Points    =             75
    Spherical Points =            302
    Total Points     =          43872
    Total Blocks     =             44
    Max Points       =           2823
    Max Functions    =             62


  ==> Unrestricted Orthogonality Constrained DFT (OCDFT) <==

  ==> Pre-Iterations <==

   -------------------------------------------------------
    Irrep   Nso     Nmo     Nalpha   Nbeta   Ndocc  Nsocc
   -------------------------------------------------------
     A1        28      28       0       0       0       0
     A2         6       6       0       0       0       0
     B1        14      14       0       0       0       0
     B2        14      14       0       0       0       0
   -------------------------------------------------------
    Total      62      62       7       7       7       0
   -------------------------------------------------------

 OEINTS: Overlap, kinetic, potential, dipole, and quadrupole integrals
         stored in file 35.

  ==> Integral Setup <==

  ==> DFJK: Density-Fitted J/K Matrices <==

    J tasked:                  Yes
    K tasked:                  Yes
    wK tasked:                  No
    OpenMP threads:              1
    Integrals threads:           1
    Memory (MB):             14305
    Algorithm:                Core
    Integral Cache:           NONE
    Schwarz Cutoff:          1E-12
    Fitting Condition:       1E-12

   => Auxiliary Basis Set <=

  Basis Set: DEF2-TZVP-JKFIT
    Number of shells: 50
    Number of basis function: 152
    Number of Cartesian functions: 182
    Spherical Harmonics?: true
    Max angular momentum: 4

  Minimum eigenvalue in the overlap matrix is 1.1827081356E-03.
  Using Symmetric Orthogonalization.
  SCF Guess: Superposition of Atomic Densities via on-the-fly atomic UHF.

  ==> Iterations <==

                           Total Energy        Delta E     RMS |[F,P]|

   @DF-UKS iter   0:  -113.87971149139203   -1.13880e+02   1.92925e-02 
   @DF-UKS iter   1:  -113.34348448928480    5.36227e-01   5.84055e-03 
   @DF-UKS iter   2:  -113.25424625281978    8.92382e-02   4.32485e-03 DIIS
   @DF-UKS iter   3:  -113.36235110042236   -1.08105e-01   2.71537e-04 DIIS
   @DF-UKS iter   4:  -113.36251723949536   -1.66139e-04   5.36584e-05 DIIS
   @DF-UKS iter   5:  -113.36252106275046   -3.82326e-06   1.27732e-05 DIIS
   @DF-UKS iter   6:  -113.36252125371011   -1.90960e-07   2.76273e-06 DIIS
   @DF-UKS iter   7:  -113.36252126714396   -1.34338e-08   4.87417e-07 DIIS
   @DF-UKS iter   8:  -113.36252126782276   -6.78796e-10   6.11817e-08 DIIS
   @DF-UKS iter   9:  -113.36252126784029   -1.75362e-11   1.63205e-08 DIIS
   @DF-UKS iter  10:  -113.36252126784055   -2.55795e-13   5.90500e-09 DIIS

  ==> Post-Iterations <==

   @Spin Contamination Metric:   2.398081733E-14
   @S^2 Expected:                0.000000000E+00
   @S^2 Observed:                2.398081733E-14
   @S   Expected:                0.000000000E+00
   @S   Observed:                0.000000000E+00

    Orbital Energies (a.u.)
    -----------------------

    Alpha Occupied:                                                       

       1A1   -19.238028     2A1   -10.293543     3A1    -1.173830  
       4A1    -0.583583     1B2    -0.485352     1B1    -0.485352  
       5A1    -0.385671  

    Alpha Virtual:                                                        

       2B2    -0.036629     2B1    -0.036629     6A1     0.109785  
       7A1     0.179268     3B1     0.210922     3B2     0.210922  
       8A1     0.355865     4B2     0.469562     4B1     0.469562  
       9A1     0.574661    10A1     0.631782     1A2     0.631782  
      11A1     0.691371     5B2     0.848989     5B1     0.848989  
      12A1     1.170907    13A1     1.267883     6B1     1.355899  
       6B2     1.355899    14A1     1.386636     2A2     1.495261  
      15A1     1.495261     7B1     1.880417     7B2     1.880417  
      16A1     2.164236     8B1     2.563518     8B2     2.563518  
       9B1     2.628673     9B2     2.628673    17A1     2.806079  
       3A2     2.806080    18A1     2.827420    19A1     2.926325  
       4A2     2.926326    10B2     2.978498    10B1     2.978498  
      20A1     3.068076    11B2     3.625748    11B1     3.625748  
      21A1     3.811558    22A1     4.175787    12B2     5.066295  
      12B1     5.066295     5A2     5.471742    23A1     5.471743  
      13B1     6.170304    13B2     6.170304    24A1     6.213876  
       6A2     6.213883    25A1     6.461545    14B1     6.651555  
      14B2     6.651555    26A1     7.023818    27A1    21.801002  
      28A1    43.439430  

    Beta Occupied:                                                        

       1A1   -19.238028     2A1   -10.293543     3A1    -1.173830  
       4A1    -0.583583     1B2    -0.485352     1B1    -0.485352  
       5A1    -0.385671  

    Beta Virtual:                                                         

       2B2    -0.036629     2B1    -0.036629     6A1     0.109785  
       7A1     0.179268     3B1     0.210922     3B2     0.210922  
       8A1     0.355865     4B2     0.469562     4B1     0.469562  
       9A1     0.574661    10A1     0.631782     1A2     0.631782  
      11A1     0.691371     5B2     0.848989     5B1     0.848989  
      12A1     1.170907    13A1     1.267883     6B1     1.355899  
       6B2     1.355899    14A1     1.386636     2A2     1.495261  
      15A1     1.495261     7B1     1.880417     7B2     1.880417  
      16A1     2.164236     8B1     2.563518     8B2     2.563518  
       9B1     2.628673     9B2     2.628673    17A1     2.806079  
       3A2     2.806080    18A1     2.827420    19A1     2.926325  
       4A2     2.926326    10B2     2.978498    10B1     2.978498  
      20A1     3.068076    11B2     3.625748    11B1     3.625748  
      21A1     3.811558    22A1     4.175787    12B2     5.066295  
      12B1     5.066295     5A2     5.471742    23A1     5.471743  
      13B1     6.170304    13B2     6.170304    24A1     6.213876  
       6A2     6.213883    25A1     6.461545    14B1     6.651555  
      14B2     6.651555    26A1     7.023818    27A1    21.801002  
      28A1    43.439430  

    Final Occupation by Irrep:
             A1    A2    B1    B2 
    DOCC [     5,    0,    1,    1 ]
    SOCC [     0,    0,    0,    0 ]

  Energy converged.

  @DF-UKS Final Energy:  -113.36252126784055

   => Energetics <=

    Nuclear Repulsion Energy =              0.0000000000000000
    One-Electron Energy =                   0.0000000000000000
    Two-Electron Energy =                   0.0000000000000000
    DFT Exchange-Correlation Energy =       0.0000000000000000
    Empirical Dispersion Energy =           0.0000000000000000
    PCM Polarization Energy =               0.0000000000000000
    EFP Energy =                            0.0000000000000000
    Total Energy =                          0.0000000000000000

    Alert: EFP and PCM quantities not currently incorporated into SCF psivars.

Properties will be evaluated at   0.000000,   0.000000,   0.000000 Bohr
  ==> Properties <==


Properties computed using the SCF density matrix

  Nuclear Dipole Moment: (a.u.)
     X:     0.0000      Y:     0.0000      Z:     0.0023

  Electronic Dipole Moment: (a.u.)
     X:     0.0000      Y:     0.0000      Z:     0.0397

  Dipole Moment: (a.u.)
     X:     0.0000      Y:     0.0000      Z:     0.0421     Total:     0.0421

  Dipole Moment: (Debye)
     X:     0.0000      Y:     0.0000      Z:     0.1069     Total:     0.1069


  Saving occupied orbitals to File 180.


  ==== Computing 1 state of symmetry 2 ====

         ---------------------------------------------------------
                                   SCF
            by Justin Turney, Rob Parrish, and Andy Simmonett
                              UKS Reference
                        1 Threads,  20000 MiB Core
         ---------------------------------------------------------

  ==> Geometry <==

    Molecular point group: c2v
    Full point group: C_inf_v

    Geometry (in Angstrom), charge = 0, multiplicity = 1:

       Center              X                  Y                   Z       
    ------------   -----------------  -----------------  -----------------
           C          0.000000000000     0.000000000000    -0.642713037152
           O          0.000000000000     0.000000000000     0.482188034714

  Running in c2v symmetry.

  Rotational constants: A = ************  B =      1.94305  C =      1.94305 [cm^-1]
  Rotational constants: A = ************  B =  58251.15084  C =  58251.15084 [MHz]
  Nuclear repulsion =   22.580213182822661

  Charge       = 0
  Multiplicity = 1
  Electrons    = 14
  Nalpha       = 7
  Nbeta        = 7

  ==> Algorithm <==

  SCF Algorithm Type is DF.
  DIIS enabled.
  MOM disabled.
  Fractional occupation disabled.
  Guess Type is SAD.
  Energy threshold   = 1.00e-11
  Density threshold  = 1.00e-06
  Integral threshold = 1.00e-12

  ==> Primary Basis <==

  Basis Set: DEF2-TZVP
    Number of shells: 22
    Number of basis function: 62
    Number of Cartesian functions: 72
    Spherical Harmonics?: true
    Max angular momentum: 3

  ==> DFT Potential <==

   => B3LYP Composite Functional <= 

    B3LYP Hybrid-GGA Exchange-Correlation Functional

    P.J. Stephens et. al., J. Phys. Chem., 98, 11623-11627, 1994

    Points   =           5000
    Deriv    =              1
    GGA      =           TRUE
    Meta     =          FALSE

    X_LRC        =          FALSE
    X_Hybrid     =           TRUE
    X_Alpha      =   2.000000E-01
    X_Omega      =   0.000000E+00
    C_LRC        =          FALSE
    C_Hybrid     =          FALSE
    C_Alpha      =   0.000000E+00
    C_Omega      =   0.000000E+00

   => Exchange Functionals <=

    0.8000    B3_X
    0.2000      HF 

   => Correlation Functionals <=

    0.1900 VWN3RPA_C
    0.8100   LYP_C

   => Molecular Quadrature <=

    Radial Scheme    =       TREUTLER
    Pruning Scheme   =           FLAT
    Nuclear Scheme   =       TREUTLER

    BS radius alpha  =              1
    Pruning alpha    =              1
    Radial Points    =             75
    Spherical Points =            302
    Total Points     =          43872
    Total Blocks     =             44
    Max Points       =           2823
    Max Functions    =             62


  ==> Unrestricted Orthogonality Constrained DFT (OCDFT) <==

  Saving the reference orbitals for an excited state computation

  Projecting out only holes.

    Saved number of holes per irrep (n = 4): 0  0  0  0  

    Saved number of particles per irrep (n = 4): 0  0  0  0  

    Saved number of holes per irrep (n = 4): 0  0  0  0  
  ==> Pre-Iterations <==

   -------------------------------------------------------
    Irrep   Nso     Nmo     Nalpha   Nbeta   Ndocc  Nsocc
   -------------------------------------------------------
     A1        28      28       0       0       0       0
     A2         6       6       0       0       0       0
     B1        14      14       0       0       0       0
     B2        14      14       0       0       0       0
   -------------------------------------------------------
    Total      62      62       7       7       7       0
   -------------------------------------------------------

 OEINTS: Overlap, kinetic, potential, dipole, and quadrupole integrals
         stored in file 35.

  ==> Integral Setup <==

  ==> DFJK: Density-Fitted J/K Matrices <==

    J tasked:                  Yes
    K tasked:                  Yes
    wK tasked:                  No
    OpenMP threads:              1
    Integrals threads:           1
    Memory (MB):             14305
    Algorithm:                Core
    Integral Cache:           NONE
    Schwarz Cutoff:          1E-12
    Fitting Condition:       1E-12

   => Auxiliary Basis Set <=

  Basis Set: DEF2-TZVP-JKFIT
    Number of shells: 50
    Number of basis function: 152
    Number of Cartesian functions: 182
    Spherical Harmonics?: true
    Max angular momentum: 4

  Minimum eigenvalue in the overlap matrix is 1.1827081356E-03.
  Using Symmetric Orthogonalization.
  Projecting out 0 previous holes

  Ground state symmetry: A1
  Excited state symmetry: B1

  Lowest energy excitations:
  --------------------------------------
    N   Occupied     Virtual     E(eV)  
  --------------------------------------
    1      2A1   ->    2B1      279.105
    2      2A1   ->    3B1      285.841
    3      2A1   ->    4B1      292.879
    4      2A1   ->    5B1      303.204
    5      2A1   ->    6B1      316.997
    6      2A1   ->    7B1      331.270
    7      2A1   ->    8B1      349.858
    8      2A1   ->    9B1      351.631
    9      2A1   ->   10B1      361.151
   10      2A1   ->   11B1      378.763
  --------------------------------------

  HOLES:        2A1  (-10.293543)
  PARTICLES:    2B1  (-0.036629)

  ==> Iterations <==

                           Total Energy        Delta E     RMS |[F,P]|

  Projecting out 0 previous holes

  HOLES:        2A1  (-11.550960)
  PARTICLES:    2B1  (-0.437047)

   @DF-UKS iter   1:  -102.49327714720900   -3.33794e+01   2.94682e-02 
  Projecting out 0 previous holes

  HOLES:        2A1  (-10.749679)
  PARTICLES:    2B1  (-0.224914)

   @DF-UKS iter   2:  -101.75665380796974    7.36623e-01   2.27027e-02 DIIS
  Projecting out 0 previous holes

  HOLES:        2A1  (-10.880492)
  PARTICLES:    2B1  (-0.232479)

   @DF-UKS iter   3:  -102.60097449284474   -8.44321e-01   8.42678e-03 DIIS
  Projecting out 0 previous holes

  HOLES:        2A1  (-10.797644)
  PARTICLES:    2B1  (-0.226755)

   @DF-UKS iter   4:  -102.79597683822897   -1.95002e-01   2.31691e-03 DIIS
  Projecting out 0 previous holes

  HOLES:        2A1  (-10.791482)
  PARTICLES:    2B1  (-0.226276)

   @DF-UKS iter   5:  -102.81922015973365   -2.32433e-02   2.60817e-04 DIIS
  Projecting out 0 previous holes

  HOLES:        2A1  (-10.789202)
  PARTICLES:    2B1  (-0.226158)

   @DF-UKS iter   6:  -102.81964748489223   -4.27325e-04   4.45042e-05 DIIS
  Projecting out 0 previous holes

  HOLES:        2A1  (-10.788712)
  PARTICLES:    2B1  (-0.226166)

   @DF-UKS iter   7:  -102.81966140167549   -1.39168e-05   9.02891e-06 DIIS
  Projecting out 0 previous holes

  HOLES:        2A1  (-10.788692)
  PARTICLES:    2B1  (-0.226195)

   @DF-UKS iter   8:  -102.81966338957614   -1.98790e-06   2.42025e-06 DIIS
  Projecting out 0 previous holes

  HOLES:        2A1  (-10.788542)
  PARTICLES:    2B1  (-0.226181)

   @DF-UKS iter   9:  -102.81966428535544   -8.95779e-07   2.15784e-06 DIIS
  Projecting out 0 previous holes

  HOLES:        2A1  (-10.788484)
  PARTICLES:    2B1  (-0.226168)

   @DF-UKS iter  10:  -102.81966478541800   -5.00063e-07   1.23965e-06 DIIS
  Projecting out 0 previous holes

  HOLES:        2A1  (-10.788472)
  PARTICLES:    2B1  (-0.226164)

   @DF-UKS iter  11:  -102.81966482653878   -4.11208e-08   2.96056e-07 DIIS
  Projecting out 0 previous holes

  HOLES:        2A1  (-10.788475)
  PARTICLES:    2B1  (-0.226163)

   @DF-UKS iter  12:  -102.81966482669009   -1.51303e-10   1.47845e-07 DIIS
  Projecting out 0 previous holes

  HOLES:        2A1  (-10.788477)
  PARTICLES:    2B1  (-0.226164)

   @DF-UKS iter  13:  -102.81966482702661   -3.36527e-10   3.45506e-08 DIIS
  Projecting out 0 previous holes

  HOLES:        2A1  (-10.788476)
  PARTICLES:    2B1  (-0.226164)

   @DF-UKS iter  14:  -102.81966482703012   -3.51008e-12   1.83926e-08 DIIS

  ==> Post-Iterations <==

   @Spin Contamination Metric:   1.009070903E+00
   @S^2 Expected:                0.000000000E+00
   @S^2 Observed:                1.009070903E+00
   @S   Expected:                0.000000000E+00
   @S   Observed:                0.000000000E+00

    Orbital Energies (a.u.)
    -----------------------

    Alpha Occupied:                                                       

       1B1  -100.000000     1A1   -19.287879     2A1    -1.257622  
       3A1    -0.652100     2B1    -0.566985     1B2    -0.542962  
       4A1    -0.469326  

    Alpha Virtual:                                                        

       2B2    -0.105568     5A1     0.105426     6A1     0.169874  
       3B1     0.178308     3B2     0.184389     7A1     0.341780  
       4B1     0.448715     4B2     0.452549     8A1     0.503389  
       1A2     0.638476     9A1     0.639601    10A1     0.678328  
       5B1     0.854594     5B2     0.854827    11A1     1.086038  
      12A1     1.162771     6B1     1.183733     6B2     1.215060  
      13A1     1.365309     2A2     1.471464    14A1     1.472401  
       7B2     1.850159     7B1     1.851639    15A1     2.095985  
       8B1     2.516642     8B2     2.523685     9B1     2.629464  
       9B2     2.630007     3A2     2.753265    16A1     2.757002  
      17A1     2.795911     4A2     2.880810    18A1     2.884335  
      10B1     2.927562    10B2     2.933150    19A1     3.032462  
      11B2     3.593837    11B1     3.597221    20A1     3.706285  
      21A1     4.130895    12B1     5.026620    12B2     5.026709  
       5A2     5.434748    22A1     5.435642    13B2     6.109964  
      13B1     6.110145     6A2     6.160958    23A1     6.162697  
      24A1     6.333343    14B1     6.605801    14B2     6.607091  
      25A1     6.951983    26A1    20.870382    27A1    43.391588  
      28A1   100.000000  

    Beta Occupied:                                                        

       1A1   -19.273255     2A1   -12.401693     3A1    -1.249978  
       4A1    -0.635825     1B2    -0.538254     1B1    -0.501949  
       5A1    -0.471085  

    Beta Virtual:                                                         

       2B2    -0.112372     2B1    -0.070887     6A1     0.106369  
       7A1     0.169671     3B2     0.178668     3B1     0.190909  
       8A1     0.341026     4B2     0.457549     4B1     0.469384  
       9A1     0.503812     1A2     0.656466    10A1     0.656746  
      11A1     0.683685     5B2     0.857393     5B1     0.879516  
      12A1     1.071072    13A1     1.134933     6B2     1.159804  
       6B1     1.191725    14A1     1.366273     2A2     1.496100  
      15A1     1.496323     7B2     1.855055     7B1     1.875731  
      16A1     2.091776     8B2     2.536748     8B1     2.563723  
       9B2     2.659119     9B1     2.659177    17A1     2.782066  
       3A2     2.782304    18A1     2.815104    19A1     2.912563  
       4A2     2.914580    10B2     2.931999    10B1     2.966456  
      20A1     3.048750    11B2     3.596609    11B1     3.626363  
      21A1     3.696071    22A1     4.136691    12B2     5.059332  
      12B1     5.059337    23A1     5.458773     5A2     5.458841  
      13B2     6.118938    13B1     6.147194    24A1     6.210176  
       6A2     6.210502    25A1     6.312217    14B2     6.615209  
      14B1     6.641503    26A1     6.953536    27A1    20.011153  
      28A1    43.405907  

    Final Occupation by Irrep:
             A1    A2    B1    B2 
    DOCC [     4,    0,    1,    1 ]
    SOCC [     1,    0,    1,    0 ]

  Energy converged.

  @DF-UKS Final Energy:  -102.81966482703012

   => Energetics <=

    Nuclear Repulsion Energy =              0.0000000000000000
    One-Electron Energy =                   0.0000000000000000
    Two-Electron Energy =                   0.0000000000000000
    DFT Exchange-Correlation Energy =       0.0000000000000000
    Empirical Dispersion Energy =           0.0000000000000000
    PCM Polarization Energy =               0.0000000000000000
    EFP Energy =                            0.0000000000000000
    Total Energy =                          0.0000000000000000

    Alert: EFP and PCM quantities not currently incorporated into SCF psivars.

Properties will be evaluated at   0.000000,   0.000000,   0.000000 Bohr
  ==> Properties <==


Properties computed using the SCF density matrix

  Nuclear Dipole Moment: (a.u.)
     X:     0.0000      Y:     0.0000      Z:     0.0023

  Electronic Dipole Moment: (a.u.)
     X:     0.0000      Y:     0.0000      Z:     0.2215

  Dipole Moment: (a.u.)
     X:     0.0000      Y:     0.0000      Z:     0.2238     Total:     0.2238

  Dipole Moment: (Debye)
     X:     0.0000      Y:     0.0000      Z:     0.5688     Total:     0.5688



  Analysis of the hole/particle MOs in terms of the ground state DFT MOs
  Hole:          0A1 =  100.0% 2A1
  Particle:      0B1 =  92.9% 2B1 +  5.4% 3B1 +  1.2% 6B1


  Computing transition dipole moments
  2 determinants stored
 det U = -1.000000, det V = 1.000000
 det U = 1.000000, det V = 1.000000
  Corresponding orbitals:
  A(alpha):  (0, 4)
  B(alpha):  (2, 1)
  s(alpha):  0.000000e+00
  A(beta):  
  B(beta):  
  s(beta):  
  Stilde = -0.949595


Properties will be evaluated at   0.000000,   0.000000,   0.000000 Bohr
  ==> Transition dipole moment computed with OCDFT <==


Properties computed using the OCDFT TRANSITION density matrix

  Transition Dipole Moment: (a.u.)
     X:    -0.0765      Y:     0.0000      Z:     0.0000     Total:     0.0765

  Transition Dipole Moment: (Debye)
     X:    -0.1943      Y:     0.0000      Z:     0.0000     Total:     0.1943


  Dipole moments from AO integrals: -nan -nan -nan
  Mulliken Population Analysis of the Transition Dipole Moment:

  ===============================================================
   Initial     Final     mu(x)      mu(y)      mu(z)       |mu|
  ---------------------------------------------------------------
  ===============================================================


  ===============================================================

  Excited mixed state   : excitation energy = 10.542856 Eh = 286.8857 eV = 2313889.2 cm**-1 

  ==> Spin-adaptation correction using S+ <==
  Most important corresponding occupied/virtual orbitals:

  Pair  Irrep  MO  <phi_b|phi_a>
     0      A1    0    1.000000
     1      B2    0    0.073497
     2      A1    1    0.040125
     3      B1    0    0.034478
     4      A1    2    0.025905
     5      A1    3    0.014109
     6      A1    4    0.000452

  Original occupation numbers:
	NA   [     4,    0,    2,    1 ]
	NB   [     5,    0,    1,    1 ]

  Final occupation numbers:
	NA   [     5,    0,    2,    1 ]
	NB   [     4,    0,    1,    1 ]

  Triplet state energy (S+) 1-B1       -102.825624902 Eh 

  Singlet state energy (S+) 1-B1       -102.813704752 Eh 

  Excited triplet state 1-B1 : excitation energy (S+) = 10.536896 Eh = 286.7235 eV = 2312581.1 cm**-1 
  Excited singlet state 1-B1 : excitation energy (S+) = 10.548817 Eh = 287.0479 eV = 2315197.3 cm**-1 

  Transition Dipole Moment = (-0.076455,0.000000,0.000000)

   @Spin Contamination Metric:   2.009070903E+00
   @S^2 Expected:                0.000000000E+00
   @S^2 Observed:                2.009070903E+00
   @S   Expected:                0.000000000E+00
   @S   Observed:                0.000000000E+00


  Saved number of holes per irrep (n = 4): 0  0  0  0  
  Saved number of particles per irrep (n = 4): 0  0  0  0  

  Saving occupied orbitals to File 180.

       ==> OCDFT Excited State Information <==

    ----------------------------------------------------
      State       Energy (Eh)    Omega (eV)   Osc. Str.
    ----------------------------------------------------
     @OCDFT-0    -113.3625213      0.0000      0.0000
     @OCDFT-1    -102.8196648    287.0479      0.0411
    ----------------------------------------------------

*** PSI4 exiting successfully. Buy a developer a beer!
