    -----------------------------------------------------------------------
          Psi4: An Open-Source Ab Initio Electronic Structure Package
                              Psi4 0.4.114 Driver

                          Git: Rev {master} 13bf41b 

    J. M. Turney, A. C. Simmonett, R. M. Parrish, E. G. Hohenstein,
    F. A. Evangelista, J. T. Fermann, B. J. Mintz, L. A. Burns, J. J. Wilke,
    M. L. Abrams, N. J. Russ, M. L. Leininger, C. L. Janssen, E. T. Seidl,
    W. D. Allen, H. F. Schaefer, R. A. King, E. F. Valeev, C. D. Sherrill,
    and T. D. Crawford, WIREs Comput. Mol. Sci. 2, 556-565 (2012)
    (doi: 10.1002/wcms.93)

                         Additional Contributions by
    A. E. DePrince, M. Saitow, U. Bozkaya, A. Yu. Sokolov
    -----------------------------------------------------------------------


    Psi4 started on: Mon May 23 12:56:07 2016

    Process ID:  98048
    PSI4DATADIR: /Users/wderri2/Source/psi4/share
    Memory level set to 256.000 MB

  ==> Input File <==

--------------------------------------------------------------------------
#! OCDFT CPH algorithm test, B3LYP computation on ethene

import ocdft

refdft                = -78.59098798412917 #TEST
refocdft_singlet_spin = -78.322890378 #TEST
refocdft_triplet_spin = -78.422511639 #TEST

molecule {
0 1
H   0.000000   0.923274   1.238289
H   0.000000  -0.923274   1.238289
H   0.000000   0.923274  -1.238289
H   0.000000  -0.923274  -1.238289
C   0.000000   0.000000   0.668188
C   0.000000   0.000000  -0.668188
}

set {
  basis cc-pvdz
  df_basis_scf cc-pvdz-jkfit
  guess sad
  scf_type df
  reference uks
  e_convergence 11 
  d_convergence 6
}

set cdft {
  roots_per_irrep [0,0,0,0,0,1,0,0]
  cdft_exc_method chp
}

set dft_functional B3LYP

energy('ocdft')
compare_values(refdft, get_variable("DFT ENERGY"),8, "DFT energy") #TEST
compare_values(refocdft_singlet_spin, get_variable("OCDFT SINGLET ENERGY"),8, "OCDFT singlet energy") #TEST
compare_values(refocdft_triplet_spin, get_variable("OCDFT TRIPLET ENERGY"),8, "OCDFT triplet energy") #TEST
--------------------------------------------------------------------------
/Users/wderri2/Source/cdft/cdft.so loaded.

Reading options from the CDFT block
Calling plugin /Users/wderri2/Source/cdft/cdft.so.



  ==> Orthogonality Constrained DFT <==

         ---------------------------------------------------------
                                   SCF
            by Justin Turney, Rob Parrish, and Andy Simmonett
                              UKS Reference
                        1 Threads,    256 MiB Core
         ---------------------------------------------------------

  ==> Geometry <==

    Molecular point group: d2h
    Full point group: D2h

    Geometry (in Angstrom), charge = 0, multiplicity = 1:

       Center              X                  Y                   Z               Mass       
    ------------   -----------------  -----------------  -----------------  -----------------
           H         -0.000000000000     0.923274000000     1.238289000000     1.007825032070
           H          0.000000000000    -0.923274000000     1.238289000000     1.007825032070
           H         -0.000000000000     0.923274000000    -1.238289000000     1.007825032070
           H          0.000000000000    -0.923274000000    -1.238289000000     1.007825032070
           C          0.000000000000     0.000000000000     0.668188000000    12.000000000000
           C          0.000000000000     0.000000000000    -0.668188000000    12.000000000000

  Running in d2h symmetry.

  Rotational constants: A =      4.90558  B =      0.99768  C =      0.82907 [cm^-1]
  Rotational constants: A = 147065.51639  B =  29909.67957  C =  24854.79644 [MHz]
  Nuclear repulsion =   33.298097662285691

  Charge       = 0
  Multiplicity = 1
  Electrons    = 16
  Nalpha       = 8
  Nbeta        = 8

  ==> Algorithm <==

  SCF Algorithm Type is DF.
  DIIS enabled.
  MOM disabled.
  Fractional occupation disabled.
  Guess Type is SAD.
  Energy threshold   = 1.00e-11
  Density threshold  = 1.00e-06
  Integral threshold = 1.00e-12

  ==> Primary Basis <==

  Basis Set: CC-PVDZ
    Number of shells: 24
    Number of basis function: 48
    Number of Cartesian functions: 50
    Spherical Harmonics?: true
    Max angular momentum: 2

  ==> DFT Potential <==

   => B3LYP Composite Functional <= 

    B3LYP Hybrid-GGA Exchange-Correlation Functional

    P.J. Stephens et. al., J. Phys. Chem., 98, 11623-11627, 1994

    Points   =           5000
    Deriv    =              1
    GGA      =           TRUE
    Meta     =          FALSE

    X_LRC        =          FALSE
    X_Hybrid     =           TRUE
    X_Alpha      =   2.000000E-01
    X_Omega      =   0.000000E+00
    C_LRC        =          FALSE
    C_Hybrid     =          FALSE
    C_Alpha      =   0.000000E+00
    C_Omega      =   0.000000E+00

   => Exchange Functionals <=

    0.8000    B3_X
    0.2000      HF 

   => Correlation Functionals <=

    0.1900 VWN3RPA_C
    0.8100   LYP_C

   => Molecular Quadrature <=

    Radial Scheme    =       TREUTLER
    Pruning Scheme   =           FLAT
    Nuclear Scheme   =       TREUTLER

    BS radius alpha  =              1
    Pruning alpha    =              1
    Radial Points    =             75
    Spherical Points =            302
    Total Points     =         133224
    Total Blocks     =            124
    Max Points       =           4721
    Max Functions    =             48


  ==> Unrestricted Orthogonality Constrained DFT (OCDFT) <==

  ==> Pre-Iterations <==

   -------------------------------------------------------
    Irrep   Nso     Nmo     Nalpha   Nbeta   Ndocc  Nsocc
   -------------------------------------------------------
     Ag        11      11       0       0       0       0
     B1g        2       2       0       0       0       0
     B2g        4       4       0       0       0       0
     B3g        7       7       0       0       0       0
     Au         2       2       0       0       0       0
     B1u       11      11       0       0       0       0
     B2u        7       7       0       0       0       0
     B3u        4       4       0       0       0       0
   -------------------------------------------------------
    Total      48      48       8       8       8       0
   -------------------------------------------------------

  ==> Integral Setup <==

  ==> DFJK: Density-Fitted J/K Matrices <==

    J tasked:                  Yes
    K tasked:                  Yes
    wK tasked:                  No
    OpenMP threads:              1
    Integrals threads:           1
    Memory (MB):               183
    Algorithm:                Core
    Integral Cache:           NONE
    Schwarz Cutoff:          1E-12
    Fitting Condition:       1E-12

   => Auxiliary Basis Set <=

  Basis Set: CC-PVDZ-JKFIT
    Number of shells: 84
    Number of basis function: 232
    Number of Cartesian functions: 262
    Spherical Harmonics?: true
    Max angular momentum: 3

  Minimum eigenvalue in the overlap matrix is 4.8552890517E-03.
  Using Symmetric Orthogonalization.
  SCF Guess: Superposition of Atomic Densities via on-the-fly atomic UHF.

  ==> Iterations <==

                           Total Energy        Delta E     RMS |[F,P]|

   @DF-UKS iter   0:   -79.08015887491855   -7.90802e+01   5.93845e-02 
   @DF-UKS iter   1:   -78.53922945754778    5.40929e-01   1.98603e-02 
   @DF-UKS iter   2:   -78.53351372762830    5.71573e-03   1.02003e-02 DIIS
   @DF-UKS iter   3:   -78.59097816362083   -5.74644e-02   1.76022e-04 DIIS
   @DF-UKS iter   4:   -78.59098759106882   -9.42745e-06   2.99852e-05 DIIS
   @DF-UKS iter   5:   -78.59098797481937   -3.83751e-07   3.83596e-06 DIIS
   @DF-UKS iter   6:   -78.59098798410562   -9.28625e-09   3.03852e-07 DIIS
   @DF-UKS iter   7:   -78.59098798412914   -2.35190e-11   1.82756e-08 DIIS
   @DF-UKS iter   8:   -78.59098798412917   -2.84217e-14   3.07235e-09 DIIS

  ==> Post-Iterations <==

   @Spin Contamination Metric:  -3.552713679E-15
   @S^2 Expected:                0.000000000E+00
   @S^2 Observed:               -3.552713679E-15
   @S   Expected:                0.000000000E+00
   @S   Observed:                0.000000000E+00

    Orbital Energies (a.u.)
    -----------------------

    Alpha Occupied:                                                       

       1Ag   -10.188657     1B1u  -10.187883     2Ag    -0.759815  
       2B1u   -0.580420     1B2u   -0.467258     3Ag    -0.419290  
       1B3g   -0.355710     1B3u   -0.272927  

    Alpha Virtual:                                                        

       1B2g    0.006723     4Ag     0.081579     2B2u    0.105464  
       3B1u    0.113047     2B3g    0.185508     4B1u    0.310192  
       5Ag     0.406436     3B2u    0.424477     2B3u    0.478255  
       6Ag     0.498478     5B1u    0.550824     2B2g    0.567973  
       4B2u    0.646776     3B3g    0.679660     6B1u    0.723525  
       7Ag     0.804508     1B1g    0.904986     4B3g    1.014663  
       3B3u    1.018796     7B1u    1.022554     1Au     1.049866  
       8Ag     1.340410     5B3g    1.476536     5B2u    1.487681  
       3B2g    1.547808     8B1u    1.581091     9Ag     1.586098  
       6B2u    1.630985     2B1g    1.699322     4B3u    1.703700  
       9B1u    1.937594     4B2g    1.939778     2Au     2.076465  
       6B3g    2.113743    10Ag     2.208506    10B1u    2.329270  
      11Ag     2.373491     7B2u    2.456369    11B1u    2.771971  
       7B3g    3.040911  

    Beta Occupied:                                                        

       1Ag   -10.188657     1B1u  -10.187883     2Ag    -0.759815  
       2B1u   -0.580420     1B2u   -0.467258     3Ag    -0.419290  
       1B3g   -0.355710     1B3u   -0.272927  

    Beta Virtual:                                                         

       1B2g    0.006723     4Ag     0.081579     2B2u    0.105464  
       3B1u    0.113047     2B3g    0.185508     4B1u    0.310192  
       5Ag     0.406436     3B2u    0.424477     2B3u    0.478255  
       6Ag     0.498478     5B1u    0.550824     2B2g    0.567973  
       4B2u    0.646776     3B3g    0.679660     6B1u    0.723525  
       7Ag     0.804508     1B1g    0.904986     4B3g    1.014663  
       3B3u    1.018796     7B1u    1.022554     1Au     1.049866  
       8Ag     1.340410     5B3g    1.476536     5B2u    1.487681  
       3B2g    1.547808     8B1u    1.581091     9Ag     1.586098  
       6B2u    1.630985     2B1g    1.699322     4B3u    1.703700  
       9B1u    1.937594     4B2g    1.939778     2Au     2.076465  
       6B3g    2.113743    10Ag     2.208506    10B1u    2.329270  
      11Ag     2.373491     7B2u    2.456369    11B1u    2.771971  
       7B3g    3.040911  

    Final Occupation by Irrep:
             Ag   B1g   B2g   B3g    Au   B1u   B2u   B3u 
    DOCC [     3,    0,    0,    1,    0,    2,    1,    1 ]
    SOCC [     0,    0,    0,    0,    0,    0,    0,    0 ]

  Energy converged.

  @DF-UKS Final Energy:   -78.59098798412917

   => Energetics <=

    Nuclear Repulsion Energy =             33.2980976622856915
    One-Electron Energy =                -170.1546747182238164
    Two-Electron Energy =                  68.2161940437867429
    DFT Exchange-Correlation Energy =      -9.9506049719777927
    Empirical Dispersion Energy =           0.0000000000000000
    PCM Polarization Energy =               0.0000000000000000
    EFP Energy =                            0.0000000000000000
    Total Energy =                        -78.5909879841291712

    Alert: EFP and PCM quantities not currently incorporated into SCF psivars.

Properties will be evaluated at   0.000000,   0.000000,   0.000000 Bohr
  ==> Properties <==


Properties computed using the SCF density matrix

  Nuclear Dipole Moment: (a.u.)
     X:     0.0000      Y:     0.0000      Z:     0.0000

  Electronic Dipole Moment: (a.u.)
     X:     0.0000      Y:     0.0000      Z:     0.0000

  Dipole Moment: (a.u.)
     X:     0.0000      Y:     0.0000      Z:     0.0000     Total:     0.0000

  Dipole Moment: (Debye)
     X:     0.0000      Y:     0.0000      Z:     0.0000     Total:     0.0000


  Saving occupied orbitals to File 180.

  UHF NO Occupations:
  HONO-2 :    2 Ag 2.0000000
  HONO-1 :    2B1u 2.0000000
  HONO-0 :    3 Ag 2.0000000
  LUNO+0 :    4 Ag 0.0000000
  LUNO+1 :    3B1u 0.0000000
  LUNO+2 :    2B3u 0.0000000
  LUNO+3 :    5 Ag 0.0000000



  ==== Computing 1 state of symmetry 5 ====

         ---------------------------------------------------------
                                   SCF
            by Justin Turney, Rob Parrish, and Andy Simmonett
                              UKS Reference
                        1 Threads,    256 MiB Core
         ---------------------------------------------------------

  ==> Geometry <==

    Molecular point group: d2h
    Full point group: D2h

    Geometry (in Angstrom), charge = 0, multiplicity = 1:

       Center              X                  Y                   Z               Mass       
    ------------   -----------------  -----------------  -----------------  -----------------
           H         -0.000000000000     0.923274000000     1.238289000000     1.007825032070
           H          0.000000000000    -0.923274000000     1.238289000000     1.007825032070
           H         -0.000000000000     0.923274000000    -1.238289000000     1.007825032070
           H          0.000000000000    -0.923274000000    -1.238289000000     1.007825032070
           C          0.000000000000     0.000000000000     0.668188000000    12.000000000000
           C          0.000000000000     0.000000000000    -0.668188000000    12.000000000000

  Running in d2h symmetry.

  Rotational constants: A =      4.90558  B =      0.99768  C =      0.82907 [cm^-1]
  Rotational constants: A = 147065.51639  B =  29909.67957  C =  24854.79644 [MHz]
  Nuclear repulsion =   33.298097662285691

  Charge       = 0
  Multiplicity = 1
  Electrons    = 16
  Nalpha       = 8
  Nbeta        = 8

  ==> Algorithm <==

  SCF Algorithm Type is DF.
  DIIS enabled.
  MOM disabled.
  Fractional occupation disabled.
  Guess Type is SAD.
  Energy threshold   = 1.00e-11
  Density threshold  = 1.00e-06
  Integral threshold = 1.00e-12

  ==> Primary Basis <==

  Basis Set: CC-PVDZ
    Number of shells: 24
    Number of basis function: 48
    Number of Cartesian functions: 50
    Spherical Harmonics?: true
    Max angular momentum: 2

  ==> DFT Potential <==

   => B3LYP Composite Functional <= 

    B3LYP Hybrid-GGA Exchange-Correlation Functional

    P.J. Stephens et. al., J. Phys. Chem., 98, 11623-11627, 1994

    Points   =           5000
    Deriv    =              1
    GGA      =           TRUE
    Meta     =          FALSE

    X_LRC        =          FALSE
    X_Hybrid     =           TRUE
    X_Alpha      =   2.000000E-01
    X_Omega      =   0.000000E+00
    C_LRC        =          FALSE
    C_Hybrid     =          FALSE
    C_Alpha      =   0.000000E+00
    C_Omega      =   0.000000E+00

   => Exchange Functionals <=

    0.8000    B3_X
    0.2000      HF 

   => Correlation Functionals <=

    0.1900 VWN3RPA_C
    0.8100   LYP_C

   => Molecular Quadrature <=

    Radial Scheme    =       TREUTLER
    Pruning Scheme   =           FLAT
    Nuclear Scheme   =       TREUTLER

    BS radius alpha  =              1
    Pruning alpha    =              1
    Radial Points    =             75
    Spherical Points =            302
    Total Points     =         133224
    Total Blocks     =            124
    Max Points       =           4721
    Max Functions    =             48


  ==> Unrestricted Orthogonality Constrained DFT (OCDFT) <==


  ==> OCDFT Algorithm Details <==
  Excited State Type: VALENCE
  Total Number of Roots: 0
  Number of Roots Per Hole: 1
  Excited State Algorithm: 
  Projection Algorithm: H (Hole Projection)
  
  
    ==> Pre-Iterations <==

   -------------------------------------------------------
    Irrep   Nso     Nmo     Nalpha   Nbeta   Ndocc  Nsocc
   -------------------------------------------------------
     Ag        11      11       3       3       0       0
     B1g        2       2       0       0       0       0
     B2g        4       4       0       0       0       0
     B3g        7       7       1       1       0       0
     Au         2       2       0       0       0       0
     B1u       11      11       2       2       0       0
     B2u        7       7       1       1       0       0
     B3u        4       4       1       1       0       0
   -------------------------------------------------------
    Total      48      48       8       8       8       0
   -------------------------------------------------------

  ==> Integral Setup <==

  ==> DFJK: Density-Fitted J/K Matrices <==

    J tasked:                  Yes
    K tasked:                  Yes
    wK tasked:                  No
    OpenMP threads:              1
    Integrals threads:           1
    Memory (MB):               183
    Algorithm:                Core
    Integral Cache:           NONE
    Schwarz Cutoff:          1E-12
    Fitting Condition:       1E-12

   => Auxiliary Basis Set <=

  Basis Set: CC-PVDZ-JKFIT
    Number of shells: 84
    Number of basis function: 232
    Number of Cartesian functions: 262
    Spherical Harmonics?: true
    Max angular momentum: 3

  Minimum eigenvalue in the overlap matrix is 4.8552890517E-03.
  Using Symmetric Orthogonalization.


  ==> Chosen Hole/Particle pairs <==
  --------------------------------------
    N   Occupied     Virtual     E(eV)  
  --------------------------------------
    1      1B3u  ->    1B2g       7.610
    2      1B3g  ->    2B2u      12.549
    3      3Ag   ->    3B1u      14.486
    4      1B2u  ->    2B3g      17.763
    5      2B1u  ->    4Ag       18.014
    6      3Ag   ->    4B1u      19.850
    7      1B3g  ->    3B2u      21.230
    8      1B3u  ->    2B2g      22.882
    9      2Ag   ->    3B1u      23.752
   10      3Ag   ->    5B1u      26.398
  --------------------------------------
HOLE:      1B3u (-0.272927)
PARTICLE:   1B2g (+0.006723)
  ==> Iterations <==

                           Total Energy        Delta E     RMS |[F,P]|

HOLE:      1B3u (-0.236998)
PARTICLE:   1B2g (-0.074192)
   @DF-UKS iter   1:   -78.36936774631378   -2.69105e+01   4.36065e-03 
HOLE:      1B3u (-0.221654)
PARTICLE:   1B2g (-0.063187)
   @DF-UKS iter   2:   -78.37065027781760   -1.28253e-03   1.66214e-03 DIIS
HOLE:      1B3u (-0.219969)
PARTICLE:   1B2g (-0.063297)
   @DF-UKS iter   3:   -78.37264926988564   -1.99899e-03   2.59088e-04 DIIS
HOLE:      1B3u (-0.219716)
PARTICLE:   1B2g (-0.063215)
   @DF-UKS iter   4:   -78.37270017058559   -5.09007e-05   2.62495e-05 DIIS
HOLE:      1B3u (-0.219747)
PARTICLE:   1B2g (-0.063237)
   @DF-UKS iter   5:   -78.37270096992877   -7.99343e-07   3.87874e-06 DIIS
HOLE:      1B3u (-0.219756)
PARTICLE:   1B2g (-0.063244)
   @DF-UKS iter   6:   -78.37270100733022   -3.74014e-08   8.11828e-07 DIIS
HOLE:      1B3u (-0.219755)
PARTICLE:   1B2g (-0.063243)
   @DF-UKS iter   7:   -78.37270100886523   -1.53501e-09   9.96609e-08 DIIS
HOLE:      1B3u (-0.219755)
PARTICLE:   1B2g (-0.063243)
   @DF-UKS iter   8:   -78.37270100887963   -1.43956e-11   2.18943e-08 DIIS
HOLE:      1B3u (-0.219755)
PARTICLE:   1B2g (-0.063243)
   @DF-UKS iter   9:   -78.37270100888094   -1.30740e-12   1.35870e-09 DIIS

  ==> Post-Iterations <==

   @Spin Contamination Metric:   1.000360967E+00
   @S^2 Expected:                0.000000000E+00
   @S^2 Observed:                1.000360967E+00
   @S   Expected:                0.000000000E+00
   @S   Observed:                0.000000000E+00

    Orbital Energies (a.u.)
    -----------------------

    Alpha Occupied:                                                       

       1B2g -100.000000     1Ag   -10.196394     1B1u  -10.195758  
       2Ag    -0.771019     2B1u   -0.585809     1B2u   -0.475697  
       3Ag    -0.428759     1B3g   -0.359951  

    Alpha Virtual:                                                        

       4Ag     0.079058     2B2u    0.101145     3B1u    0.111814  
       2B3g    0.183845     4B1u    0.307796     5Ag     0.401744  
       3B2u    0.419609     1B3u    0.471564     6Ag     0.495082  
       5B1u    0.540249     2B2g    0.551794     4B2u    0.637752  
       3B3g    0.673554     6B1u    0.719271     7Ag     0.800662  
       1B1g    0.897579     7B1u    1.007905     4B3g    1.008145  
       2B3u    1.010862     1Au     1.040320     8Ag     1.332506  
       5B3g    1.475131     5B2u    1.484252     3B2g    1.542614  
       8B1u    1.574539     9Ag     1.578191     6B2u    1.623888  
       2B1g    1.694932     3B3u    1.697952     9B1u    1.927138  
       4B2g    1.930053     2Au     2.067078     6B3g    2.109415  
      10Ag     2.203441    10B1u    2.325721    11Ag     2.369962  
       7B2u    2.449862    11B1u    2.764959     7B3g    3.032907  
       4B3u  100.000000  

    Beta Occupied:                                                        

       1Ag   -10.195812     1B1u  -10.195037     2Ag    -0.785836  
       2B1u   -0.577275     1B2u   -0.476480     3Ag    -0.430673  
       1B3g   -0.358087     1B3u   -0.295273  

    Beta Virtual:                                                         

       1B2g    0.002033     4Ag     0.081107     2B2u    0.099775  
       3B1u    0.113303     2B3g    0.183913     4B1u    0.309215  
       5Ag     0.400204     3B2u    0.416104     2B3u    0.464399  
       6Ag     0.490928     5B1u    0.542818     2B2g    0.562509  
       4B2u    0.636139     3B3g    0.673668     6B1u    0.720935  
       7Ag     0.799635     1B1g    0.894100     3B3u    1.002797  
       4B3g    1.010178     7B1u    1.016086     1Au     1.047747  
       8Ag     1.323719     5B3g    1.477732     5B2u    1.485452  
       3B2g    1.545217     8B1u    1.572709     9Ag     1.578493  
       6B2u    1.620618     2B1g    1.688160     4B3u    1.700901  
       9B1u    1.931023     4B2g    1.937126     2Au     2.066340  
       6B3g    2.108912    10Ag     2.203338    10B1u    2.327067  
      11Ag     2.368673     7B2u    2.449547    11B1u    2.764506  
       7B3g    3.033616  

    Final Occupation by Irrep:
             Ag   B1g   B2g   B3g    Au   B1u   B2u   B3u 
    DOCC [     3,    0,    0,    1,    0,    2,    1,    0 ]
    SOCC [     0,    0,    1,    0,    0,    0,    0,    1 ]

  Energy converged.

  @DF-UKS Final Energy:   -78.37270100888094

   => Energetics <=

    Nuclear Repulsion Energy =             33.2980976622856915
    One-Electron Energy =                -169.7889421992750272
    Two-Electron Energy =                  68.0707108286176208
    DFT Exchange-Correlation Energy =      -9.9525673005092266
    Empirical Dispersion Energy =           0.0000000000000000
    PCM Polarization Energy =               0.0000000000000000
    EFP Energy =                            0.0000000000000000
    Total Energy =                        -78.3727010088809379

    Alert: EFP and PCM quantities not currently incorporated into SCF psivars.

Properties will be evaluated at   0.000000,   0.000000,   0.000000 Bohr
  ==> Properties <==


Properties computed using the SCF density matrix

  Nuclear Dipole Moment: (a.u.)
     X:     0.0000      Y:     0.0000      Z:     0.0000

  Electronic Dipole Moment: (a.u.)
     X:     0.0000      Y:     0.0000      Z:     0.0000

  Dipole Moment: (a.u.)
     X:     0.0000      Y:     0.0000      Z:     0.0000     Total:     0.0000

  Dipole Moment: (Debye)
     X:     0.0000      Y:     0.0000      Z:     0.0000     Total:     0.0000



  Analysis of the hole/particle MOs in terms of the ground state DFT MOs
  Hole:          0B3u =  100.0% 1B3u
  Particle:      0B2g =  100.0% 1B2g


  Computing transition dipole moments
  2 determinants stored
 det U = -1.000000, det V = -1.000000
 det U = -1.000000, det V = -1.000000
  Corresponding orbitals:
  A(alpha):  (7, 0)
  B(alpha):  (2, 0)
  s(alpha):  0.000000e+00
  A(beta):  
  B(beta):  
  s(beta):  
  Stilde = 0.998989


Properties will be evaluated at   0.000000,   0.000000,   0.000000 Bohr
  ==> Transition dipole moment computed with OCDFT <==


Properties computed using the OCDFT TRANSITION density matrix

  Transition Dipole Moment: (a.u.)
     X:     0.0000      Y:     0.0000      Z:    -2.6721     Total:     2.6721

  Transition Dipole Moment: (Debye)
     X:     0.0000      Y:     0.0000      Z:    -6.7919     Total:     6.7919


  Dipole moments from AO integrals: 0.0000 0.0000 -1.3854
    ==> Restricted Sum from Atomic Population Analysis of NTO contributions <==

   ===================================================================================
   Atomic Transition     PR%       |mu|%       |mu|     mu(x)      mu(y)      mu(z)  
   ===================================================================================
     C p --->  C p      99.37%      90.63   1.416354   0.000000   0.000000  -1.318840
     C d --->  C p       0.18%       2.07   0.032416   0.000000   0.000000   0.021156
     H p --->  C p       0.17%       2.83   0.044292   0.000000  -0.000000  -0.028822
     C p --->  H p       0.14%       2.25   0.035117   0.000000   0.000000  -0.029887
     C p --->  C d       0.14%       1.77   0.027667   0.000000   0.000000  -0.027667
     C d --->  H p       0.00%       0.07   0.001063   0.000000   0.000000   0.000988
     C d --->  C d       0.00%       0.09   0.001454   0.000000   0.000000   0.001454
     H p --->  C d       0.00%       0.07   0.001041   0.000000   0.000000  -0.000968
     H p --->  H p       0.00%       0.22   0.003387   0.000000   0.000000  -0.002716
   ===================================================================================


         ==> Mulliken Population Analysis of the Transition Dipole Moment <==

   =================================================================================
    Initial     Final     mu(x)      mu(y)      mu(z)       |mu|     PRnto     CT
   ---------------------------------------------------------------------------------
    6  C p    6  C p   0.000000   0.000000  -0.683799   0.683799     24.84%  0.136783
    6  C p    5  C p   0.000000   0.000000   0.024379   0.024379     24.84%  0.136783
    5  C p    6  C p   0.000000   0.000000   0.024379   0.024379     24.84%  0.136783
    5  C p    5  C p   0.000000   0.000000  -0.683799   0.683799     24.84%  0.136783
    6  C d    6  C p   0.000000   0.000000   0.013393   0.013393      0.04%  0.000242
    6  C d    5  C p   0.000000   0.000000  -0.002815   0.002815      0.04%  0.000242
    5  C d    6  C p   0.000000   0.000000  -0.002815   0.002815      0.04%  0.000242
    5  C d    5  C p   0.000000   0.000000   0.013393   0.013393      0.04%  0.000242
    6  C p    6  C d   0.000000   0.000000  -0.011436   0.011436      0.03%  0.000187
    5  C p    6  C d   0.000000   0.000000  -0.002398   0.002398      0.03%  0.000187
    5  C p    5  C d   0.000000   0.000000  -0.011436   0.011436      0.03%  0.000187
    6  C p    5  C d   0.000000   0.000000  -0.002398   0.002398      0.03%  0.000187
    4  H p    6  C p   0.000000  -0.005106  -0.008250   0.009702      0.02%  0.000120
    4  H p    5  C p  -0.000000   0.000888   0.001044   0.001371      0.02%  0.000120
    3  H p    6  C p  -0.000000   0.005106  -0.008250   0.009702      0.02%  0.000120
    3  H p    5  C p   0.000000  -0.000888   0.001044   0.001371      0.02%  0.000120
    2  H p    6  C p   0.000000  -0.000888   0.001044   0.001371      0.02%  0.000120
    2  H p    5  C p  -0.000000   0.005106  -0.008250   0.009702      0.02%  0.000120
    1  H p    6  C p  -0.000000   0.000888   0.001044   0.001371      0.02%  0.000120
    1  H p    5  C p   0.000000  -0.005106  -0.008250   0.009702      0.02%  0.000120
    6  C p    4  H p   0.000000  -0.004023  -0.006817   0.007916      0.02%  0.000096
    6  C p    3  H p  -0.000000   0.004023  -0.006817   0.007916      0.02%  0.000096
    6  C p    2  H p  -0.000000   0.000564  -0.000654   0.000864      0.02%  0.000096
    6  C p    1  H p   0.000000  -0.000564  -0.000654   0.000864      0.02%  0.000096
    5  C p    4  H p   0.000000  -0.000564  -0.000654   0.000864      0.02%  0.000096
    5  C p    3  H p  -0.000000   0.000564  -0.000654   0.000864      0.02%  0.000096
    5  C p    2  H p  -0.000000   0.004023  -0.006817   0.007916      0.02%  0.000096
    5  C p    1  H p   0.000000  -0.004023  -0.006817   0.007916      0.02%  0.000096
    6  C d    6  C d   0.000000   0.000000   0.000727   0.000727      0.00%  0.000000
    5  C d    5  C d   0.000000   0.000000   0.000727   0.000727      0.00%  0.000000
    6  C d    4  H p  -0.000000   0.000098   0.000247   0.000266      0.00%  0.000000
    6  C d    3  H p   0.000000  -0.000098   0.000247   0.000266      0.00%  0.000000
    5  C d    2  H p   0.000000  -0.000098   0.000247   0.000266      0.00%  0.000000
    5  C d    1  H p  -0.000000   0.000098   0.000247   0.000266      0.00%  0.000000
    4  H p    6  C d   0.000000  -0.000096  -0.000242   0.000260      0.00%  0.000000
    3  H p    6  C d  -0.000000   0.000096  -0.000242   0.000260      0.00%  0.000000
    2  H p    5  C d  -0.000000   0.000096  -0.000242   0.000260      0.00%  0.000000
    1  H p    5  C d   0.000000  -0.000096  -0.000242   0.000260      0.00%  0.000000
    4  H p    4  H p   0.000000  -0.000506  -0.000679   0.000847      0.00%  0.000000
    3  H p    3  H p  -0.000000   0.000506  -0.000679   0.000847      0.00%  0.000000
    2  H p    2  H p  -0.000000   0.000506  -0.000679   0.000847      0.00%  0.000000
    1  H p    1  H p   0.000000  -0.000506  -0.000679   0.000847      0.00%  0.000000
  ==================================================================================

  Excited mixed state   : excitation energy =  0.218287 Eh =   5.9399 eV =   47908.4 cm**-1 

  ==> Spin-adaptation correction using S+ <==

  Original occupation numbers:
	NA   [     3,    0,    1,    1,    0,    2,    1,    0 ]
	NB   [     3,    0,    0,    1,    0,    2,    1,    1 ]

  Final occupation numbers:
	NA   [     3,    0,    1,    1,    0,    2,    1,    1 ]
	NB   [     3,    0,    0,    1,    0,    2,    1,    0 ]

  Triplet state energy (S+) 1-B1u        -78.422511639 Eh 

  Singlet state energy (S+) 1-B1u        -78.322890378 Eh 

  Excited triplet state 1-B1u : excitation energy (S+) =  0.168476 Eh =   4.5845 eV =   36976.3 cm**-1 
  Excited singlet state 1-B1u : excitation energy (S+) =  0.268098 Eh =   7.2953 eV =   58840.6 cm**-1 

  Transition Dipole Moment = (0.000000,0.000000,-2.672126) 
    @Spin Contamination Metric:   2.000360967E+00
   @S^2 Expected:                0.000000000E+00
   @S^2 Observed:                2.000360967E+00
   @S   Expected:                0.000000000E+00
   @S   Observed:                0.000000000E+00


  Saved number of holes per irrep (n = 8): 0  0  0  0  0  0  0  0  

  Saving occupied orbitals to File 180.

  UHF NO Occupations:
  HONO-2 :    2B1u 1.9999647
  HONO-1 :    3 Ag 1.9998994
  HONO-0 :    1B3u 1.0000000
  LUNO+0 :    1B2g 1.0000000
  LUNO+1 :    4 Ag 0.0001006
  LUNO+2 :    3B1u 0.0000353
  LUNO+3 :    5 Ag 0.0000264


       ==> OCDFT Excited State Information <==

    ----------------------------------------------------------------------------------------------------------
      State       Energy (Eh)    Omega (eV)   Osc. Str.     Osc. Str. (x)  Osc. Str. (y)  Osc. Str. (z) 
    ----------------------------------------------------------------------------------------------------------
     _OCDFT-0     -78.5909880      0.0000     0.00000000     0.00000000     0.00000000     0.00000000 (Ground State)
     @OCDFT-0     -78.3727010      7.2953     1.27619025     0.00000000     0.00000000     1.27619025
    -----------------------------------------------------------------------------------------------------------
	DFT energy........................................................PASSED
	OCDFT singlet energy..............................................PASSED
	OCDFT triplet energy..............................................PASSED

*** PSI4 exiting successfully. Buy a developer a beer!
